// Jest Snapshot v1, https://goo.gl/fbAQLP

exports[`Nav renders correctly 1`] = `
.c35 {
  display: inline-block;
  color: inherit;
  cursor: pointer;
  padding: 0.1111111111111111rem 0.4444444444444444rem;
  margin: -0.1111111111111111rem -0.4444444444444444rem;
}

.c7 {
  flex: 0 0 auto;
  width: 0.2777777777777778rem;
  height: 0.2777777777777778rem;
  margin: 0 0.8333333333333334rem;
  border-radius: 50%;
  background: currentColor;
  opacity: 0.35;
}

.c5 {
  display: flex;
  align-items: center;
  flex: 0 0 auto;
  margin-right: 1.6666666666666667rem;
}

.c6 {
  flex: 0 0 auto;
  display: inline-block;
  line-height: 2.7777777777777777rem;
  transition: opacity 0.2s,transform 0.2s;
  cursor: pointer;
  letter-spacing: 0.022222222222222223rem;
  color: currentColor;
}

.c6:hover,
.c6:focus {
  opacity: 0.8;
}

.c6:active {
  transform: scale(0.95);
  opacity: 0.6;
}

.c16 {
  display: flex;
  align-items: center;
  flex: 1 1 auto;
}

.c17 {
  display: flex;
  margin-right: 1.1111111111111112rem;
  line-height: 2.7777777777777777rem;
  transition: opacity 0.2s,transform 0.2s;
  cursor: pointer;
}

.c17:last-child {
  margin-right: 0;
}

.c17:hover,
.c17:focus {
  opacity: 0.8;
}

.c17:active {
  transform: scale(0.95);
  opacity: 0.6;
}

.c17 svg path {
  fill: currentColor;
}

.c18.c18 {
  width: NaNrem;
  height: 1rem;
}

.c4 {
  display: inline-block;
  vertical-align: middle;
  box-sizing: border-box;
  background-position: center;
  background-size: contain;
  background-image: url(/nav-logo.png);
  width: 9.11111111111111rem;
  height: 2.2222222222222223rem;
}

.c24 {
  display: inline-block;
  vertical-align: middle;
  box-sizing: border-box;
  background-position: center;
  background-size: contain;
  background-image: url(/icon.png);
  width: 5.555555555555555rem;
  height: 1.6666666666666667rem;
}

.c22 svg {
  display: inline-block;
}

.c22 svg path {
  fill: currentColor;
}

.c21 {
  background: none;
  outline: none;
  border: none;
  background: rgba(0, 0, 0, 0.07);
  cursor: pointer;
  flex: 0 0 auto;
  height: 2.7777777777777777rem;
  padding: 0 0.5555555555555556rem;
  text-align: center;
  vertical-align: middle;
}

.c20+.c20 {
  padding-left: 0;
}

.c25 {
  background: none;
  outline: none;
  border: none;
  background: none;
  cursor: pointer;
  flex: 0 0 auto;
  height: 2.7777777777777777rem;
  padding: 0 0.5555555555555556rem;
  text-align: center;
  vertical-align: middle;
}

.c20+.c20 {
  padding-left: 0;
}

.c19 {
  display: none;
}

.c29 {
  position: absolute;
  top: 2.7777777777777777rem;
  left: 0;
  right: 0;
  height: 2.7777777777777777rem;
  display: flex;
  flex-wrap: nowrap;
  align-items: center;
  justify-content: space-between;
  padding: 0 1.1111111111111112rem;
  transition: height 0.1s;
  user-select: none;
  -webkit-overflow-scrolling: touch;
  overflow-x: scroll;
  overflow-y: hidden;
  background: #efefef;
  color: #868686;
}

.c23 {
  display: inline-block;
  vertical-align: center;
}

.c27 {
  transition: transform 0.2s;
  transform-origin: center center;
  transform: rotate(180deg);
}

.c30 {
  padding-right: 1.1111111111111112rem;
}

.c26.c26 {
  width: 1.5555555555555556rem;
  height: 1.5555555555555556rem;
}

.c28.c28 {
  width: 2rem;
  height: 2rem;
}

.c13 {
  display: flex;
  align-items: center;
  justify-content: flex-start;
  flex: 0 0 auto;
}

.c15 {
  background: none;
  outline: none;
  border: none;
  appearance: none;
  flex: 0 0 auto;
  width: 7.222222222222222rem;
  line-height: 1.6666666666666667rem;
  font-size: 0.8333333333333334rem;
  color: currentColor;
}

.c15 ::placeholder {
  color: currentColor;
  opacity: 0.5;
  transition: opacity 0.2s ease-in-out;
}

.c15 :focus ::placeholder {
  opacity: 0.8;
}

.c14 {
  background: none;
  outline: none;
  border: none;
  flex: 0 0 auto;
  background: none;
  outline: none;
  border: none;
  flex: 0 0 auto;
  margin-right: 0.2222222222222222rem;
  cursor: pointer;
  display: flex;
}

.c14:hover,
.c14:focus {
  opacity: 0.7;
  filter: drop-shadow(0 1px 2px rgba(0, 0, 0, 0.2));
}

.c14:active {
  background: rgba(0, 0, 0, 0.1);
}

.c0 {
  position: fixed;
  left: 0;
  box-sizing: border-box;
  z-index: 3;
  width: 100%;
  height: 2.7777777777777777rem;
  font-family: "Avenir Next",-apple-system,BlinkMacSystemFont,"Segoe UI",Helvetica,Arial,sans-serif,"Apple Color Emoji","Segoe UI Emoji","Segoe UI Symbol";
  font-size: 0.8333333333333334rem;
  font-weight: 500;
  background: rgb(33, 33, 33);
  transition: background 300ms ease-out;
  color: white;
  padding: 0;
}

.c2 {
  display: flex;
  align-items: center;
  justify-content: flex-start;
}

.c8 {
  display: flex;
  align-items: center;
  justify-content: flex-end;
}

.c1 {
  display: flex;
  align-items: center;
  padding: 0 1.1111111111111112rem;
  justify-content: space-between;
}

.c10 {
  width: 1.4444444444444444rem;
  height: 1.4444444444444444rem;
  color: white;
}

.c9 {
  display: none;
  color: currentColor;
}

.c11 {
  margin-right: 0.5555555555555556rem;
}

.c3 {
  display: inline-block;
  vertical-align: center;
  margin-right: 1.9444444444444444rem;
}

.c31 {
  position: fixed;
  transform: translateZ(0);
  display: block;
  z-index: 1;
  font-family: "Avenir Next",-apple-system,BlinkMacSystemFont,"Segoe UI",Helvetica,Arial,sans-serif,"Apple Color Emoji","Segoe UI Emoji","Segoe UI Symbol";
  left: 0;
  top: 2.7777777777777777rem;
  bottom: 0;
  right: auto;
  width: 16.666666666666668rem;
  background: #efefef;
  box-sizing: border-box;
  color: inherit;
  overflow-y: auto;
  transition: transform 150ms ease-out;
}

.c32 {
  display: block;
  box-sizing: border-box;
  height: 100%;
  padding-top: 3.3333333333333335rem;
}

.c33 {
  margin-bottom: 1.1111111111111112rem;
}

.c34 {
  display: block;
  margin: 0.5555555555555556rem 2.2222222222222223rem;
  font-weight: normal;
}

@media (min-width: 62.5em) {
  .c35 {
    border-radius: 0.16666666666666666rem;
  }

  .c35:hover {
    background: rgba(20, 20, 20, 0.1);
  }
}

@media (max-width: 62.5em) {
  .c19 {
    display: flex;
    align-items: center;
    justify-content: space-between;
    height: 2.7777777777777777rem;
  }
}

@media (max-width: 62.5em) {
  .c13 {
    display: block;
    padding: 0;
  }

  .c13 span.algolia-autocomplete {
    display: block!important;
  }

  .c13 span.ds-dropdown-menu::before {
    display: none;
  }
}

@media (max-width: 62.5em) {
  .c15 {
    padding: 0.5555555555555556rem 2.6666666666666665rem;
    display: block;
    width: 100%;
    background: rgb(33, 33, 33);
    color: white;
  }
}

@media (max-width: 62.5em) {
  .c14 {
    position: absolute;
    top: 0.5rem;
    left: 0.5555555555555556rem;
    height: 1.7777777777777777rem;
    display: flex;
    align-items: center;
    justify-content: center;
    width: 1.7777777777777777rem;
    z-index: 1;
    background: none;
    color: white;
  }
}

@media (max-width: 62.5em) {

}

@media (max-width: 62.5em) {
  .c12 {
    background: currentColor;
    overflow: auto;
    position: absolute;
    top: 0;
    left: 0;
    right: 0;
  }
}

@media (max-width: 62.5em) {
  .c9 {
    display: none;
  }

  .c9 button {
    cursor: pointer;
    padding: 0;
    position: fixed;
    right: 0.5555555555555556rem;
    top: 0.6111111111111112rem;
    border: none;
    z-index: 2;
  }
}

@media (max-width: 62.5em) {
  .c11 {
    position: fixed;
    top: 0;
    bottom: 0;
    left: 0;
    right: 0;
    z-index: 1;
    left: 0;
    display: none;
    background: #efefef;
    overflow-y: auto;
    margin: 0;
  }

  .c11 .algolia-autocomplete .ds-dropdown-menu {
    position: static!important;
    display: block;
    max-width: 100%;
    min-width: 0;
  }
}

<Nav>
  <div>
    <Navbar>
      <styled.nav>
        <nav
          className="c0"
        >
          <styled.div>
            <div
              className="c1"
            >
              <styled.div>
                <div
                  className="c2"
                >
                  <Styled(Link)>
                    <Link
                      className="c3"
                      href="/"
                      unstyled={true}
                    >
                      <Link
                        href="/"
                      >
                        <a
                          className="c3"
                          href="/"
                        >
                          <styled.div>
                            <div
                              className="c4"
                            />
                          </styled.div>
                        </a>
                      </Link>
                    </Link>
                  </Styled(Link)>
                  <NavLinks>
                    <styled.nav>
                      <nav
                        className="c5"
                      >
                        <Styled(Link)
                          href="/docs"
                        >
                          <Link
                            className="c6"
                            href="/docs"
                            unstyled={true}
                          >
                            <Link
                              href="/docs"
                            >
                              <a
                                className="c6"
                                href="/docs"
                              >
                                Documentation
                              </a>
                            </Link>
                          </Link>
                        </Styled(Link)>
                        <styled.span>
                          <span
                            className="c7"
                          />
                        </styled.span>
                        <Styled(Link)
                          href="/showcase"
                        >
                          <Link
                            className="c6"
                            href="/showcase"
                            unstyled={true}
                          >
                            <Link
                              href="/showcase"
                            >
                              <a
                                className="c6"
                                href="/showcase"
                              >
                                Showcase
                              </a>
                            </Link>
                          </Link>
                        </Styled(Link)>
                        <styled.span>
                          <span
                            className="c7"
                          />
                        </styled.span>
                        <Styled(Link)
                          href="/ecosystem"
                        >
                          <Link
                            className="c6"
                            href="/ecosystem"
                            unstyled={true}
                          >
                            <Link
                              href="/ecosystem"
                            >
                              <a
                                className="c6"
                                href="/ecosystem"
                              >
                                Ecosystem
                              </a>
                            </Link>
                          </Link>
                        </Styled(Link)>
                        <styled.span>
                          <span
                            className="c7"
                          />
                        </styled.span>
                        <Styled(Link)
                          href="/releases"
                        >
                          <Link
                            className="c6"
                            href="/releases"
                            unstyled={true}
                          >
                            <Link
                              href="/releases"
                            >
                              <a
                                className="c6"
                                href="/releases"
                              >
                                Releases
                              </a>
                            </Link>
                          </Link>
                        </Styled(Link)>
                      </nav>
                    </styled.nav>
                  </NavLinks>
                </div>
              </styled.div>
              <styled.div>
                <div
                  className="c8"
                >
                  <ModalContainer
                    isOpen={false}
                    requestModalClose={[Function]}
                  >
                    <styled.div
                      $isOpen={false}
                    >
                      <div
                        className="c9"
                      >
                        <button
                          onClick={[Function]}
                        >
                          <Styled(DummyIcon)>
                            <DummyIcon
                              className="c10"
                            >
                              <svg
                                className="c10"
                              />
                            </DummyIcon>
                          </Styled(DummyIcon)>
                        </button>
                      </div>
                    </styled.div>
                    <styled.div
                      $isOpen={false}
                      onClick={[Function]}
                    >
                      <div
                        className="c11"
                        onClick={[Function]}
                      >
                        <styled.div>
                          <div
                            className="c12"
                          >
                            <div>
                              <AlgoliaSearch
                                requestModalClose={[Function]}
                              >
                                <Search
                                  isDocs={false}
                                >
                                  <styled.form>
                                    <form
                                      className="c13"
                                    >
                                      <Memo(c) />
                                      <styled.label>
                                        <label
                                          className="c14"
                                          htmlFor="docs-search-input"
                                        >
                                          <Styled(DummyIcon)>
                                            <DummyIcon
                                              className=""
                                            >
                                              <svg
                                                className=""
                                              />
                                            </DummyIcon>
                                          </Styled(DummyIcon)>
                                        </label>
                                      </styled.label>
                                      <styled.input
                                        id="docs-search-input"
                                        placeholder="Search docs ..."
                                        type="search"
                                      >
                                        <input
                                          className="c15"
                                          id="docs-search-input"
                                          placeholder="Search docs ..."
                                          type="search"
                                        />
                                      </styled.input>
                                    </form>
                                  </styled.form>
                                </Search>
                              </AlgoliaSearch>
                            </div>
                          </div>
                        </styled.div>
                      </div>
                    </styled.div>
                  </ModalContainer>
                  <Styled(Social)>
                    <Social
                      className=""
                    >
                      <styled.nav
                        className=""
                      >
                        <nav
                          className="c16 "
                        >
                          <Styled(Link)
                            href="https://github.com/styled-components"
                          >
                            <Link
                              className="c17"
                              href="https://github.com/styled-components"
                              unstyled={true}
                            >
                              <Link
                                href="https://github.com/styled-components"
                              >
                                <a
                                  className="c17"
                                  href="https://github.com/styled-components"
                                >
                                  <styled.div
                                    as={[Function]}
                                    height="18"
                                  >
                                    <DummyIcon
                                      className="c18"
                                      height="18"
                                    >
                                      <svg
                                        className="c18"
                                        height="18"
                                      />
                                    </DummyIcon>
                                  </styled.div>
                                </a>
                              </Link>
                            </Link>
                          </Styled(Link)>
                          <Styled(Link)
                            href="https://medium.com/styled-components"
                          >
                            <Link
                              className="c17"
                              href="https://medium.com/styled-components"
                              unstyled={true}
                            >
                              <Link
                                href="https://medium.com/styled-components"
                              >
                                <a
                                  className="c17"
                                  href="https://medium.com/styled-components"
                                >
                                  <styled.div
                                    as={[Function]}
                                    height="18"
                                  >
                                    <DummyIcon
                                      className="c18"
                                      height="18"
                                    >
                                      <svg
                                        className="c18"
                                        height="18"
                                      />
                                    </DummyIcon>
                                  </styled.div>
                                </a>
                              </Link>
                            </Link>
                          </Styled(Link)>
                        </nav>
                      </styled.nav>
                    </Social>
                  </Styled(Social)>
                </div>
              </styled.div>
            </div>
          </styled.div>
          <MobileNavbar
            onSearchButtonClick={[Function]}
          >
            <styled.div>
              <div
                className="c19"
              >
                <styled.button
                  $active={true}
                >
                  <button
                    className="c20 c21"
                  >
                    <CloseIcon>
                      <styled.svg
                        height="15"
                        width="15"
                        xmlns="http://www.w3.org/2000/svg"
                        xmlnsXlink="http://www.w3.org/1999/xlink"
                      >
                        <svg
                          className="c22"
                          height="15"
                          width="15"
                          xmlns="http://www.w3.org/2000/svg"
                          xmlnsXlink="http://www.w3.org/1999/xlink"
                        >
                          <title>
                            close
                          </title>
                          <use
                            fill="#FFF"
                            transform="translate(1 1)"
                            xlinkHref="#close"
                          />
                          <defs>
                            <path
                              d="M-.7.7l13 13 1.4-1.4-13-13L-.7.7zm13-1.4l-13 13 1.4 1.4 13-13-1.4-1.4z"
                              id="close"
                            />
                          </defs>
                        </svg>
                      </styled.svg>
                    </CloseIcon>
                  </button>
                </styled.button>
                <Styled(Link)>
                  <Link
                    aria-label="styled components"
                    className="c23"
                    href="/"
                    unstyled={true}
                  >
                    <Link
                      href="/"
                    >
                      <a
                        aria-label="styled components"
                        className="c23"
                        href="/"
                      >
                        <styled.div
                          $compact={true}
                        >
                          <div
                            className="c24"
                          />
                        </styled.div>
                      </a>
                    </Link>
                  </Link>
                </Styled(Link)>
                <div>
                  <styled.button
                    onClick={[Function]}
                  >
                    <button
                      className="c20 c25"
                      onClick={[Function]}
                    >
                      <styled.div
                        as={[Function]}
                        size={28}
                      >
                        <DummyIcon
                          className="c26"
                          size={28}
                        >
                          <svg
                            className="c26"
                            size={28}
                          />
                        </DummyIcon>
                      </styled.div>
                    </button>
                  </styled.button>
                  <styled.button
                    $active={true}
                  >
                    <button
                      className="c20 c21"
                    >
                      <styled.div
                        $shouldRotate={true}
                      >
                        <div
                          className="c27"
                        >
                          <styled.div
                            size={36}
                          >
                            <div
                              className="c28"
                              size={36}
                            />
                          </styled.div>
                        </div>
                      </styled.div>
                    </button>
                  </styled.button>
                </div>
                <styled.div
                  $isOpen={true}
                >
                  <div
                    className="c29"
                  >
                    <NavLinks>
                      <styled.nav>
                        <nav
                          className="c5"
                        >
                          <Styled(Link)
                            href="/docs"
                          >
                            <Link
                              className="c6"
                              href="/docs"
                              unstyled={true}
                            >
                              <Link
                                href="/docs"
                              >
                                <a
                                  className="c6"
                                  href="/docs"
                                >
                                  Documentation
                                </a>
                              </Link>
                            </Link>
                          </Styled(Link)>
                          <styled.span>
                            <span
                              className="c7"
                            />
                          </styled.span>
                          <Styled(Link)
                            href="/showcase"
                          >
                            <Link
                              className="c6"
                              href="/showcase"
                              unstyled={true}
                            >
                              <Link
                                href="/showcase"
                              >
                                <a
                                  className="c6"
                                  href="/showcase"
                                >
                                  Showcase
                                </a>
                              </Link>
                            </Link>
                          </Styled(Link)>
                          <styled.span>
                            <span
                              className="c7"
                            />
                          </styled.span>
                          <Styled(Link)
                            href="/ecosystem"
                          >
                            <Link
                              className="c6"
                              href="/ecosystem"
                              unstyled={true}
                            >
                              <Link
                                href="/ecosystem"
                              >
                                <a
                                  className="c6"
                                  href="/ecosystem"
                                >
                                  Ecosystem
                                </a>
                              </Link>
                            </Link>
                          </Styled(Link)>
                          <styled.span>
                            <span
                              className="c7"
                            />
                          </styled.span>
                          <Styled(Link)
                            href="/releases"
                          >
                            <Link
                              className="c6"
                              href="/releases"
                              unstyled={true}
                            >
                              <Link
                                href="/releases"
                              >
                                <a
                                  className="c6"
                                  href="/releases"
                                >
                                  Releases
                                </a>
                              </Link>
                            </Link>
                          </Styled(Link)>
                        </nav>
                      </styled.nav>
                    </NavLinks>
                    <styled.div>
                      <div
                        className="c30"
                      >
                        <Social>
                          <styled.nav>
                            <nav
                              className="c16"
                            >
                              <Styled(Link)
                                href="https://github.com/styled-components"
                              >
                                <Link
                                  className="c17"
                                  href="https://github.com/styled-components"
                                  unstyled={true}
                                >
                                  <Link
                                    href="https://github.com/styled-components"
                                  >
                                    <a
                                      className="c17"
                                      href="https://github.com/styled-components"
                                    >
                                      <styled.div
                                        as={[Function]}
                                        height="18"
                                      >
                                        <DummyIcon
                                          className="c18"
                                          height="18"
                                        >
                                          <svg
                                            className="c18"
                                            height="18"
                                          />
                                        </DummyIcon>
                                      </styled.div>
                                    </a>
                                  </Link>
                                </Link>
                              </Styled(Link)>
                              <Styled(Link)
                                href="https://medium.com/styled-components"
                              >
                                <Link
                                  className="c17"
                                  href="https://medium.com/styled-components"
                                  unstyled={true}
                                >
                                  <Link
                                    href="https://medium.com/styled-components"
                                  >
                                    <a
                                      className="c17"
                                      href="https://medium.com/styled-components"
                                    >
                                      <styled.div
                                        as={[Function]}
                                        height="18"
                                      >
                                        <DummyIcon
                                          className="c18"
                                          height="18"
                                        >
                                          <svg
                                            className="c18"
                                            height="18"
                                          />
                                        </DummyIcon>
                                      </styled.div>
                                    </a>
                                  </Link>
                                </Link>
                              </Styled(Link)>
                            </nav>
                          </styled.nav>
                        </Social>
                      </div>
                    </styled.div>
                  </div>
                </styled.div>
              </div>
            </styled.div>
          </MobileNavbar>
        </nav>
      </styled.nav>
    </Navbar>
    <CaptureScroll>
      <styled.nav>
        <nav
          className="c31"
        >
          <withRouter(Unknown)>
            <Component
              router={null}
            >
              <styled.div>
                <div
                  className="c32"
                >
                  <Folder
                    isOpenDefault={null}
                    key="Basics"
                  >
                    <styled.div>
                      <div
                        className="c33"
                      >
                        <styled.h4
                          onClick={[Function]}
                        >
                          <h4
                            className="c34"
                            onClick={[Function]}
                          >
                            <Link
                              href="/docs/basics"
                            >
                              <Link
                                href="/docs/basics"
                              >
                                <styled.a
                                  href="/docs/basics"
                                >
                                  <a
                                    className="c35"
                                    href="/docs/basics"
                                  >
                                    Basics
                                  </a>
                                </styled.a>
                              </Link>
                            </Link>
                          </h4>
                        </styled.h4>
                      </div>
                    </styled.div>
                  </Folder>
                  <Folder
                    isOpenDefault={null}
                    key="Advanced"
                  >
                    <styled.div>
                      <div
                        className="c33"
                      >
                        <styled.h4
                          onClick={[Function]}
                        >
                          <h4
                            className="c34"
                            onClick={[Function]}
                          >
                            <Link
                              href="/docs/advanced"
                            >
                              <Link
                                href="/docs/advanced"
                              >
                                <styled.a
                                  href="/docs/advanced"
                                >
                                  <a
                                    className="c35"
                                    href="/docs/advanced"
                                  >
                                    Advanced
                                  </a>
                                </styled.a>
                              </Link>
                            </Link>
                          </h4>
                        </styled.h4>
                      </div>
                    </styled.div>
                  </Folder>
                  <Folder
                    isOpenDefault={null}
                    key="API Reference"
                  >
                    <styled.div>
                      <div
                        className="c33"
                      >
                        <styled.h4
                          onClick={[Function]}
                        >
                          <h4
                            className="c34"
                            onClick={[Function]}
                          >
                            <Link
                              href="/docs/api"
                            >
                              <Link
                                href="/docs/api"
                              >
                                <styled.a
                                  href="/docs/api"
                                >
                                  <a
                                    className="c35"
                                    href="/docs/api"
                                  >
                                    API Reference
                                  </a>
                                </styled.a>
                              </Link>
                            </Link>
                          </h4>
                        </styled.h4>
                      </div>
                    </styled.div>
                  </Folder>
                  <Folder
                    isOpenDefault={null}
                    key="Tooling"
                  >
                    <styled.div>
                      <div
                        className="c33"
                      >
                        <styled.h4
                          onClick={[Function]}
                        >
                          <h4
                            className="c34"
                            onClick={[Function]}
                          >
                            <Link
                              href="/docs/tooling"
                            >
                              <Link
                                href="/docs/tooling"
                              >
                                <styled.a
                                  href="/docs/tooling"
                                >
                                  <a
                                    className="c35"
                                    href="/docs/tooling"
                                  >
                                    Tooling
                                  </a>
                                </styled.a>
                              </Link>
                            </Link>
                          </h4>
                        </styled.h4>
                      </div>
                    </styled.div>
                  </Folder>
                  <Folder
                    isOpenDefault={null}
                    key="FAQs"
                  >
                    <styled.div>
                      <div
                        className="c33"
                      >
                        <styled.h4
                          onClick={[Function]}
                        >
                          <h4
                            className="c34"
                            onClick={[Function]}
                          >
                            <Link
                              href="/docs/faqs"
                            >
                              <Link
                                href="/docs/faqs"
                              >
                                <styled.a
                                  href="/docs/faqs"
                                >
                                  <a
                                    className="c35"
                                    href="/docs/faqs"
                                  >
                                    FAQs
                                  </a>
                                </styled.a>
                              </Link>
                            </Link>
                          </h4>
                        </styled.h4>
                      </div>
                    </styled.div>
                  </Folder>
                </div>
              </styled.div>
            </Component>
          </withRouter(Unknown)>
        </nav>
      </styled.nav>
    </CaptureScroll>
  </div>
</Nav>
`;
