// Jest Snapshot v1, https://goo.gl/fbAQLP

exports[`Nav renders correctly 1`] = `
.c26 {
  display: inline-block;
  color: inherit;
  cursor: pointer;
  padding: 0.1111111111111111rem 0.4444444444444444rem;
  margin: -0.1111111111111111rem -0.4444444444444444rem;
}

.c6 {
  background-image: url(/nav-logo.png);
  background-position: center;
  background-size: contain;
  box-sizing: border-box;
  display: inline-block;
  height: 2.2222222222222223rem;
  width: 9.11111111111111rem;
  vertical-align: middle;
}

.c3 {
  background: none;
  outline: none;
  border: none;
  background: transparent;
  cursor: pointer;
  flex: 0 0 auto;
  height: 3.3333333333333335rem;
  padding: 0 0.5555555555555556rem;
  text-align: center;
  transition: all 200ms ease-in-out;
  vertical-align: middle;
}

.c3:hover {
  filter: brightness(0.85);
}

.c3:active {
  filter: brightness(1);
}

.c2+.c2 {
  padding-left: 0;
}

.c4 svg {
  display: inline-block;
}

.c4 svg path {
  fill: currentColor;
}

.c12 {
  flex: 0 0 auto;
  width: 0.2777777777777778rem;
  height: 0.2777777777777778rem;
  margin: 0 0.8333333333333334rem;
  border-radius: 50%;
  background: currentColor;
  opacity: 0.35;
}

.c10 {
  display: flex;
  align-items: center;
  flex: 0 0 auto;
  margin-right: 1.6666666666666667rem;
}

.c11 {
  flex: 0 0 auto;
  display: inline-block;
  line-height: 3.3333333333333335rem;
  transition: opacity 0.2s,transform 0.2s;
  cursor: pointer;
  letter-spacing: 0.022222222222222223rem;
  color: currentColor;
}

.c11:hover,
.c11:focus {
  opacity: 0.8;
}

.c11:active {
  transform: scale(0.95);
  opacity: 0.6;
}

.c1 {
  display: none;
}

.c9 {
  position: absolute;
  top: 3.3333333333333335rem;
  left: 0;
  right: 0;
  height: 3.3333333333333335rem;
  -webkit-overflow-scrolling: touch;
  align-items: center;
  background: rgba(33, 33, 33, 0.9);
  backdrop-filter: blur(5px);
  color: #fff;
  display: flex;
  flex-wrap: nowrap;
  justify-content: center;
  overflow-x: overlay;
  overflow-y: hidden;
  padding: 0 1.1111111111111112rem;
  transition: height 0.1s;
  user-select: none;
}

.c5 {
  margin-right: auto;
  transform: translateY(-1px);
}

.c7 {
  transition: transform 0.2s;
  transform-origin: center center;
  transform: rotate(180deg);
}

.c8.c8 {
  width: 2rem;
  height: 2rem;
}

.c18 {
  display: flex;
  align-items: center;
  flex: 1 1 auto;
}

.c19 {
  display: flex;
  margin-right: 1.1111111111111112rem;
  line-height: 3.3333333333333335rem;
  transition: opacity 0.2s,transform 0.2s;
  cursor: pointer;
}

.c19:last-child {
  margin-right: 0;
}

.c19:hover,
.c19:focus {
  opacity: 0.8;
}

.c19:active {
  transform: scale(0.95);
  opacity: 0.6;
}

.c19 svg path {
  fill: currentColor;
}

.c20.c20 {
  width: NaNrem;
  height: 1rem;
}

.c0 {
  align-items: center;
  background-color: rgba(12, 13, 15, 0.7);
  backdrop-filter: blur(5px);
  -webkit-backdrop-filter: blur(5px);
  box-sizing: border-box;
  color: white;
  display: flex;
  flex-wrap: wrap;
  font-family: "Karla",-apple-system,BlinkMacSystemFont,"Segoe UI",Helvetica,Arial,sans-serif,"Apple Color Emoji","Segoe UI Emoji","Segoe UI Symbol";
  font-size: 0.8333333333333334rem;
  font-weight: 500;
  justify-content: center;
  height: 3.3333333333333335rem;
  left: 0;
  padding: 0;
  position: fixed;
  transition: background 300ms ease-out;
  width: 100%;
  z-index: 3;
}

.c14 {
  display: flex;
  align-items: center;
  justify-content: flex-start;
}

.c16 {
  display: flex;
  align-items: center;
  justify-content: flex-end;
}

.c17 {
  margin-left: auto;
  margin-right: 16px;
}

.c13 {
  display: flex;
  align-items: center;
  padding: 0 1.1111111111111112rem;
  justify-content: space-between;
}

.c15 {
  display: inline-block;
  vertical-align: center;
  margin-right: 1.9444444444444444rem;
}

.c21 {
  position: fixed;
  transform: translateZ(0);
  display: block;
  z-index: 1;
  font-family: "Karla",-apple-system,BlinkMacSystemFont,"Segoe UI",Helvetica,Arial,sans-serif,"Apple Color Emoji","Segoe UI Emoji","Segoe UI Symbol";
  left: 0;
  top: 3.3333333333333335rem;
  bottom: 0;
  right: auto;
  width: 16.666666666666668rem;
  background: #efefef;
  box-sizing: border-box;
  color: inherit;
  overflow-y: auto;
  transition: transform 150ms ease-out;
}

.c22 {
  display: block;
  box-sizing: border-box;
  height: 100%;
  padding-top: 3.3333333333333335rem;
}

.c23 {
  margin-bottom: 1.1111111111111112rem;
}

.c24 {
  display: block;
  margin: 0.5555555555555556rem 2.2222222222222223rem;
}

.c25 {
  display: block;
  margin: 0.5555555555555556rem 2.2222222222222223rem 0.5555555555555556rem 3.0555555555555554rem;
  font-size: 0.9rem;
  font-weight: normal;
}

@media (min-width: 62.5em) {
  .c26 {
    border-radius: 0.16666666666666666rem;
  }

  .c26:hover {
    background: rgba(20, 20, 20, 0.1);
  }
}

@media (max-width: 62.5em) {
  .c1 {
    align-items: center;
    display: flex;
    flex-grow: 1;
    height: 3.3333333333333335rem;
    justify-content: space-between;
    margin-left: 16px;
  }

  .c1 >.c2 {
    margin-left: -8px;
  }
}

@media (max-width: 62.5em) {
  .c17 {
    margin-right: 48px;
  }
}

@media (max-width: 62.5em) {

}

<div>
  <div>
    <nav
      class="c0"
    >
      <div
        class="c1"
      >
        <button
          class="c2 c3"
        >
          <svg
            class="c4"
            height="15"
            width="15"
            xmlns="http://www.w3.org/2000/svg"
            xmlns:xlink="http://www.w3.org/1999/xlink"
          >
            <title>
              close
            </title>
            <use
              fill="#FFF"
              transform="translate(1 1)"
              xlink:href="#close"
            />
            <defs>
              <path
                d="M-.7.7l13 13 1.4-1.4-13-13L-.7.7zm13-1.4l-13 13 1.4 1.4 13-13-1.4-1.4z"
                id="close"
              />
            </defs>
          </svg>
        </button>
        <a
          aria-label="styled components"
          class="c5"
          href="/"
        >
          <div
            class="c6"
          />
        </a>
        <button
          class="c2 c3"
          style="position: absolute; right: 0px;"
        >
          <div
            class="c7"
          >
            <div
              class="c8"
            />
          </div>
        </button>
        <div
          class="c9"
        >
          <nav
            class="c10"
          >
            <a
              class="c11"
              href="/docs"
            >
              Documentation
            </a>
            <span
              class="c12"
            />
            <a
              class="c11"
              href="/showcase"
            >
              Showcase
            </a>
            <span
              class="c12"
            />
            <a
              class="c11"
              href="/ecosystem"
            >
              Ecosystem
            </a>
            <span
              class="c12"
            />
            <a
              class="c11"
              href="/releases"
            >
              Releases
            </a>
          </nav>
        </div>
      </div>
      <div
        class="c13"
      >
        <div
          class="c14"
        >
          <a
            aria-label="Styled-components logo"
            class="c15"
            href="/"
          >
            <div
              class="c6"
            />
          </a>
          <nav
            class="c10"
          >
            <a
              class="c11"
              href="/docs"
            >
              Documentation
            </a>
            <span
              class="c12"
            />
            <a
              class="c11"
              href="/showcase"
            >
              Showcase
            </a>
            <span
              class="c12"
            />
            <a
              class="c11"
              href="/ecosystem"
            >
              Ecosystem
            </a>
            <span
              class="c12"
            />
            <a
              class="c11"
              href="/releases"
            >
              Releases
            </a>
          </nav>
        </div>
      </div>
      <div
        class="c16 c17"
      >
        <div
          id="docs-search-input"
        />
        <nav
          class="c18 "
          style="margin-left: 16px;"
        >
          <a
            class="c19"
            href="https://github.com/styled-components"
            rel="noopener"
            target="_blank"
            title="GitHub: Source code"
          >
            <svg
              class="c20"
            />
          </a>
        </nav>
      </div>
    </nav>
    <nav
      class="c21"
    >
      <div
        class="c22"
      >
        <div
          class="c23"
        >
          <h4
            class="c24"
          >
            Basics
          </h4>
          <h5
            class="c25"
          >
            <a
              class="c26"
              href="/docs/basics#motivation"
            >
              Motivation
            </a>
          </h5>
          <h5
            class="c25"
          >
            <a
              class="c26"
              href="/docs/basics#installation"
            >
              Installation
            </a>
          </h5>
          <h5
            class="c25"
          >
            <a
              class="c26"
              href="/docs/basics#getting-started"
            >
              Getting Started
            </a>
          </h5>
          <h5
            class="c25"
          >
            <a
              class="c26"
              href="/docs/basics#adapting-based-on-props"
            >
              Adapting based on props
            </a>
          </h5>
          <h5
            class="c25"
          >
            <a
              class="c26"
              href="/docs/basics#extending-styles"
            >
              Extending styles
            </a>
          </h5>
          <h5
            class="c25"
          >
            <a
              class="c26"
              href="/docs/basics#styling-any-component"
            >
              Styling any component
            </a>
          </h5>
          <h5
            class="c25"
          >
            <a
              class="c26"
              href="/docs/basics#passed-props"
            >
              Passed props
            </a>
          </h5>
          <h5
            class="c25"
          >
            <a
              class="c26"
              href="/docs/basics#coming-from-css"
            >
              Coming from CSS
            </a>
          </h5>
          <h5
            class="c25"
          >
            <a
              class="c26"
              href="/docs/basics#attaching-additional-props"
            >
              Attaching additional props
            </a>
          </h5>
          <h5
            class="c25"
          >
            <a
              class="c26"
              href="/docs/basics#animations"
            >
              Animations
            </a>
          </h5>
          <h5
            class="c25"
          >
            <a
              class="c26"
              href="/docs/basics#react-native"
            >
              React Native
            </a>
          </h5>
        </div>
        <div
          class="c23"
        >
          <h4
            class="c24"
          >
            Advanced
          </h4>
          <h5
            class="c25"
          >
            <a
              class="c26"
              href="/docs/advanced#theming"
            >
              Theming
            </a>
          </h5>
          <h5
            class="c25"
          >
            <a
              class="c26"
              href="/docs/advanced#refs"
            >
              Refs
            </a>
          </h5>
          <h5
            class="c25"
          >
            <a
              class="c26"
              href="/docs/advanced#security"
            >
              Security
            </a>
          </h5>
          <h5
            class="c25"
          >
            <a
              class="c26"
              href="/docs/advanced#existing-css"
            >
              Existing CSS
            </a>
          </h5>
          <h5
            class="c25"
          >
            <a
              class="c26"
              href="/docs/advanced#tagged-template-literals"
            >
              Tagged Template Literals
            </a>
          </h5>
          <h5
            class="c25"
          >
            <a
              class="c26"
              href="/docs/advanced#server-side-rendering"
            >
              Server Side Rendering
            </a>
          </h5>
          <h5
            class="c25"
          >
            <a
              class="c26"
              href="/docs/advanced#referring-to-other-components"
            >
              Referring to other components
            </a>
          </h5>
          <h5
            class="c25"
          >
            <a
              class="c26"
              href="/docs/advanced#style-objects"
            >
              Style Objects
            </a>
          </h5>
        </div>
        <div
          class="c23"
        >
          <h4
            class="c24"
          >
            API Reference
          </h4>
          <h5
            class="c25"
          >
            <a
              class="c26"
              href="/docs/api#primary"
            >
              Primary
            </a>
          </h5>
          <h5
            class="c25"
          >
            <a
              class="c26"
              href="/docs/api#helpers"
            >
              Helpers
            </a>
          </h5>
          <h5
            class="c25"
          >
            <a
              class="c26"
              href="/docs/api#test-utilities"
            >
              Test Utilities
            </a>
          </h5>
          <h5
            class="c25"
          >
            <a
              class="c26"
              href="/docs/api#supported-css"
            >
              Supported CSS
            </a>
          </h5>
          <h5
            class="c25"
          >
            <a
              class="c26"
              href="/docs/api#typescript"
            >
              TypeScript
            </a>
          </h5>
          <h5
            class="c25"
          >
            <a
              class="c26"
              href="/docs/api#previous-apis"
            >
              Previous APIs
            </a>
          </h5>
        </div>
        <div
          class="c23"
        >
          <h4
            class="c24"
          >
            Tooling
          </h4>
          <h5
            class="c25"
          >
            <a
              class="c26"
              href="/docs/tooling#babel-plugin"
            >
              Babel Plugin
            </a>
          </h5>
          <h5
            class="c25"
          >
            <a
              class="c26"
              href="/docs/tooling#swc-plugin"
            >
              SWC Plugin
            </a>
          </h5>
          <h5
            class="c25"
          >
            <a
              class="c26"
              href="/docs/tooling#typescript-plugin"
            >
              TypeScript Plugin
            </a>
          </h5>
          <h5
            class="c25"
          >
            <a
              class="c26"
              href="/docs/tooling#jest-integration"
            >
              Jest Integration
            </a>
          </h5>
          <h5
            class="c25"
          >
            <a
              class="c26"
              href="/docs/tooling#stylelint"
            >
              Stylelint
            </a>
          </h5>
          <h5
            class="c25"
          >
            <a
              class="c26"
              href="/docs/tooling#styled-theming"
            >
              Styled Theming
            </a>
          </h5>
          <h5
            class="c25"
          >
            <a
              class="c26"
              href="/docs/tooling#syntax-highlighting"
            >
              Syntax Highlighting
            </a>
          </h5>
        </div>
        <div
          class="c23"
        >
          <h4
            class="c24"
          >
            FAQs
          </h4>
          <h5
            class="c25"
          >
            <a
              class="c26"
              href="/docs/faqs#what-do-i-need-to-do-to-migrate-to-v6"
            >
              What do I need to do to migrate to v6?
            </a>
          </h5>
          <h5
            class="c25"
          >
            <a
              class="c26"
              href="/docs/faqs#what-do-i-need-to-do-to-migrate-to-v5"
            >
              What do I need to do to migrate to v5?
            </a>
          </h5>
          <h5
            class="c25"
          >
            <a
              class="c26"
              href="/docs/faqs#what-do-i-need-to-do-to-migrate-to-v4"
            >
              What do I need to do to migrate to v4?
            </a>
          </h5>
          <h5
            class="c25"
          >
            <a
              class="c26"
              href="/docs/faqs#can-i-nest-rules"
            >
              Can I nest rules?
            </a>
          </h5>
          <h5
            class="c25"
          >
            <a
              class="c26"
              href="/docs/faqs#can-i-use-css-frameworks"
            >
              Can I use css frameworks?
            </a>
          </h5>
          <h5
            class="c25"
          >
            <a
              class="c26"
              href="/docs/faqs#how-can-i-override-styles-with-higher-specificity"
            >
              How can I override styles with higher specificity?
            </a>
          </h5>
          <h5
            class="c25"
          >
            <a
              class="c26"
              href="/docs/faqs#how-can-i-override-inline-styles"
            >
              How can I override inline styles?
            </a>
          </h5>
          <h5
            class="c25"
          >
            <a
              class="c26"
              href="/docs/faqs#why-do-my-dom-nodes-have-two-classes"
            >
              Why do my DOM nodes have two classes?
            </a>
          </h5>
          <h5
            class="c25"
          >
            <a
              class="c26"
              href="/docs/faqs#when-to-use-attrs"
            >
              When to use attrs?
            </a>
          </h5>
          <h5
            class="c25"
          >
            <a
              class="c26"
              href="/docs/faqs#why-should-i-avoid-declaring-styled-components-in-the-render-method"
            >
              Why should I avoid declaring styled components in the render method?
            </a>
          </h5>
          <h5
            class="c25"
          >
            <a
              class="c26"
              href="/docs/faqs#i-am-a-library-author.-should-i-bundle-styled-components-with-my-library"
            >
              I am a library author. Should I bundle styled-components with my library?
            </a>
          </h5>
          <h5
            class="c25"
          >
            <a
              class="c26"
              href="/docs/faqs#why-am-i-getting-a-warning-about-several-instances-of-module-on-the-page"
            >
              Why am I getting a warning about several instances of module on the page?
            </a>
          </h5>
          <h5
            class="c25"
          >
            <a
              class="c26"
              href="/docs/faqs#why-am-i-getting-html-attribute-warnings"
            >
              Why am I getting HTML attribute warnings?
            </a>
          </h5>
          <h5
            class="c25"
          >
            <a
              class="c26"
              href="/docs/faqs#which-browsers-are-supported"
            >
              Which browsers are supported?
            </a>
          </h5>
          <h5
            class="c25"
          >
            <a
              class="c26"
              href="/docs/faqs#how-do-i-use-styled-components-with-create-react-app"
            >
              How do I use styled-components with create-react-app?
            </a>
          </h5>
          <h5
            class="c25"
          >
            <a
              class="c26"
              href="/docs/faqs#how-can-i-fix-issues-when-using-npm-link-or-yarn-link"
            >
              How can I fix issues when using npm link or yarn link?
            </a>
          </h5>
          <h5
            class="c25"
          >
            <a
              class="c26"
              href="/docs/faqs#how-do-i-fix-flickering-text-after-server-side-rendering"
            >
              How do I fix flickering text after server side rendering?
            </a>
          </h5>
          <h5
            class="c25"
          >
            <a
              class="c26"
              href="/docs/faqs#missing-declarations-for-styled-componentsnative"
            >
              Missing Declarations for styled-components/native?
            </a>
          </h5>
        </div>
      </div>
    </nav>
  </div>
</div>
`;
