// Jest Snapshot v1, https://goo.gl/fbAQLP

exports[`Nav renders correctly 1`] = `
.c40 {
  display: inline-block;
  color: inherit;
  cursor: pointer;
  padding: 0.1111111111111111rem 0.4444444444444444rem;
  margin: -0.1111111111111111rem -0.4444444444444444rem;
}

.c8 {
  -webkit-flex: 0 0 auto;
  -ms-flex: 0 0 auto;
  flex: 0 0 auto;
  width: 0.2777777777777778rem;
  height: 0.2777777777777778rem;
  margin: 0 0.8333333333333334rem;
  border-radius: 50%;
  background: currentColor;
  opacity: 0.35;
}

.c6 {
  display: -webkit-box;
  display: -webkit-flex;
  display: -ms-flexbox;
  display: flex;
  -webkit-align-items: center;
  -webkit-box-align: center;
  -ms-flex-align: center;
  align-items: center;
  -webkit-flex: 0 0 auto;
  -ms-flex: 0 0 auto;
  flex: 0 0 auto;
  margin-right: 1.6666666666666667rem;
}

.c7 {
  -webkit-flex: 0 0 auto;
  -ms-flex: 0 0 auto;
  flex: 0 0 auto;
  display: inline-block;
  line-height: 2.7777777777777777rem;
  -webkit-transition: opacity 0.2s,-webkit-transform 0.2s;
  -webkit-transition: opacity 0.2s,transform 0.2s;
  transition: opacity 0.2s,transform 0.2s;
  cursor: pointer;
  -webkit-letter-spacing: 0.022222222222222223rem;
  -moz-letter-spacing: 0.022222222222222223rem;
  -ms-letter-spacing: 0.022222222222222223rem;
  letter-spacing: 0.022222222222222223rem;
  color: currentColor;
}

.c7:hover,
.c7:focus {
  opacity: 0.8;
}

.c7:active {
  -webkit-transform: scale(0.95);
  -ms-transform: scale(0.95);
  transform: scale(0.95);
  opacity: 0.6;
}

.c20 {
  display: -webkit-box;
  display: -webkit-flex;
  display: -ms-flexbox;
  display: flex;
  -webkit-align-items: center;
  -webkit-box-align: center;
  -ms-flex-align: center;
  align-items: center;
  -webkit-flex: 1 1 auto;
  -ms-flex: 1 1 auto;
  flex: 1 1 auto;
}

.c21 {
  display: -webkit-box;
  display: -webkit-flex;
  display: -ms-flexbox;
  display: flex;
  margin-right: 1.1111111111111112rem;
  line-height: 2.7777777777777777rem;
  -webkit-transition: opacity 0.2s,-webkit-transform 0.2s;
  -webkit-transition: opacity 0.2s,transform 0.2s;
  transition: opacity 0.2s,transform 0.2s;
  cursor: pointer;
}

.c21:last-child {
  margin-right: 0;
}

.c21:hover,
.c21:focus {
  opacity: 0.8;
}

.c21:active {
  -webkit-transform: scale(0.95);
  -ms-transform: scale(0.95);
  transform: scale(0.95);
  opacity: 0.6;
}

.c21 svg path {
  fill: currentColor;
}

.c22 {
  width: 0.7777777777777778rem;
  height: 0.7777777777777778rem;
}

.c23.c23 {
  width: NaNrem;
  height: 1rem;
}

.c5 {
  display: inline-block;
  vertical-align: middle;
  box-sizing: border-box;
  background-position: center;
  background-size: contain;
  background-image: url(/nav-logo.png);
  width: 9.11111111111111rem;
  height: 2.2222222222222223rem;
}

.c29 {
  display: inline-block;
  vertical-align: middle;
  box-sizing: border-box;
  background-position: center;
  background-size: contain;
  background-image: url(/icon.png);
  width: 5.555555555555555rem;
  height: 1.6666666666666667rem;
}

.c27 svg {
  display: inline-block;
}

.c27 svg path {
  fill: currentColor;
}

.c26 {
  background: none;
  outline: none;
  border: none;
  background: rgba(0,0,0,0.07);
  cursor: pointer;
  -webkit-flex: 0 0 auto;
  -ms-flex: 0 0 auto;
  flex: 0 0 auto;
  height: 2.7777777777777777rem;
  padding: 0 0.5555555555555556rem;
  text-align: center;
  vertical-align: middle;
}

.c26 + .c25 {
  padding-left: 0;
}

.c30 {
  background: none;
  outline: none;
  border: none;
  background: none;
  cursor: pointer;
  -webkit-flex: 0 0 auto;
  -ms-flex: 0 0 auto;
  flex: 0 0 auto;
  height: 2.7777777777777777rem;
  padding: 0 0.5555555555555556rem;
  text-align: center;
  vertical-align: middle;
}

.c30 + .c25 {
  padding-left: 0;
}

.c24 {
  display: none;
}

.c34 {
  position: absolute;
  top: 2.7777777777777777rem;
  left: 0;
  right: 0;
  height: 2.7777777777777777rem;
  display: -webkit-box;
  display: -webkit-flex;
  display: -ms-flexbox;
  display: flex;
  -webkit-flex-wrap: nowrap;
  -ms-flex-wrap: nowrap;
  flex-wrap: nowrap;
  -webkit-align-items: center;
  -webkit-box-align: center;
  -ms-flex-align: center;
  align-items: center;
  -webkit-box-pack: justify;
  -webkit-justify-content: space-between;
  -ms-flex-pack: justify;
  justify-content: space-between;
  padding: 0 1.1111111111111112rem;
  -webkit-transition: height 0.1s;
  transition: height 0.1s;
  -webkit-user-select: none;
  -moz-user-select: none;
  -ms-user-select: none;
  user-select: none;
  -webkit-overflow-scrolling: touch;
  overflow-x: scroll;
  overflow-y: hidden;
  background: #efefef;
  color: #868686;
}

.c28 {
  display: inline-block;
  vertical-align: center;
}

.c32 {
  -webkit-transition: -webkit-transform 0.2s;
  -webkit-transition: transform 0.2s;
  transition: transform 0.2s;
  -webkit-transform-origin: center center;
  -ms-transform-origin: center center;
  transform-origin: center center;
  -webkit-transform: rotate(180deg);
  -ms-transform: rotate(180deg);
  transform: rotate(180deg);
}

.c35 {
  padding-right: 1.1111111111111112rem;
}

.c31.c31 {
  width: 1.5555555555555556rem;
  height: 1.5555555555555556rem;
}

.c33.c33 {
  width: 2rem;
  height: 2rem;
}

.c15 {
  display: -webkit-box;
  display: -webkit-flex;
  display: -ms-flexbox;
  display: flex;
  -webkit-align-items: center;
  -webkit-box-align: center;
  -ms-flex-align: center;
  align-items: center;
  -webkit-box-pack: start;
  -webkit-justify-content: flex-start;
  -ms-flex-pack: start;
  justify-content: flex-start;
  -webkit-flex: 0 0 auto;
  -ms-flex: 0 0 auto;
  flex: 0 0 auto;
}

.c18 {
  background: none;
  outline: none;
  border: none;
  -webkit-appearance: none;
  -moz-appearance: none;
  appearance: none;
  -webkit-flex: 0 0 auto;
  -ms-flex: 0 0 auto;
  flex: 0 0 auto;
  width: 7.222222222222222rem;
  line-height: 1.6666666666666667rem;
  font-size: 0.8333333333333334rem;
  color: currentColor;
}

.c18::-webkit-input-placeholder {
  color: currentColor;
  opacity: 0.5;
  -webkit-transition: opacity 0.2s ease-in-out;
  transition: opacity 0.2s ease-in-out;
}

.c18::-moz-placeholder {
  color: currentColor;
  opacity: 0.5;
  -webkit-transition: opacity 0.2s ease-in-out;
  transition: opacity 0.2s ease-in-out;
}

.c18:-ms-input-placeholder {
  color: currentColor;
  opacity: 0.5;
  -webkit-transition: opacity 0.2s ease-in-out;
  transition: opacity 0.2s ease-in-out;
}

.c18::placeholder {
  color: currentColor;
  opacity: 0.5;
  -webkit-transition: opacity 0.2s ease-in-out;
  transition: opacity 0.2s ease-in-out;
}

.c18:focus::-webkit-input-placeholder {
  opacity: 0.8;
}

.c18:focus::-moz-placeholder {
  opacity: 0.8;
}

.c18:focus:-ms-input-placeholder {
  opacity: 0.8;
}

.c18:focus::placeholder {
  opacity: 0.8;
}

.c16 {
  background: none;
  outline: none;
  border: none;
  -webkit-flex: 0 0 auto;
  -ms-flex: 0 0 auto;
  flex: 0 0 auto;
  background: none;
  outline: none;
  border: none;
  -webkit-flex: 0 0 auto;
  -ms-flex: 0 0 auto;
  flex: 0 0 auto;
  margin-right: 0.2222222222222222rem;
  cursor: pointer;
  display: -webkit-box;
  display: -webkit-flex;
  display: -ms-flexbox;
  display: flex;
}

.c16:hover,
.c16:focus {
  opacity: 0.7;
  -webkit-filter: drop-shadow(0 1px 2px rgba(0,0,0,0.2));
  filter: drop-shadow(0 1px 2px rgba(0,0,0,0.2));
}

.c16:active {
  background: rgba(0,0,0,0.1);
}

.c16 .c17 {
  width: 1.4444444444444444rem;
  height: 1.4444444444444444rem;
}

.c0 {
  position: fixed;
  left: 0;
  box-sizing: border-box;
  z-index: 3;
  width: 100%;
  height: 2.7777777777777777rem;
  font-family: "Avenir Next",-apple-system,BlinkMacSystemFont,"Segoe UI",Helvetica,Arial,sans-serif,"Apple Color Emoji","Segoe UI Emoji","Segoe UI Symbol";
  font-size: 0.8333333333333334rem;
  font-weight: 500;
  background: rgb(219,112,147);
  -webkit-transition: background 300ms ease-out;
  transition: background 300ms ease-out;
  color: white;
  padding: 0;
}

.c3 {
  display: -webkit-box;
  display: -webkit-flex;
  display: -ms-flexbox;
  display: flex;
  -webkit-align-items: center;
  -webkit-box-align: center;
  -ms-flex-align: center;
  align-items: center;
  -webkit-box-pack: start;
  -webkit-justify-content: flex-start;
  -ms-flex-pack: start;
  justify-content: flex-start;
}

.c10 {
  display: -webkit-box;
  display: -webkit-flex;
  display: -ms-flexbox;
  display: flex;
  -webkit-align-items: center;
  -webkit-box-align: center;
  -ms-flex-align: center;
  align-items: center;
  -webkit-box-pack: end;
  -webkit-justify-content: flex-end;
  -ms-flex-pack: end;
  justify-content: flex-end;
}

.c1 {
  display: -webkit-box;
  display: -webkit-flex;
  display: -ms-flexbox;
  display: flex;
  -webkit-align-items: center;
  -webkit-box-align: center;
  -ms-flex-align: center;
  align-items: center;
  padding: 0 1.1111111111111112rem;
  -webkit-box-pack: justify;
  -webkit-justify-content: space-between;
  -ms-flex-pack: justify;
  justify-content: space-between;
}

.c12 {
  width: 1.4444444444444444rem;
  height: 1.4444444444444444rem;
  color: white;
}

.c11 {
  display: none;
  color: currentColor;
}

.c13 {
  margin-right: 0.5555555555555556rem;
}

.c4 {
  display: inline-block;
  vertical-align: center;
  margin-right: 1.9444444444444444rem;
}

.c36 {
  position: fixed;
  -webkit-transform: translateZ(0);
  -ms-transform: translateZ(0);
  transform: translateZ(0);
  display: block;
  z-index: 1;
  font-family: "Avenir Next",-apple-system,BlinkMacSystemFont,"Segoe UI",Helvetica,Arial,sans-serif,"Apple Color Emoji","Segoe UI Emoji","Segoe UI Symbol";
  left: 0;
  top: 2.7777777777777777rem;
  bottom: 0;
  right: auto;
  width: 16.666666666666668rem;
  background: #efefef;
  box-sizing: border-box;
  color: inherit;
  overflow-y: auto;
  -webkit-transition: -webkit-transform 150ms ease-out;
  -webkit-transition: transform 150ms ease-out;
  transition: transform 150ms ease-out;
}

.c37 {
  display: block;
  box-sizing: border-box;
  height: 100%;
  padding-top: 1.3888888888888888rem;
}

.c38 {
  margin-bottom: 1.1111111111111112rem;
}

.c39 {
  display: block;
  margin: 0.5555555555555556rem 2.2222222222222223rem;
  font-weight: normal;
}

@media (min-width:62.5em) {
  .c40 {
    border-radius: 0.16666666666666666rem;
  }

  .c40:hover {
    background: rgba(20,20,20,0.1);
  }
}

@media (max-width:62.5em) {
  .c24 {
    display: -webkit-box;
    display: -webkit-flex;
    display: -ms-flexbox;
    display: flex;
    -webkit-align-items: center;
    -webkit-box-align: center;
    -ms-flex-align: center;
    align-items: center;
    -webkit-box-pack: justify;
    -webkit-justify-content: space-between;
    -ms-flex-pack: justify;
    justify-content: space-between;
    height: 2.7777777777777777rem;
  }
}

@media (max-width:62.5em) {
  .c15 {
    display: block;
    padding: 0;
  }

  .c15 span.algolia-autocomplete {
    display: block !important;
  }

  .c15 span.ds-dropdown-menu::before {
    display: none;
  }
}

@media (max-width:62.5em) {
  .c18 {
    padding: 0.5555555555555556rem 2.6666666666666665rem;
    display: block;
    width: 100%;
    background: rgb(219,112,147);
    color: white;
  }
}

@media (max-width:62.5em) {
  .c16 {
    position: absolute;
    top: 0.5rem;
    left: 0.5555555555555556rem;
    height: 1.7777777777777777rem;
    display: -webkit-box;
    display: -webkit-flex;
    display: -ms-flexbox;
    display: flex;
    -webkit-align-items: center;
    -webkit-box-align: center;
    -ms-flex-align: center;
    align-items: center;
    -webkit-box-pack: center;
    -webkit-justify-content: center;
    -ms-flex-pack: center;
    justify-content: center;
    width: 1.7777777777777777rem;
    z-index: 1;
    background: none;
    color: white;
  }
}

@media (max-width:62.5em) {
  .c1 .c2,
  .c1 .c9 .c19 {
    display: none;
  }
}

@media (max-width:62.5em) {
  .c14 {
    background: currentColor;
    overflow: auto;
    position: absolute;
    top: 0;
    left: 0;
    right: 0;
  }
}

@media (max-width:62.5em) {
  .c11 {
    display: none;
  }

  .c11 button {
    cursor: pointer;
    padding: 0;
    position: fixed;
    right: 0.5555555555555556rem;
    top: 0.6111111111111112rem;
    border: none;
    z-index: 2;
  }
}

@media (max-width:62.5em) {
  .c13 {
    position: fixed;
    top: 0;
    bottom: 0;
    left: 0;
    right: 0;
    z-index: 1;
    left: 0;
    display: none;
    background: #efefef;
    overflow-y: auto;
    margin: 0;
  }

  .c13 .algolia-autocomplete .ds-dropdown-menu {
    position: static !important;
    display: block;
    max-width: 100%;
    min-width: 0;
  }
}

@media (max-width:62.5em) {

}

<Nav>
  <div>
    <Navbar>
      <styled.nav>
        <nav
          className="c0"
        >
          <styled.div>
            <div
              className="c1"
            >
              <styled.div>
                <div
                  className="c2 c3"
                >
                  <Styled(Link)>
                    <Link
                      className="c4"
                      href="/"
                      unstyled={true}
                    >
                      <Link
                        href="/"
                      >
                        <a
                          className="c4"
                          href="/"
                        >
                          <styled.div>
                            <div
                              className="c5"
                            />
                          </styled.div>
                        </a>
                      </Link>
                    </Link>
                  </Styled(Link)>
                  <NavLinks>
                    <styled.nav>
                      <nav
                        className="c6"
                      >
                        <Styled(Link)
                          href="/docs"
                        >
                          <Link
                            className="c7"
                            href="/docs"
                            unstyled={true}
                          >
                            <Link
                              href="/docs"
                            >
                              <a
                                className="c7"
                                href="/docs"
                              >
                                Documentation
                              </a>
                            </Link>
                          </Link>
                        </Styled(Link)>
                        <styled.span>
                          <span
                            className="c8"
                          />
                        </styled.span>
                        <Styled(Link)
                          href="/showcase"
                        >
                          <Link
                            className="c7"
                            href="/showcase"
                            unstyled={true}
                          >
                            <Link
                              href="/showcase"
                            >
                              <a
                                className="c7"
                                href="/showcase"
                              >
                                Showcase
                              </a>
                            </Link>
                          </Link>
                        </Styled(Link)>
                        <styled.span>
                          <span
                            className="c8"
                          />
                        </styled.span>
                        <Styled(Link)
                          href="/ecosystem"
                        >
                          <Link
                            className="c7"
                            href="/ecosystem"
                            unstyled={true}
                          >
                            <Link
                              href="/ecosystem"
                            >
                              <a
                                className="c7"
                                href="/ecosystem"
                              >
                                Ecosystem
                              </a>
                            </Link>
                          </Link>
                        </Styled(Link)>
                        <styled.span>
                          <span
                            className="c8"
                          />
                        </styled.span>
                        <Styled(Link)
                          href="/releases"
                        >
                          <Link
                            className="c7"
                            href="/releases"
                            unstyled={true}
                          >
                            <Link
                              href="/releases"
                            >
                              <a
                                className="c7"
                                href="/releases"
                              >
                                Releases
                              </a>
                            </Link>
                          </Link>
                        </Styled(Link)>
                      </nav>
                    </styled.nav>
                  </NavLinks>
                </div>
              </styled.div>
              <styled.div>
                <div
                  className="c9 c10"
                >
                  <ModalContainer
                    isOpen={false}
                    requestModalClose={[Function]}
                  >
                    <styled.div
                      isOpen={false}
                    >
                      <div
                        className="c11"
                      >
                        <button
                          onClick={[Function]}
                        >
                          <Styled(DummyIcon)>
                            <DummyIcon
                              className="c12"
                            >
                              <svg
                                className="c12"
                              />
                            </DummyIcon>
                          </Styled(DummyIcon)>
                        </button>
                      </div>
                    </styled.div>
                    <styled.div
                      isOpen={false}
                      onClick={[Function]}
                    >
                      <div
                        className="c13"
                        onClick={[Function]}
                      >
                        <styled.div>
                          <div
                            className="c14"
                          >
                            <div>
                              <AlgoliaSearch
                                requestModalClose={[Function]}
                              >
                                <Search
                                  isDocs={false}
                                >
                                  <styled.form>
                                    <form
                                      className="c15"
                                    >
                                      <Memo(GlobalStyleComponent) />
                                      <styled.label>
                                        <label
                                          className="c16"
                                          htmlFor="docs-search-input"
                                        >
                                          <Styled(DummyIcon)>
                                            <DummyIcon
                                              className="c17 "
                                            >
                                              <svg
                                                className="c17 "
                                              />
                                            </DummyIcon>
                                          </Styled(DummyIcon)>
                                        </label>
                                      </styled.label>
                                      <styled.input
                                        id="docs-search-input"
                                        placeholder="Search docs ..."
                                        type="search"
                                      >
                                        <input
                                          className="c18"
                                          id="docs-search-input"
                                          placeholder="Search docs ..."
                                          type="search"
                                        />
                                      </styled.input>
                                    </form>
                                  </styled.form>
                                </Search>
                              </AlgoliaSearch>
                            </div>
                          </div>
                        </styled.div>
                      </div>
                    </styled.div>
                  </ModalContainer>
                  <Styled(Social)>
                    <Social
                      className="c19 "
                    >
                      <styled.nav
                        className="c19 "
                      >
                        <nav
                          className="c20 c19 "
                        >
                          <Styled(Link)
                            href="https://spectrum.chat/styled-components/"
                          >
                            <Link
                              className="c21"
                              href="https://spectrum.chat/styled-components/"
                              unstyled={true}
                            >
                              <Link
                                href="https://spectrum.chat/styled-components/"
                              >
                                <a
                                  className="c21"
                                  href="https://spectrum.chat/styled-components/"
                                >
                                  <Spectrum>
                                    <styled.svg
                                      height="14"
                                      viewBox="0 0 15 15"
                                      width="14"
                                    >
                                      <svg
                                        className="c22"
                                        height="14"
                                        viewBox="0 0 15 15"
                                        width="14"
                                      >
                                        <title>
                                          spectrum
                                        </title>
                                        <path
                                          d="M0 6.5V1c0-.6.4-1 1-1 9 .3 13.7 5 14 14 0 .6-.4 1-1 1H8.5c-.6 0-1-.4-1-1-.3-4.4-2-6.2-6.5-6.5-.6 0-1-.4-1-1z"
                                          fill="#FFF"
                                        />
                                      </svg>
                                    </styled.svg>
                                  </Spectrum>
                                </a>
                              </Link>
                            </Link>
                          </Styled(Link)>
                          <Styled(Link)
                            href="https://github.com/styled-components"
                          >
                            <Link
                              className="c21"
                              href="https://github.com/styled-components"
                              unstyled={true}
                            >
                              <Link
                                href="https://github.com/styled-components"
                              >
                                <a
                                  className="c21"
                                  href="https://github.com/styled-components"
                                >
                                  <styled.div
                                    as={[Function]}
                                    height="18"
                                  >
                                    <DummyIcon
                                      className="c23"
                                      height="18"
                                    >
                                      <svg
                                        className="c23"
                                        height="18"
                                      />
                                    </DummyIcon>
                                  </styled.div>
                                </a>
                              </Link>
                            </Link>
                          </Styled(Link)>
                          <Styled(Link)
                            href="https://medium.com/styled-components"
                          >
                            <Link
                              className="c21"
                              href="https://medium.com/styled-components"
                              unstyled={true}
                            >
                              <Link
                                href="https://medium.com/styled-components"
                              >
                                <a
                                  className="c21"
                                  href="https://medium.com/styled-components"
                                >
                                  <styled.div
                                    as={[Function]}
                                    height="18"
                                  >
                                    <DummyIcon
                                      className="c23"
                                      height="18"
                                    >
                                      <svg
                                        className="c23"
                                        height="18"
                                      />
                                    </DummyIcon>
                                  </styled.div>
                                </a>
                              </Link>
                            </Link>
                          </Styled(Link)>
                        </nav>
                      </styled.nav>
                    </Social>
                  </Styled(Social)>
                </div>
              </styled.div>
            </div>
          </styled.div>
          <MobileNavbar
            onSearchButtonClick={[Function]}
          >
            <styled.div>
              <div
                className="c24"
              >
                <styled.button
                  active={true}
                >
                  <button
                    className="c25 c26"
                  >
                    <CloseIcon>
                      <styled.svg
                        height="15"
                        width="15"
                        xmlns="http://www.w3.org/2000/svg"
                        xmlnsXlink="http://www.w3.org/1999/xlink"
                      >
                        <svg
                          className="c27"
                          height="15"
                          width="15"
                          xmlns="http://www.w3.org/2000/svg"
                          xmlnsXlink="http://www.w3.org/1999/xlink"
                        >
                          <title>
                            close
                          </title>
                          <use
                            fill="#FFF"
                            transform="translate(1 1)"
                            xlinkHref="#close"
                          />
                          <defs>
                            <path
                              d="M-.7.7l13 13 1.4-1.4-13-13L-.7.7zm13-1.4l-13 13 1.4 1.4 13-13-1.4-1.4z"
                              id="close"
                            />
                          </defs>
                        </svg>
                      </styled.svg>
                    </CloseIcon>
                  </button>
                </styled.button>
                <Styled(Link)>
                  <Link
                    aria-label="styled components"
                    className="c28"
                    href="/"
                    unstyled={true}
                  >
                    <Link
                      href="/"
                    >
                      <a
                        aria-label="styled components"
                        className="c28"
                        href="/"
                      >
                        <styled.div
                          compact={true}
                        >
                          <div
                            className="c29"
                          />
                        </styled.div>
                      </a>
                    </Link>
                  </Link>
                </Styled(Link)>
                <div>
                  <styled.button
                    onClick={[Function]}
                  >
                    <button
                      className="c25 c30"
                      onClick={[Function]}
                    >
                      <styled.div
                        as={[Function]}
                        size={28}
                      >
                        <DummyIcon
                          className="c31"
                          size={28}
                        >
                          <svg
                            className="c31"
                            size={28}
                          />
                        </DummyIcon>
                      </styled.div>
                    </button>
                  </styled.button>
                  <styled.button
                    active={true}
                  >
                    <button
                      className="c25 c26"
                    >
                      <styled.div
                        shouldRotate={true}
                      >
                        <div
                          className="c32"
                        >
                          <styled.div
                            size={36}
                          >
                            <div
                              className="c33"
                              size={36}
                            />
                          </styled.div>
                        </div>
                      </styled.div>
                    </button>
                  </styled.button>
                </div>
                <styled.div
                  isOpen={true}
                >
                  <div
                    className="c34"
                  >
                    <NavLinks>
                      <styled.nav>
                        <nav
                          className="c6"
                        >
                          <Styled(Link)
                            href="/docs"
                          >
                            <Link
                              className="c7"
                              href="/docs"
                              unstyled={true}
                            >
                              <Link
                                href="/docs"
                              >
                                <a
                                  className="c7"
                                  href="/docs"
                                >
                                  Documentation
                                </a>
                              </Link>
                            </Link>
                          </Styled(Link)>
                          <styled.span>
                            <span
                              className="c8"
                            />
                          </styled.span>
                          <Styled(Link)
                            href="/showcase"
                          >
                            <Link
                              className="c7"
                              href="/showcase"
                              unstyled={true}
                            >
                              <Link
                                href="/showcase"
                              >
                                <a
                                  className="c7"
                                  href="/showcase"
                                >
                                  Showcase
                                </a>
                              </Link>
                            </Link>
                          </Styled(Link)>
                          <styled.span>
                            <span
                              className="c8"
                            />
                          </styled.span>
                          <Styled(Link)
                            href="/ecosystem"
                          >
                            <Link
                              className="c7"
                              href="/ecosystem"
                              unstyled={true}
                            >
                              <Link
                                href="/ecosystem"
                              >
                                <a
                                  className="c7"
                                  href="/ecosystem"
                                >
                                  Ecosystem
                                </a>
                              </Link>
                            </Link>
                          </Styled(Link)>
                          <styled.span>
                            <span
                              className="c8"
                            />
                          </styled.span>
                          <Styled(Link)
                            href="/releases"
                          >
                            <Link
                              className="c7"
                              href="/releases"
                              unstyled={true}
                            >
                              <Link
                                href="/releases"
                              >
                                <a
                                  className="c7"
                                  href="/releases"
                                >
                                  Releases
                                </a>
                              </Link>
                            </Link>
                          </Styled(Link)>
                        </nav>
                      </styled.nav>
                    </NavLinks>
                    <styled.div>
                      <div
                        className="c35"
                      >
                        <Social>
                          <styled.nav>
                            <nav
                              className="c20"
                            >
                              <Styled(Link)
                                href="https://spectrum.chat/styled-components/"
                              >
                                <Link
                                  className="c21"
                                  href="https://spectrum.chat/styled-components/"
                                  unstyled={true}
                                >
                                  <Link
                                    href="https://spectrum.chat/styled-components/"
                                  >
                                    <a
                                      className="c21"
                                      href="https://spectrum.chat/styled-components/"
                                    >
                                      <Spectrum>
                                        <styled.svg
                                          height="14"
                                          viewBox="0 0 15 15"
                                          width="14"
                                        >
                                          <svg
                                            className="c22"
                                            height="14"
                                            viewBox="0 0 15 15"
                                            width="14"
                                          >
                                            <title>
                                              spectrum
                                            </title>
                                            <path
                                              d="M0 6.5V1c0-.6.4-1 1-1 9 .3 13.7 5 14 14 0 .6-.4 1-1 1H8.5c-.6 0-1-.4-1-1-.3-4.4-2-6.2-6.5-6.5-.6 0-1-.4-1-1z"
                                              fill="#FFF"
                                            />
                                          </svg>
                                        </styled.svg>
                                      </Spectrum>
                                    </a>
                                  </Link>
                                </Link>
                              </Styled(Link)>
                              <Styled(Link)
                                href="https://github.com/styled-components"
                              >
                                <Link
                                  className="c21"
                                  href="https://github.com/styled-components"
                                  unstyled={true}
                                >
                                  <Link
                                    href="https://github.com/styled-components"
                                  >
                                    <a
                                      className="c21"
                                      href="https://github.com/styled-components"
                                    >
                                      <styled.div
                                        as={[Function]}
                                        height="18"
                                      >
                                        <DummyIcon
                                          className="c23"
                                          height="18"
                                        >
                                          <svg
                                            className="c23"
                                            height="18"
                                          />
                                        </DummyIcon>
                                      </styled.div>
                                    </a>
                                  </Link>
                                </Link>
                              </Styled(Link)>
                              <Styled(Link)
                                href="https://medium.com/styled-components"
                              >
                                <Link
                                  className="c21"
                                  href="https://medium.com/styled-components"
                                  unstyled={true}
                                >
                                  <Link
                                    href="https://medium.com/styled-components"
                                  >
                                    <a
                                      className="c21"
                                      href="https://medium.com/styled-components"
                                    >
                                      <styled.div
                                        as={[Function]}
                                        height="18"
                                      >
                                        <DummyIcon
                                          className="c23"
                                          height="18"
                                        >
                                          <svg
                                            className="c23"
                                            height="18"
                                          />
                                        </DummyIcon>
                                      </styled.div>
                                    </a>
                                  </Link>
                                </Link>
                              </Styled(Link)>
                            </nav>
                          </styled.nav>
                        </Social>
                      </div>
                    </styled.div>
                  </div>
                </styled.div>
              </div>
            </styled.div>
          </MobileNavbar>
        </nav>
      </styled.nav>
    </Navbar>
    <CaptureScroll>
      <styled.nav>
        <nav
          className="c36"
        >
          <withRouter(Unknown)>
            <Component
              router={null}
            >
              <styled.div>
                <div
                  className="c37"
                >
                  <Folder
                    isOpenDefault={null}
                    key="Basics"
                  >
                    <styled.div>
                      <div
                        className="c38"
                      >
                        <styled.h4
                          onClick={[Function]}
                        >
                          <h4
                            className="c39"
                            onClick={[Function]}
                          >
                            <Link
                              href="/docs/basics"
                            >
                              <Link
                                href="/docs/basics"
                              >
                                <styled.a
                                  href="/docs/basics"
                                >
                                  <a
                                    className="c40"
                                    href="/docs/basics"
                                  >
                                    Basics
                                  </a>
                                </styled.a>
                              </Link>
                            </Link>
                          </h4>
                        </styled.h4>
                      </div>
                    </styled.div>
                  </Folder>
                  <Folder
                    isOpenDefault={null}
                    key="Advanced"
                  >
                    <styled.div>
                      <div
                        className="c38"
                      >
                        <styled.h4
                          onClick={[Function]}
                        >
                          <h4
                            className="c39"
                            onClick={[Function]}
                          >
                            <Link
                              href="/docs/advanced"
                            >
                              <Link
                                href="/docs/advanced"
                              >
                                <styled.a
                                  href="/docs/advanced"
                                >
                                  <a
                                    className="c40"
                                    href="/docs/advanced"
                                  >
                                    Advanced
                                  </a>
                                </styled.a>
                              </Link>
                            </Link>
                          </h4>
                        </styled.h4>
                      </div>
                    </styled.div>
                  </Folder>
                  <Folder
                    isOpenDefault={null}
                    key="API Reference"
                  >
                    <styled.div>
                      <div
                        className="c38"
                      >
                        <styled.h4
                          onClick={[Function]}
                        >
                          <h4
                            className="c39"
                            onClick={[Function]}
                          >
                            <Link
                              href="/docs/api"
                            >
                              <Link
                                href="/docs/api"
                              >
                                <styled.a
                                  href="/docs/api"
                                >
                                  <a
                                    className="c40"
                                    href="/docs/api"
                                  >
                                    API Reference
                                  </a>
                                </styled.a>
                              </Link>
                            </Link>
                          </h4>
                        </styled.h4>
                      </div>
                    </styled.div>
                  </Folder>
                  <Folder
                    isOpenDefault={null}
                    key="Tooling"
                  >
                    <styled.div>
                      <div
                        className="c38"
                      >
                        <styled.h4
                          onClick={[Function]}
                        >
                          <h4
                            className="c39"
                            onClick={[Function]}
                          >
                            <Link
                              href="/docs/tooling"
                            >
                              <Link
                                href="/docs/tooling"
                              >
                                <styled.a
                                  href="/docs/tooling"
                                >
                                  <a
                                    className="c40"
                                    href="/docs/tooling"
                                  >
                                    Tooling
                                  </a>
                                </styled.a>
                              </Link>
                            </Link>
                          </h4>
                        </styled.h4>
                      </div>
                    </styled.div>
                  </Folder>
                  <Folder
                    isOpenDefault={null}
                    key="FAQs"
                  >
                    <styled.div>
                      <div
                        className="c38"
                      >
                        <styled.h4
                          onClick={[Function]}
                        >
                          <h4
                            className="c39"
                            onClick={[Function]}
                          >
                            <Link
                              href="/docs/faqs"
                            >
                              <Link
                                href="/docs/faqs"
                              >
                                <styled.a
                                  href="/docs/faqs"
                                >
                                  <a
                                    className="c40"
                                    href="/docs/faqs"
                                  >
                                    FAQs
                                  </a>
                                </styled.a>
                              </Link>
                            </Link>
                          </h4>
                        </styled.h4>
                      </div>
                    </styled.div>
                  </Folder>
                </div>
              </styled.div>
            </Component>
          </withRouter(Unknown)>
        </nav>
      </styled.nav>
    </CaptureScroll>
  </div>
</Nav>
`;
