// Jest Snapshot v1, https://goo.gl/fbAQLP

exports[`Nav renders correctly 1`] = `
.c26 {
  display: inline-block;
  color: inherit;
  cursor: pointer;
  padding: 0.1111111111111111rem 0.4444444444444444rem;
  margin: -0.1111111111111111rem -0.4444444444444444rem;
}

.c6 {
  display: inline-block;
  vertical-align: middle;
  box-sizing: border-box;
  background-position: center;
  background-size: contain;
  background-image: url(/icon.png);
  width: 5.555555555555555rem;
  height: 1.6666666666666667rem;
}

.c20 {
  display: inline-block;
  vertical-align: middle;
  box-sizing: border-box;
  background-position: center;
  background-size: contain;
  background-image: url(/nav-logo.png);
  width: 9.11111111111111rem;
  height: 2.2222222222222223rem;
}

.c3 {
  background: none;
  outline: none;
  border: none;
  background: rgba(0, 0, 0, 0.07);
  cursor: pointer;
  flex: 0 0 auto;
  height: 3.3333333333333335rem;
  padding: 0 0.5555555555555556rem;
  text-align: center;
  vertical-align: middle;
}

.c2+.c2 {
  padding-left: 0;
}

.c4 svg {
  display: inline-block;
}

.c4 svg path {
  fill: currentColor;
}

.c12 {
  flex: 0 0 auto;
  width: 0.2777777777777778rem;
  height: 0.2777777777777778rem;
  margin: 0 0.8333333333333334rem;
  border-radius: 50%;
  background: currentColor;
  opacity: 0.35;
}

.c10 {
  display: flex;
  align-items: center;
  flex: 0 0 auto;
  margin-right: 1.6666666666666667rem;
}

.c11 {
  flex: 0 0 auto;
  display: inline-block;
  line-height: 3.3333333333333335rem;
  transition: opacity 0.2s,transform 0.2s;
  cursor: pointer;
  letter-spacing: 0.022222222222222223rem;
  color: currentColor;
}

.c11:hover,
.c11:focus {
  opacity: 0.8;
}

.c11:active {
  transform: scale(0.95);
  opacity: 0.6;
}

.c14 {
  display: flex;
  align-items: center;
  flex: 1 1 auto;
}

.c15 {
  display: flex;
  margin-right: 1.1111111111111112rem;
  line-height: 3.3333333333333335rem;
  transition: opacity 0.2s,transform 0.2s;
  cursor: pointer;
}

.c15:last-child {
  margin-right: 0;
}

.c15:hover,
.c15:focus {
  opacity: 0.8;
}

.c15:active {
  transform: scale(0.95);
  opacity: 0.6;
}

.c15 svg path {
  fill: currentColor;
}

.c16.c16 {
  width: NaNrem;
  height: 1rem;
}

.c1 {
  display: none;
}

.c9 {
  position: absolute;
  top: 3.3333333333333335rem;
  left: 0;
  right: 0;
  height: 3.3333333333333335rem;
  display: flex;
  flex-wrap: nowrap;
  align-items: center;
  justify-content: space-between;
  padding: 0 1.1111111111111112rem;
  transition: height 0.1s;
  user-select: none;
  -webkit-overflow-scrolling: touch;
  overflow-x: scroll;
  overflow-y: hidden;
  background: #efefef;
  color: #868686;
}

.c5 {
  display: inline-block;
  vertical-align: center;
}

.c7 {
  transition: transform 0.2s;
  transform-origin: center center;
  transform: rotate(180deg);
}

.c13 {
  padding-right: 1.1111111111111112rem;
}

.c8.c8 {
  width: 2rem;
  height: 2rem;
}

.c0 {
  align-items: center;
  background-color: rgba(12, 13, 15, 0.7);
  backdrop-filter: blur(5px);
  box-sizing: border-box;
  color: white;
  display: flex;
  flex-wrap: wrap;
  font-family: "Avenir Next",-apple-system,BlinkMacSystemFont,"Segoe UI",Helvetica,Arial,sans-serif,"Apple Color Emoji","Segoe UI Emoji","Segoe UI Symbol";
  font-size: 0.8333333333333334rem;
  font-weight: 500;
  justify-content: center;
  height: 3.3333333333333335rem;
  left: 0;
  padding: 0;
  position: fixed;
  transition: background 300ms ease-out;
  width: 100%;
  z-index: 3;
}

.c18 {
  display: flex;
  align-items: center;
  justify-content: flex-start;
}

.c21 {
  display: flex;
  align-items: center;
  justify-content: flex-end;
}

.c17 {
  display: flex;
  align-items: center;
  padding: 0 1.1111111111111112rem;
  justify-content: space-between;
}

.c19 {
  display: inline-block;
  vertical-align: center;
  margin-right: 1.9444444444444444rem;
}

.c22 {
  position: fixed;
  transform: translateZ(0);
  display: block;
  z-index: 1;
  font-family: "Avenir Next",-apple-system,BlinkMacSystemFont,"Segoe UI",Helvetica,Arial,sans-serif,"Apple Color Emoji","Segoe UI Emoji","Segoe UI Symbol";
  left: 0;
  top: 3.3333333333333335rem;
  bottom: 0;
  right: auto;
  width: 16.666666666666668rem;
  background: #efefef;
  box-sizing: border-box;
  color: inherit;
  overflow-y: auto;
  transition: transform 150ms ease-out;
}

.c23 {
  display: block;
  box-sizing: border-box;
  height: 100%;
  padding-top: 3.3333333333333335rem;
}

.c24 {
  margin-bottom: 1.1111111111111112rem;
}

.c25 {
  display: block;
  margin: 0.5555555555555556rem 2.2222222222222223rem;
  font-weight: normal;
}

@media (min-width: 62.5em) {
  .c26 {
    border-radius: 0.16666666666666666rem;
  }

  .c26:hover {
    background: rgba(20, 20, 20, 0.1);
  }
}

@media (max-width: 62.5em) {
  .c1 {
    align-items: center;
    display: flex;
    flex-grow: 1;
    height: 3.3333333333333335rem;
    justify-content: space-between;
  }
}

@media (max-width: 62.5em) {

}

<Nav>
  <div>
    <Navbar>
      <styled.nav>
        <nav
          className="c0"
        >
          <MobileNavbar>
            <styled.div>
              <div
                className="c1"
              >
                <styled.button
                  $active={true}
                >
                  <button
                    className="c2 c3"
                  >
                    <CloseIcon>
                      <styled.svg
                        height="15"
                        width="15"
                        xmlns="http://www.w3.org/2000/svg"
                        xmlnsXlink="http://www.w3.org/1999/xlink"
                      >
                        <svg
                          className="c4"
                          height="15"
                          width="15"
                          xmlns="http://www.w3.org/2000/svg"
                          xmlnsXlink="http://www.w3.org/1999/xlink"
                        >
                          <title>
                            close
                          </title>
                          <use
                            fill="#FFF"
                            transform="translate(1 1)"
                            xlinkHref="#close"
                          />
                          <defs>
                            <path
                              d="M-.7.7l13 13 1.4-1.4-13-13L-.7.7zm13-1.4l-13 13 1.4 1.4 13-13-1.4-1.4z"
                              id="close"
                            />
                          </defs>
                        </svg>
                      </styled.svg>
                    </CloseIcon>
                  </button>
                </styled.button>
                <Styled(Link)>
                  <Link
                    aria-label="styled components"
                    className="c5"
                    href="/"
                    unstyled={true}
                  >
                    <Link
                      href="/"
                      passHref={true}
                    >
                      <a
                        aria-label="styled components"
                        className="c5"
                      >
                        <styled.div
                          $compact={true}
                        >
                          <div
                            className="c6"
                          />
                        </styled.div>
                      </a>
                    </Link>
                  </Link>
                </Styled(Link)>
                <styled.button
                  $active={true}
                  style={
                    {
                      "position": "absolute",
                      "right": 0,
                    }
                  }
                >
                  <button
                    className="c2 c3"
                    style={
                      {
                        "position": "absolute",
                        "right": 0,
                      }
                    }
                  >
                    <styled.div
                      $shouldRotate={true}
                    >
                      <div
                        className="c7"
                      >
                        <styled.div
                          $size={36}
                        >
                          <div
                            className="c8"
                          />
                        </styled.div>
                      </div>
                    </styled.div>
                  </button>
                </styled.button>
                <styled.div
                  $isOpen={true}
                >
                  <div
                    className="c9"
                  >
                    <NavLinks>
                      <styled.nav>
                        <nav
                          className="c10"
                        >
                          <Styled(Link)
                            href="/docs"
                          >
                            <Link
                              className="c11"
                              href="/docs"
                              unstyled={true}
                            >
                              <Link
                                href="/docs"
                                passHref={true}
                              >
                                <a
                                  className="c11"
                                >
                                  Documentation
                                </a>
                              </Link>
                            </Link>
                          </Styled(Link)>
                          <styled.span>
                            <span
                              className="c12"
                            />
                          </styled.span>
                          <Styled(Link)
                            href="/showcase"
                          >
                            <Link
                              className="c11"
                              href="/showcase"
                              unstyled={true}
                            >
                              <Link
                                href="/showcase"
                                passHref={true}
                              >
                                <a
                                  className="c11"
                                >
                                  Showcase
                                </a>
                              </Link>
                            </Link>
                          </Styled(Link)>
                          <styled.span>
                            <span
                              className="c12"
                            />
                          </styled.span>
                          <Styled(Link)
                            href="/ecosystem"
                          >
                            <Link
                              className="c11"
                              href="/ecosystem"
                              unstyled={true}
                            >
                              <Link
                                href="/ecosystem"
                                passHref={true}
                              >
                                <a
                                  className="c11"
                                >
                                  Ecosystem
                                </a>
                              </Link>
                            </Link>
                          </Styled(Link)>
                          <styled.span>
                            <span
                              className="c12"
                            />
                          </styled.span>
                          <Styled(Link)
                            href="/releases"
                          >
                            <Link
                              className="c11"
                              href="/releases"
                              unstyled={true}
                            >
                              <Link
                                href="/releases"
                                passHref={true}
                              >
                                <a
                                  className="c11"
                                >
                                  Releases
                                </a>
                              </Link>
                            </Link>
                          </Styled(Link)>
                        </nav>
                      </styled.nav>
                    </NavLinks>
                    <styled.div>
                      <div
                        className="c13"
                      >
                        <Social>
                          <styled.nav>
                            <nav
                              className="c14"
                            >
                              <Styled(Link)
                                aria-label="Github"
                                href="https://github.com/styled-components"
                              >
                                <Link
                                  aria-label="Github"
                                  className="c15"
                                  href="https://github.com/styled-components"
                                  unstyled={true}
                                >
                                  <Link
                                    href="https://github.com/styled-components"
                                    passHref={true}
                                  >
                                    <a
                                      aria-label="Github"
                                      className="c15"
                                    >
                                      <styled.div
                                        $height={18}
                                        as={[Function]}
                                      >
                                        <DummyIcon
                                          className="c16"
                                        >
                                          <svg
                                            className="c16"
                                          />
                                        </DummyIcon>
                                      </styled.div>
                                    </a>
                                  </Link>
                                </Link>
                              </Styled(Link)>
                              <Styled(Link)
                                aria-label="Medium"
                                href="https://medium.com/styled-components"
                              >
                                <Link
                                  aria-label="Medium"
                                  className="c15"
                                  href="https://medium.com/styled-components"
                                  unstyled={true}
                                >
                                  <Link
                                    href="https://medium.com/styled-components"
                                    passHref={true}
                                  >
                                    <a
                                      aria-label="Medium"
                                      className="c15"
                                    >
                                      <styled.div
                                        $height={18}
                                        as={[Function]}
                                      >
                                        <DummyIcon
                                          className="c16"
                                        >
                                          <svg
                                            className="c16"
                                          />
                                        </DummyIcon>
                                      </styled.div>
                                    </a>
                                  </Link>
                                </Link>
                              </Styled(Link)>
                            </nav>
                          </styled.nav>
                        </Social>
                      </div>
                    </styled.div>
                  </div>
                </styled.div>
              </div>
            </styled.div>
          </MobileNavbar>
          <styled.div>
            <div
              className="c17"
            >
              <styled.div>
                <div
                  className="c18"
                >
                  <Styled(Link)
                    aria-label="Styled-components logo"
                  >
                    <Link
                      aria-label="Styled-components logo"
                      className="c19"
                      href="/"
                      unstyled={true}
                    >
                      <Link
                        href="/"
                        passHref={true}
                      >
                        <a
                          aria-label="Styled-components logo"
                          className="c19"
                        >
                          <styled.div>
                            <div
                              className="c20"
                            />
                          </styled.div>
                        </a>
                      </Link>
                    </Link>
                  </Styled(Link)>
                  <NavLinks>
                    <styled.nav>
                      <nav
                        className="c10"
                      >
                        <Styled(Link)
                          href="/docs"
                        >
                          <Link
                            className="c11"
                            href="/docs"
                            unstyled={true}
                          >
                            <Link
                              href="/docs"
                              passHref={true}
                            >
                              <a
                                className="c11"
                              >
                                Documentation
                              </a>
                            </Link>
                          </Link>
                        </Styled(Link)>
                        <styled.span>
                          <span
                            className="c12"
                          />
                        </styled.span>
                        <Styled(Link)
                          href="/showcase"
                        >
                          <Link
                            className="c11"
                            href="/showcase"
                            unstyled={true}
                          >
                            <Link
                              href="/showcase"
                              passHref={true}
                            >
                              <a
                                className="c11"
                              >
                                Showcase
                              </a>
                            </Link>
                          </Link>
                        </Styled(Link)>
                        <styled.span>
                          <span
                            className="c12"
                          />
                        </styled.span>
                        <Styled(Link)
                          href="/ecosystem"
                        >
                          <Link
                            className="c11"
                            href="/ecosystem"
                            unstyled={true}
                          >
                            <Link
                              href="/ecosystem"
                              passHref={true}
                            >
                              <a
                                className="c11"
                              >
                                Ecosystem
                              </a>
                            </Link>
                          </Link>
                        </Styled(Link)>
                        <styled.span>
                          <span
                            className="c12"
                          />
                        </styled.span>
                        <Styled(Link)
                          href="/releases"
                        >
                          <Link
                            className="c11"
                            href="/releases"
                            unstyled={true}
                          >
                            <Link
                              href="/releases"
                              passHref={true}
                            >
                              <a
                                className="c11"
                              >
                                Releases
                              </a>
                            </Link>
                          </Link>
                        </Styled(Link)>
                      </nav>
                    </styled.nav>
                  </NavLinks>
                </div>
              </styled.div>
            </div>
          </styled.div>
          <styled.div
            css={
              [
                "
          margin-left: auto;
          margin-right: 16px;

          ",
                "
  @media (max-width: ",
                "62.5",
                "em) {
    ",
                "
            margin-right: 48px;
          ",
                ";
  }
",
                "
        ",
              ]
            }
          >
            <div
              className="c21"
              css={
                [
                  "
          margin-left: auto;
          margin-right: 16px;

          ",
                  "
  @media (max-width: ",
                  "62.5",
                  "em) {
    ",
                  "
            margin-right: 48px;
          ",
                  ";
  }
",
                  "
        ",
                ]
              }
            >
              <AlgoliaSearch>
                <div
                  id="docs-search-input"
                />
              </AlgoliaSearch>
              <Styled(Social)
                style={
                  {
                    "marginLeft": 16,
                  }
                }
              >
                <Social
                  className=""
                  style={
                    {
                      "marginLeft": 16,
                    }
                  }
                >
                  <styled.nav
                    className=""
                    style={
                      {
                        "marginLeft": 16,
                      }
                    }
                  >
                    <nav
                      className="c14 "
                      style={
                        {
                          "marginLeft": 16,
                        }
                      }
                    >
                      <Styled(Link)
                        aria-label="Github"
                        href="https://github.com/styled-components"
                      >
                        <Link
                          aria-label="Github"
                          className="c15"
                          href="https://github.com/styled-components"
                          unstyled={true}
                        >
                          <Link
                            href="https://github.com/styled-components"
                            passHref={true}
                          >
                            <a
                              aria-label="Github"
                              className="c15"
                            >
                              <styled.div
                                $height={18}
                                as={[Function]}
                              >
                                <DummyIcon
                                  className="c16"
                                >
                                  <svg
                                    className="c16"
                                  />
                                </DummyIcon>
                              </styled.div>
                            </a>
                          </Link>
                        </Link>
                      </Styled(Link)>
                      <Styled(Link)
                        aria-label="Medium"
                        href="https://medium.com/styled-components"
                      >
                        <Link
                          aria-label="Medium"
                          className="c15"
                          href="https://medium.com/styled-components"
                          unstyled={true}
                        >
                          <Link
                            href="https://medium.com/styled-components"
                            passHref={true}
                          >
                            <a
                              aria-label="Medium"
                              className="c15"
                            >
                              <styled.div
                                $height={18}
                                as={[Function]}
                              >
                                <DummyIcon
                                  className="c16"
                                >
                                  <svg
                                    className="c16"
                                  />
                                </DummyIcon>
                              </styled.div>
                            </a>
                          </Link>
                        </Link>
                      </Styled(Link)>
                    </nav>
                  </styled.nav>
                </Social>
              </Styled(Social)>
            </div>
          </styled.div>
        </nav>
      </styled.nav>
    </Navbar>
    <CaptureScroll>
      <styled.nav>
        <nav
          className="c22"
        >
          <DocsSidebarMenu>
            <styled.div>
              <div
                className="c23"
              >
                <Folder
                  isOpenDefault={null}
                  key="Basics"
                >
                  <styled.div>
                    <div
                      className="c24"
                    >
                      <styled.h4
                        onClick={[Function]}
                      >
                        <h4
                          className="c25"
                          onClick={[Function]}
                        >
                          <Link
                            href="/docs/basics"
                          >
                            <Link
                              href="/docs/basics"
                              passHref={true}
                            >
                              <styled.a>
                                <a
                                  className="c26"
                                >
                                  Basics
                                </a>
                              </styled.a>
                            </Link>
                          </Link>
                        </h4>
                      </styled.h4>
                    </div>
                  </styled.div>
                </Folder>
                <Folder
                  isOpenDefault={null}
                  key="Advanced"
                >
                  <styled.div>
                    <div
                      className="c24"
                    >
                      <styled.h4
                        onClick={[Function]}
                      >
                        <h4
                          className="c25"
                          onClick={[Function]}
                        >
                          <Link
                            href="/docs/advanced"
                          >
                            <Link
                              href="/docs/advanced"
                              passHref={true}
                            >
                              <styled.a>
                                <a
                                  className="c26"
                                >
                                  Advanced
                                </a>
                              </styled.a>
                            </Link>
                          </Link>
                        </h4>
                      </styled.h4>
                    </div>
                  </styled.div>
                </Folder>
                <Folder
                  isOpenDefault={null}
                  key="API Reference"
                >
                  <styled.div>
                    <div
                      className="c24"
                    >
                      <styled.h4
                        onClick={[Function]}
                      >
                        <h4
                          className="c25"
                          onClick={[Function]}
                        >
                          <Link
                            href="/docs/api"
                          >
                            <Link
                              href="/docs/api"
                              passHref={true}
                            >
                              <styled.a>
                                <a
                                  className="c26"
                                >
                                  API Reference
                                </a>
                              </styled.a>
                            </Link>
                          </Link>
                        </h4>
                      </styled.h4>
                    </div>
                  </styled.div>
                </Folder>
                <Folder
                  isOpenDefault={null}
                  key="Tooling"
                >
                  <styled.div>
                    <div
                      className="c24"
                    >
                      <styled.h4
                        onClick={[Function]}
                      >
                        <h4
                          className="c25"
                          onClick={[Function]}
                        >
                          <Link
                            href="/docs/tooling"
                          >
                            <Link
                              href="/docs/tooling"
                              passHref={true}
                            >
                              <styled.a>
                                <a
                                  className="c26"
                                >
                                  Tooling
                                </a>
                              </styled.a>
                            </Link>
                          </Link>
                        </h4>
                      </styled.h4>
                    </div>
                  </styled.div>
                </Folder>
                <Folder
                  isOpenDefault={null}
                  key="FAQs"
                >
                  <styled.div>
                    <div
                      className="c24"
                    >
                      <styled.h4
                        onClick={[Function]}
                      >
                        <h4
                          className="c25"
                          onClick={[Function]}
                        >
                          <Link
                            href="/docs/faqs"
                          >
                            <Link
                              href="/docs/faqs"
                              passHref={true}
                            >
                              <styled.a>
                                <a
                                  className="c26"
                                >
                                  FAQs
                                </a>
                              </styled.a>
                            </Link>
                          </Link>
                        </h4>
                      </styled.h4>
                    </div>
                  </styled.div>
                </Folder>
              </div>
            </styled.div>
          </DocsSidebarMenu>
        </nav>
      </styled.nav>
    </CaptureScroll>
  </div>
</Nav>
`;
