// Jest Snapshot v1, https://goo.gl/fbAQLP

exports[`MobileNavbar renders correctly 1`] = `
.c2 svg {
  display: inline-block;
}

.c2 svg path {
  fill: currentColor;
}

.c9 {
  -webkit-flex: 0 0 auto;
  -ms-flex: 0 0 auto;
  flex: 0 0 auto;
  width: 0.2777777777777778rem;
  height: 0.2777777777777778rem;
  margin: 0 0.8333333333333334rem;
  border-radius: 50%;
  background: currentColor;
  opacity: 0.35;
}

.c7 {
  display: -webkit-box;
  display: -webkit-flex;
  display: -ms-flexbox;
  display: flex;
  -webkit-align-items: center;
  -webkit-box-align: center;
  -ms-flex-align: center;
  align-items: center;
  -webkit-flex: 0 0 auto;
  -ms-flex: 0 0 auto;
  flex: 0 0 auto;
}

.c8 {
  -webkit-flex: 0 0 auto;
  -ms-flex: 0 0 auto;
  flex: 0 0 auto;
  display: inline-block;
  line-height: 2.7777777777777777rem;
  -webkit-transition: opacity 0.2s,-webkit-transform 0.2s;
  -webkit-transition: opacity 0.2s,transform 0.2s;
  transition: opacity 0.2s,transform 0.2s;
  cursor: pointer;
  -webkit-letter-spacing: 0.022222222222222223rem;
  -moz-letter-spacing: 0.022222222222222223rem;
  -ms-letter-spacing: 0.022222222222222223rem;
  letter-spacing: 0.022222222222222223rem;
  color: currentColor;
}

.c8:hover,
.c8:focus {
  opacity: 0.8;
}

.c8:active {
  -webkit-transform: scale(0.95);
  -ms-transform: scale(0.95);
  transform: scale(0.95);
  opacity: 0.6;
}

.c4 {
  display: inline-block;
  vertical-align: middle;
  box-sizing: border-box;
  background-position: center;
  background-size: contain;
  background-image: url(/static/icon.png);
  width: 5.555555555555555rem;
  height: 1.6666666666666667rem;
}

.c1 {
  background: none;
  outline: none;
  border: none;
  -webkit-flex: 0 0 auto;
  -ms-flex: 0 0 auto;
  flex: 0 0 auto;
  min-width: 2.7777777777777777rem;
  height: 2.7777777777777777rem;
  text-align: center;
  vertical-align: middle;
  cursor: pointer;
  background: rgba(0,0,0,0.07);
}

.c1:focus {
  border: 0.1111111111111111rem solid currentColor;
  border-radius: 0.1111111111111111rem;
}

.c0 {
  display: none;
}

.c6 {
  position: absolute;
  top: 2.7777777777777777rem;
  left: 0;
  right: 0;
  height: 2.7777777777777777rem;
  display: -webkit-box;
  display: -webkit-flex;
  display: -ms-flexbox;
  display: flex;
  -webkit-flex-wrap: nowrap;
  -ms-flex-wrap: nowrap;
  flex-wrap: nowrap;
  -webkit-align-items: center;
  -webkit-box-align: center;
  -ms-flex-align: center;
  align-items: center;
  -webkit-box-pack: space-between;
  -webkit-justify-content: space-between;
  -ms-flex-pack: space-between;
  justify-content: space-between;
  padding: 0 1.1111111111111112rem;
  -webkit-transition: height 0.1s;
  transition: height 0.1s;
  -webkit-user-select: none;
  -moz-user-select: none;
  -ms-user-select: none;
  user-select: none;
  -webkit-overflow-scrolling: touch;
  overflow-x: scroll;
  overflow-y: hidden;
  background: #efefef;
  color: #868686;
}

.c3 {
  display: inline-block;
  vertical-align: center;
}

.c5 {
  -webkit-transition: -webkit-transform 0.1s;
  -webkit-transition: transform 0.1s;
  transition: transform 0.1s;
  -webkit-transform-origin: 50% 55%;
  -ms-transform-origin: 50% 55%;
  transform-origin: 50% 55%;
  -webkit-transform: rotate(180deg);
  -ms-transform: rotate(180deg);
  transform: rotate(180deg);
}

.c10 {
  display: inline-block;
}

@media (max-width:62.5em) {
  .c0 {
    display: -webkit-box;
    display: -webkit-flex;
    display: -ms-flexbox;
    display: flex;
    -webkit-align-items: center;
    -webkit-box-align: center;
    -ms-flex-align: center;
    align-items: center;
    -webkit-box-pack: space-between;
    -webkit-justify-content: space-between;
    -ms-flex-pack: space-between;
    justify-content: space-between;
    height: 2.7777777777777777rem;
  }
}

<div
  className="c0"
>
  <button
    className="c1"
    onClick={undefined}
  >
    <svg
      className="c2"
      height="15"
      width="15"
    >
      <title>
        close
      </title>
      <use
        fill="#FFF"
        transform="translate(1 1)"
        xlinkHref="#close"
      />
      <defs>
        <path
          d="M-.7.7l13 13 1.4-1.4-13-13L-.7.7zm13-1.4l-13 13 1.4 1.4 13-13-1.4-1.4z"
          id="close"
        />
      </defs>
    </svg>
  </button>
  <a
    className="c3"
    href="/"
    onClick={[Function]}
  >
    <div
      className="c4"
    />
  </a>
  <button
    className="c1"
    onClick={undefined}
  >
    <div
      className="c5"
      rotate={true}
    >
      <svg
        className="c2"
        height="8"
        width="12"
      >
        <title>
          arrow down
        </title>
        <use
          fill="#FFF"
          transform="translate(1 1)"
          xlinkHref="#menuArrow"
        />
        <defs>
          <path
            d="M5 5l-.7.7.7.7.7-.7L5 5zM9.3-.7l-5 5 1.4 1.4 5-5L9.3-.7zm-3.6 5l-5-5L-.7.7l5 5 1.4-1.4z"
            id="menuArrow"
          />
        </defs>
      </svg>
    </div>
  </button>
  <div
    className="c6"
    open={true}
  >
    <nav
      className="c7"
    >
      <a
        className="c8"
        href="/"
        onClick={[Function]}
      >
        Homepage
      </a>
      <span
        className="c9"
      />
      <a
        className="c8"
        href="/docs"
        onClick={[Function]}
      >
        Documentation
      </a>
      <span
        className="c9"
      />
      <a
        className="c8"
        href="/ecosystem"
        onClick={[Function]}
      >
        Ecosystem
      </a>
    </nav>
    <span
      className="c9"
    />
    <div
      className="c10"
    />
  </div>
</div>
`;
