// Jest Snapshot v1, https://goo.gl/fbAQLP

exports[`NavButton renders correctly 1`] = `
.c0 {
  background: none;
  outline: none;
  border: none;
  -webkit-flex: 0 0 auto;
  -ms-flex: 0 0 auto;
  flex: 0 0 auto;
  min-width: 2.7777777777777777rem;
  height: 2.7777777777777777rem;
  text-align: center;
  vertical-align: middle;
  cursor: pointer;
}

.c0:focus {
  border: 0.1111111111111111rem solid currentColor;
  border-radius: 0.1111111111111111rem;
}

.c0 svg {
  display: inline-block;
}

.c0 svg path {
  fill: currentColor;
}

<button
  className="c0"
/>
`;
