// Jest Snapshot v1, https://goo.gl/fbAQLP

exports[`NavLinks renders correctly 1`] = `
<nav
  className="eWokkx"
>
  <a
    className="fAKxmD"
    href="/docs"
    onClick={[Function]}
  >
    Documentation
  </a>
  <span
    className="lnegGh"
  />
  <a
    className="fAKxmD"
    href="/ecosystem"
    onClick={[Function]}
  >
    Ecosystem
  </a>
  <span
    className="lnegGh"
  />
  <a
    className="fAKxmD"
    href="/releases"
    onClick={[Function]}
  >
    Releases
  </a>
</nav>
`;
