// Jest Snapshot v1, https://goo.gl/fbAQLP

exports[`Search renders correctly 1`] = `
.c2 {
  display: inline-block;
  vertical-align: middle;
  overflow: hidden;
}

.c0 {
  display: -webkit-box;
  display: -webkit-flex;
  display: -ms-flexbox;
  display: flex;
  -webkit-align-items: center;
  -webkit-box-align: center;
  -ms-flex-align: center;
  align-items: center;
  -webkit-box-pack: start;
  -webkit-justify-content: flex-start;
  -ms-flex-pack: start;
  justify-content: flex-start;
  -webkit-flex: 0 0 auto;
  -ms-flex: 0 0 auto;
  flex: 0 0 auto;
}

.c4 {
  background: none;
  outline: none;
  border: none;
  -webkit-appearance: none;
  -moz-appearance: none;
  appearance: none;
  -webkit-flex: 0 0 auto;
  -ms-flex: 0 0 auto;
  flex: 0 0 auto;
  width: 7.222222222222222rem;
  line-height: 1.6666666666666667rem;
  font-size: 0.8333333333333334rem;
  color: currentColor;
}

.c4::-webkit-input-placeholder {
  color: currentColor;
  opacity: 0.5;
  -webkit-transition: opacity 0.2s ease-in-out;
  transition: opacity 0.2s ease-in-out;
}

.c4::-moz-placeholder {
  color: currentColor;
  opacity: 0.5;
  -webkit-transition: opacity 0.2s ease-in-out;
  transition: opacity 0.2s ease-in-out;
}

.c4:-ms-input-placeholder {
  color: currentColor;
  opacity: 0.5;
  -webkit-transition: opacity 0.2s ease-in-out;
  transition: opacity 0.2s ease-in-out;
}

.c4::placeholder {
  color: currentColor;
  opacity: 0.5;
  -webkit-transition: opacity 0.2s ease-in-out;
  transition: opacity 0.2s ease-in-out;
}

.c4:focus::-webkit-input-placeholder {
  opacity: 0.8;
}

.c4:focus::-moz-placeholder {
  opacity: 0.8;
}

.c4:focus:-ms-input-placeholder {
  opacity: 0.8;
}

.c4:focus::placeholder {
  opacity: 0.8;
}

.c1 {
  background: none;
  outline: none;
  border: none;
  -webkit-flex: 0 0 auto;
  -ms-flex: 0 0 auto;
  flex: 0 0 auto;
  background: none;
  outline: none;
  border: none;
  -webkit-flex: 0 0 auto;
  -ms-flex: 0 0 auto;
  flex: 0 0 auto;
  margin-right: 0.2222222222222222rem;
  cursor: pointer;
  display: -webkit-box;
  display: -webkit-flex;
  display: -ms-flexbox;
  display: flex;
}

.c1:hover,
.c1:focus {
  opacity: 0.7;
  -webkit-filter: drop-shadow(0 1px 2px rgba(0,0,0,0.2));
  filter: drop-shadow(0 1px 2px rgba(0,0,0,0.2));
}

.c1:active {
  background: rgba(0,0,0,0.1);
}

.c1 .c3 {
  width: 1.4444444444444444rem;
  height: 1.4444444444444444rem;
}

@media (max-width:62.5em) {
  .c0 {
    display: block;
    padding: 0;
  }

  .c0 span.algolia-autocomplete {
    display: block !important;
  }

  .c0 span.ds-dropdown-menu::before {
    display: none;
  }
}

@media (max-width:62.5em) {
  .c4 {
    padding: 0.5555555555555556rem 2.6666666666666665rem;
    display: block;
    width: 100%;
    background: rgb(219,112,147);
    color: white;
  }
}

@media (max-width:62.5em) {
  .c1 {
    position: absolute;
    top: 0.5rem;
    left: 0.5555555555555556rem;
    height: 1.7777777777777777rem;
    display: -webkit-box;
    display: -webkit-flex;
    display: -ms-flexbox;
    display: flex;
    -webkit-align-items: center;
    -webkit-box-align: center;
    -ms-flex-align: center;
    align-items: center;
    -webkit-box-pack: center;
    -webkit-justify-content: center;
    -ms-flex-pack: center;
    justify-content: center;
    width: 1.7777777777777777rem;
    z-index: 1;
    background: none;
    color: white;
  }
}

<form
  className="c0"
>
  <label
    className="c1"
    htmlFor="docs-search-input"
  >
    <svg
      aria-hidden="true"
      className="c2 c3 "
      fill="currentColor"
      focusable="false"
      viewBox="0 0 24 24"
      xmlns="http://www.w3.org/2000/svg"
    >
      <path
        d="M15.5 14h-.79l-.28-.27A6.471 6.471 0 0016 9.5 6.5 6.5 0 109.5 16c1.61 0 3.09-.59 4.23-1.57l.27.28v.79l5 4.99L20.49 19l-4.99-5zm-6 0C7.01 14 5 11.99 5 9.5S7.01 5 9.5 5 14 7.01 14 9.5 11.99 14 9.5 14z"
      />
      <path
        d="M0 0h24v24H0z"
        fill="none"
      />
    </svg>
  </label>
  <input
    className="c4"
    id="docs-search-input"
    placeholder="Search docs ..."
    type="search"
  />
</form>
`;
