// Jest Snapshot v1, https://goo.gl/fbAQLP

exports[`Code renders correctly 1`] = `
.c0 {
  border-radius: 3px;
  background: rgba(10, 10, 10, 0.1);
  display: inline-block;
  font-family: dm,monospace;
  font-size: 90%;
  line-height: 1;
  padding: 0.3em 0.25em;
  text-decoration: inherit;
  vertical-align: baseline;
}

<code
  className="c0"
/>
`;
