// Jest Snapshot v1, https://goo.gl/fbAQLP

exports[`DocsLayout renders correctly 1`] = `
.c35 {
  display: inline-block;
  color: inherit;
  cursor: pointer;
  padding: 0.1111111111111111rem 0.4444444444444444rem;
  margin: -0.1111111111111111rem -0.4444444444444444rem;
}

.c8 {
  flex: 0 0 auto;
  width: 0.2777777777777778rem;
  height: 0.2777777777777778rem;
  margin: 0 0.8333333333333334rem;
  border-radius: 50%;
  background: currentColor;
  opacity: 0.35;
}

.c6 {
  display: flex;
  align-items: center;
  flex: 0 0 auto;
  margin-right: 1.6666666666666667rem;
}

.c7 {
  flex: 0 0 auto;
  display: inline-block;
  line-height: 2.7777777777777777rem;
  transition: opacity 0.2s,transform 0.2s;
  cursor: pointer;
  letter-spacing: 0.022222222222222223rem;
  color: currentColor;
}

.c7:hover,
.c7:focus {
  opacity: 0.8;
}

.c7:active {
  transform: scale(0.95);
  opacity: 0.6;
}

.c17 {
  display: flex;
  align-items: center;
  flex: 1 1 auto;
}

.c18 {
  display: flex;
  margin-right: 1.1111111111111112rem;
  line-height: 2.7777777777777777rem;
  transition: opacity 0.2s,transform 0.2s;
  cursor: pointer;
}

.c18:last-child {
  margin-right: 0;
}

.c18:hover,
.c18:focus {
  opacity: 0.8;
}

.c18:active {
  transform: scale(0.95);
  opacity: 0.6;
}

.c18 svg path {
  fill: currentColor;
}

.c19.c19 {
  width: NaNrem;
  height: 1rem;
}

.c5 {
  display: inline-block;
  vertical-align: middle;
  box-sizing: border-box;
  background-position: center;
  background-size: contain;
  background-image: url(/nav-logo.png);
  width: 9.11111111111111rem;
  height: 2.2222222222222223rem;
}

.c25 {
  display: inline-block;
  vertical-align: middle;
  box-sizing: border-box;
  background-position: center;
  background-size: contain;
  background-image: url(/icon.png);
  width: 5.555555555555555rem;
  height: 1.6666666666666667rem;
}

.c23 svg {
  display: inline-block;
}

.c23 svg path {
  fill: currentColor;
}

.c22 {
  background: none;
  outline: none;
  border: none;
  background: none;
  cursor: pointer;
  flex: 0 0 auto;
  height: 2.7777777777777777rem;
  padding: 0 0.5555555555555556rem;
  text-align: center;
  vertical-align: middle;
}

.c21+.c21 {
  padding-left: 0;
}

.c20 {
  display: none;
}

.c29 {
  position: absolute;
  top: 2.7777777777777777rem;
  left: 0;
  right: 0;
  height: 0;
  display: flex;
  flex-wrap: nowrap;
  align-items: center;
  justify-content: space-between;
  padding: 0 1.1111111111111112rem;
  transition: height 0.1s;
  user-select: none;
  -webkit-overflow-scrolling: touch;
  overflow-x: scroll;
  overflow-y: hidden;
  background: #efefef;
  color: #868686;
}

.c24 {
  display: inline-block;
  vertical-align: center;
}

.c27 {
  transition: transform 0.2s;
}

.c30 {
  padding-right: 1.1111111111111112rem;
}

.c26.c26 {
  width: 1.5555555555555556rem;
  height: 1.5555555555555556rem;
}

.c28.c28 {
  width: 2rem;
  height: 2rem;
}

.c14 {
  display: flex;
  align-items: center;
  justify-content: flex-start;
  flex: 0 0 auto;
}

.c16 {
  background: none;
  outline: none;
  border: none;
  appearance: none;
  flex: 0 0 auto;
  width: 7.222222222222222rem;
  line-height: 1.6666666666666667rem;
  font-size: 0.8333333333333334rem;
  color: currentColor;
}

.c16 ::placeholder {
  color: currentColor;
  opacity: 0.5;
  transition: opacity 0.2s ease-in-out;
}

.c16 :focus ::placeholder {
  opacity: 0.8;
}

.c15 {
  background: none;
  outline: none;
  border: none;
  flex: 0 0 auto;
  background: none;
  outline: none;
  border: none;
  flex: 0 0 auto;
  margin-right: 0.2222222222222222rem;
  cursor: pointer;
  display: flex;
}

.c15:hover,
.c15:focus {
  opacity: 0.7;
  filter: drop-shadow(0 1px 2px rgba(0, 0, 0, 0.2));
}

.c15:active {
  background: rgba(0, 0, 0, 0.1);
}

.c1 {
  position: fixed;
  left: 0;
  box-sizing: border-box;
  z-index: 3;
  width: 100%;
  height: 2.7777777777777777rem;
  font-family: "Avenir Next",-apple-system,BlinkMacSystemFont,"Segoe UI",Helvetica,Arial,sans-serif,"Apple Color Emoji","Segoe UI Emoji","Segoe UI Symbol";
  font-size: 0.8333333333333334rem;
  font-weight: 500;
  background: rgb(33, 33, 33);
  transition: background 300ms ease-out;
  color: white;
  padding: 0;
}

.c3 {
  display: flex;
  align-items: center;
  justify-content: flex-start;
}

.c9 {
  display: flex;
  align-items: center;
  justify-content: flex-end;
}

.c2 {
  display: flex;
  align-items: center;
  padding: 0 1.1111111111111112rem;
  justify-content: space-between;
}

.c11 {
  width: 1.4444444444444444rem;
  height: 1.4444444444444444rem;
  color: white;
}

.c10 {
  display: none;
  color: currentColor;
}

.c12 {
  margin-right: 0.5555555555555556rem;
}

.c4 {
  display: inline-block;
  vertical-align: center;
  margin-right: 1.9444444444444444rem;
}

.c31 {
  position: fixed;
  transform: translateZ(0);
  display: block;
  z-index: 1;
  font-family: "Avenir Next",-apple-system,BlinkMacSystemFont,"Segoe UI",Helvetica,Arial,sans-serif,"Apple Color Emoji","Segoe UI Emoji","Segoe UI Symbol";
  left: 0;
  top: 2.7777777777777777rem;
  bottom: 0;
  right: auto;
  width: 16.666666666666668rem;
  background: #efefef;
  box-sizing: border-box;
  color: inherit;
  overflow-y: auto;
  transition: transform 150ms ease-out;
}

.c32 {
  display: block;
  box-sizing: border-box;
  height: 100%;
  padding-top: 3.3333333333333335rem;
}

.c33 {
  margin-bottom: 1.1111111111111112rem;
}

.c34 {
  display: block;
  margin: 0.5555555555555556rem 2.2222222222222223rem;
  font-weight: normal;
}

.c0 {
  padding-left: 16.666666666666668rem;
}

.c36 {
  max-width: 100%;
  margin: 0;
  padding: 5rem 3.3333333333333335rem 0 3.3333333333333335rem;
  box-sizing: border-box;
  font-family: -apple-system,BlinkMacSystemFont,"Segoe UI",Helvetica,Arial,sans-serif,"Apple Color Emoji","Segoe UI Emoji","Segoe UI Symbol";
  transition: transform 150ms ease-out;
}

.c36 p,
.c36 li {
  max-width: 80ch;
}

.c37 {
  text-align: left;
  width: 100%;
  color: rgb(66, 66, 66);
  font-size: 2.3333333333333335rem;
  font-weight: bold;
  font-family: "Avenir Next",-apple-system,BlinkMacSystemFont,"Segoe UI",Helvetica,Arial,sans-serif,"Apple Color Emoji","Segoe UI Emoji","Segoe UI Symbol";
}

@media (min-width: 62.5em) {
  .c35 {
    border-radius: 0.16666666666666666rem;
  }

  .c35:hover {
    background: rgba(20, 20, 20, 0.1);
  }
}

@media (max-width: 62.5em) {
  .c20 {
    display: flex;
    align-items: center;
    justify-content: space-between;
    height: 2.7777777777777777rem;
  }
}

@media (max-width: 62.5em) {
  .c14 {
    display: block;
    padding: 0;
  }

  .c14 span.algolia-autocomplete {
    display: block!important;
  }

  .c14 span.ds-dropdown-menu::before {
    display: none;
  }
}

@media (max-width: 62.5em) {
  .c16 {
    padding: 0.5555555555555556rem 2.6666666666666665rem;
    display: block;
    width: 100%;
    background: rgb(33, 33, 33);
    color: white;
  }
}

@media (max-width: 62.5em) {
  .c15 {
    position: absolute;
    top: 0.5rem;
    left: 0.5555555555555556rem;
    height: 1.7777777777777777rem;
    display: flex;
    align-items: center;
    justify-content: center;
    width: 1.7777777777777777rem;
    z-index: 1;
    background: none;
    color: white;
  }
}

@media (max-width: 62.5em) {

}

@media (max-width: 62.5em) {
  .c13 {
    background: currentColor;
    overflow: auto;
    position: absolute;
    top: 0;
    left: 0;
    right: 0;
  }
}

@media (max-width: 62.5em) {
  .c10 {
    display: none;
  }

  .c10 button {
    cursor: pointer;
    padding: 0;
    position: fixed;
    right: 0.5555555555555556rem;
    top: 0.6111111111111112rem;
    border: none;
    z-index: 2;
  }
}

@media (max-width: 62.5em) {
  .c12 {
    position: fixed;
    top: 0;
    bottom: 0;
    left: 0;
    right: 0;
    z-index: 1;
    left: 0;
    display: none;
    background: #efefef;
    overflow-y: auto;
    margin: 0;
  }

  .c12 .algolia-autocomplete .ds-dropdown-menu {
    position: static!important;
    display: block;
    max-width: 100%;
    min-width: 0;
  }
}

@media (max-width: 62.5em) {
  .c31 {
    transform: translateX(-16.666666666666668rem);
  }
}

@media (max-width: 62.5em) {
  .c0 {
    padding-left: 0;
  }
}

@media (max-width: 62.5em) {
  .c36 {
    padding: 5.555555555555555rem 1.1111111111111112rem 1.6666666666666667rem 1.1111111111111112rem;
    transform: translateX(0);
  }
}

<DocsLayout
  description=""
  title=""
>
  <styled.div>
    <div
      className="c0"
    >
      <SeoHead
        description=""
        title="styled-components"
      >
        <Head>
          <SideEffect
            headManager={
              {
                "_pendingUpdate": null,
              }
            }
            inAmpMode={false}
            reduceComponentsToState={[Function]}
          />
        </Head>
      </SeoHead>
      <Nav
        isMobileNavFolded={true}
        isSideFolded={true}
        onMobileNavToggle={[Function]}
        onRouteChange={[Function]}
        onSideToggle={[Function]}
        useDocsSidebarMenu={true}
      >
        <div>
          <Navbar
            isMobileNavFolded={true}
            isSideFolded={true}
            onMobileNavToggle={[Function]}
            onSideToggle={[Function]}
          >
            <styled.nav>
              <nav
                className="c1"
              >
                <styled.div>
                  <div
                    className="c2"
                  >
                    <styled.div>
                      <div
                        className="c3"
                      >
                        <Styled(Link)>
                          <Link
                            className="c4"
                            href="/"
                            unstyled={true}
                          >
                            <Link
                              href="/"
                            >
                              <a
                                className="c4"
                                href="/"
                              >
                                <styled.div>
                                  <div
                                    className="c5"
                                  />
                                </styled.div>
                              </a>
                            </Link>
                          </Link>
                        </Styled(Link)>
                        <NavLinks>
                          <styled.nav>
                            <nav
                              className="c6"
                            >
                              <Styled(Link)
                                href="/docs"
                              >
                                <Link
                                  className="c7"
                                  href="/docs"
                                  unstyled={true}
                                >
                                  <Link
                                    href="/docs"
                                  >
                                    <a
                                      className="c7"
                                      href="/docs"
                                    >
                                      Documentation
                                    </a>
                                  </Link>
                                </Link>
                              </Styled(Link)>
                              <styled.span>
                                <span
                                  className="c8"
                                />
                              </styled.span>
                              <Styled(Link)
                                href="/showcase"
                              >
                                <Link
                                  className="c7"
                                  href="/showcase"
                                  unstyled={true}
                                >
                                  <Link
                                    href="/showcase"
                                  >
                                    <a
                                      className="c7"
                                      href="/showcase"
                                    >
                                      Showcase
                                    </a>
                                  </Link>
                                </Link>
                              </Styled(Link)>
                              <styled.span>
                                <span
                                  className="c8"
                                />
                              </styled.span>
                              <Styled(Link)
                                href="/ecosystem"
                              >
                                <Link
                                  className="c7"
                                  href="/ecosystem"
                                  unstyled={true}
                                >
                                  <Link
                                    href="/ecosystem"
                                  >
                                    <a
                                      className="c7"
                                      href="/ecosystem"
                                    >
                                      Ecosystem
                                    </a>
                                  </Link>
                                </Link>
                              </Styled(Link)>
                              <styled.span>
                                <span
                                  className="c8"
                                />
                              </styled.span>
                              <Styled(Link)
                                href="/releases"
                              >
                                <Link
                                  className="c7"
                                  href="/releases"
                                  unstyled={true}
                                >
                                  <Link
                                    href="/releases"
                                  >
                                    <a
                                      className="c7"
                                      href="/releases"
                                    >
                                      Releases
                                    </a>
                                  </Link>
                                </Link>
                              </Styled(Link)>
                            </nav>
                          </styled.nav>
                        </NavLinks>
                      </div>
                    </styled.div>
                    <styled.div>
                      <div
                        className="c9"
                      >
                        <ModalContainer
                          isOpen={false}
                          requestModalClose={[Function]}
                        >
                          <styled.div
                            $isOpen={false}
                          >
                            <div
                              className="c10"
                            >
                              <button
                                onClick={[Function]}
                              >
                                <Styled(DummyIcon)>
                                  <DummyIcon
                                    className="c11"
                                  >
                                    <svg
                                      className="c11"
                                    />
                                  </DummyIcon>
                                </Styled(DummyIcon)>
                              </button>
                            </div>
                          </styled.div>
                          <styled.div
                            $isOpen={false}
                            onClick={[Function]}
                          >
                            <div
                              className="c12"
                              onClick={[Function]}
                            >
                              <styled.div>
                                <div
                                  className="c13"
                                >
                                  <div>
                                    <AlgoliaSearch
                                      requestModalClose={[Function]}
                                    >
                                      <Search
                                        isDocs={false}
                                      >
                                        <styled.form>
                                          <form
                                            className="c14"
                                          >
                                            <Memo(c) />
                                            <styled.label>
                                              <label
                                                className="c15"
                                                htmlFor="docs-search-input"
                                              >
                                                <Styled(DummyIcon)>
                                                  <DummyIcon
                                                    className=""
                                                  >
                                                    <svg
                                                      className=""
                                                    />
                                                  </DummyIcon>
                                                </Styled(DummyIcon)>
                                              </label>
                                            </styled.label>
                                            <styled.input
                                              id="docs-search-input"
                                              placeholder="Search docs ..."
                                              type="search"
                                            >
                                              <input
                                                className="c16"
                                                id="docs-search-input"
                                                placeholder="Search docs ..."
                                                type="search"
                                              />
                                            </styled.input>
                                          </form>
                                        </styled.form>
                                      </Search>
                                    </AlgoliaSearch>
                                  </div>
                                </div>
                              </styled.div>
                            </div>
                          </styled.div>
                        </ModalContainer>
                        <Styled(Social)>
                          <Social
                            className=""
                          >
                            <styled.nav
                              className=""
                            >
                              <nav
                                className="c17 "
                              >
                                <Styled(Link)
                                  href="https://github.com/styled-components"
                                >
                                  <Link
                                    className="c18"
                                    href="https://github.com/styled-components"
                                    unstyled={true}
                                  >
                                    <Link
                                      href="https://github.com/styled-components"
                                    >
                                      <a
                                        className="c18"
                                        href="https://github.com/styled-components"
                                      >
                                        <styled.div
                                          as={[Function]}
                                          height="18"
                                        >
                                          <DummyIcon
                                            className="c19"
                                            height="18"
                                          >
                                            <svg
                                              className="c19"
                                              height="18"
                                            />
                                          </DummyIcon>
                                        </styled.div>
                                      </a>
                                    </Link>
                                  </Link>
                                </Styled(Link)>
                                <Styled(Link)
                                  href="https://medium.com/styled-components"
                                >
                                  <Link
                                    className="c18"
                                    href="https://medium.com/styled-components"
                                    unstyled={true}
                                  >
                                    <Link
                                      href="https://medium.com/styled-components"
                                    >
                                      <a
                                        className="c18"
                                        href="https://medium.com/styled-components"
                                      >
                                        <styled.div
                                          as={[Function]}
                                          height="18"
                                        >
                                          <DummyIcon
                                            className="c19"
                                            height="18"
                                          >
                                            <svg
                                              className="c19"
                                              height="18"
                                            />
                                          </DummyIcon>
                                        </styled.div>
                                      </a>
                                    </Link>
                                  </Link>
                                </Styled(Link)>
                              </nav>
                            </styled.nav>
                          </Social>
                        </Styled(Social)>
                      </div>
                    </styled.div>
                  </div>
                </styled.div>
                <MobileNavbar
                  isMobileNavFolded={true}
                  isSideFolded={true}
                  onMobileNavToggle={[Function]}
                  onSearchButtonClick={[Function]}
                  onSideToggle={[Function]}
                >
                  <styled.div>
                    <div
                      className="c20"
                    >
                      <styled.button
                        $active={false}
                        onClick={[Function]}
                      >
                        <button
                          className="c21 c22"
                          onClick={[Function]}
                        >
                          <FoldIcon>
                            <styled.svg
                              height="14"
                              width="17"
                              xmlns="http://www.w3.org/2000/svg"
                              xmlnsXlink="http://www.w3.org/1999/xlink"
                            >
                              <svg
                                className="c23"
                                height="14"
                                width="17"
                                xmlns="http://www.w3.org/2000/svg"
                                xmlnsXlink="http://www.w3.org/1999/xlink"
                              >
                                <title>
                                  fold
                                </title>
                                <use
                                  fill="#FFF"
                                  transform="translate(0 1)"
                                  xlinkHref="#fold"
                                />
                                <defs>
                                  <path
                                    d="M0 1h17v-2H0v2zm17 4H0v2h17V5zM0 13h17v-2H0v2z"
                                    id="fold"
                                  />
                                </defs>
                              </svg>
                            </styled.svg>
                          </FoldIcon>
                        </button>
                      </styled.button>
                      <Styled(Link)>
                        <Link
                          aria-label="styled components"
                          className="c24"
                          href="/"
                          unstyled={true}
                        >
                          <Link
                            href="/"
                          >
                            <a
                              aria-label="styled components"
                              className="c24"
                              href="/"
                            >
                              <styled.div
                                $compact={true}
                              >
                                <div
                                  className="c25"
                                />
                              </styled.div>
                            </a>
                          </Link>
                        </Link>
                      </Styled(Link)>
                      <div>
                        <styled.button
                          onClick={[Function]}
                        >
                          <button
                            className="c21 c22"
                            onClick={[Function]}
                          >
                            <styled.div
                              as={[Function]}
                              size={28}
                            >
                              <DummyIcon
                                className="c26"
                                size={28}
                              >
                                <svg
                                  className="c26"
                                  size={28}
                                />
                              </DummyIcon>
                            </styled.div>
                          </button>
                        </styled.button>
                        <styled.button
                          $active={false}
                          onClick={[Function]}
                        >
                          <button
                            className="c21 c22"
                            onClick={[Function]}
                          >
                            <styled.div
                              $shouldRotate={false}
                            >
                              <div
                                className="c27"
                              >
                                <styled.div
                                  size={36}
                                >
                                  <div
                                    className="c28"
                                    size={36}
                                  />
                                </styled.div>
                              </div>
                            </styled.div>
                          </button>
                        </styled.button>
                      </div>
                      <styled.div
                        $isOpen={false}
                      >
                        <div
                          className="c29"
                        >
                          <NavLinks>
                            <styled.nav>
                              <nav
                                className="c6"
                              >
                                <Styled(Link)
                                  href="/docs"
                                >
                                  <Link
                                    className="c7"
                                    href="/docs"
                                    unstyled={true}
                                  >
                                    <Link
                                      href="/docs"
                                    >
                                      <a
                                        className="c7"
                                        href="/docs"
                                      >
                                        Documentation
                                      </a>
                                    </Link>
                                  </Link>
                                </Styled(Link)>
                                <styled.span>
                                  <span
                                    className="c8"
                                  />
                                </styled.span>
                                <Styled(Link)
                                  href="/showcase"
                                >
                                  <Link
                                    className="c7"
                                    href="/showcase"
                                    unstyled={true}
                                  >
                                    <Link
                                      href="/showcase"
                                    >
                                      <a
                                        className="c7"
                                        href="/showcase"
                                      >
                                        Showcase
                                      </a>
                                    </Link>
                                  </Link>
                                </Styled(Link)>
                                <styled.span>
                                  <span
                                    className="c8"
                                  />
                                </styled.span>
                                <Styled(Link)
                                  href="/ecosystem"
                                >
                                  <Link
                                    className="c7"
                                    href="/ecosystem"
                                    unstyled={true}
                                  >
                                    <Link
                                      href="/ecosystem"
                                    >
                                      <a
                                        className="c7"
                                        href="/ecosystem"
                                      >
                                        Ecosystem
                                      </a>
                                    </Link>
                                  </Link>
                                </Styled(Link)>
                                <styled.span>
                                  <span
                                    className="c8"
                                  />
                                </styled.span>
                                <Styled(Link)
                                  href="/releases"
                                >
                                  <Link
                                    className="c7"
                                    href="/releases"
                                    unstyled={true}
                                  >
                                    <Link
                                      href="/releases"
                                    >
                                      <a
                                        className="c7"
                                        href="/releases"
                                      >
                                        Releases
                                      </a>
                                    </Link>
                                  </Link>
                                </Styled(Link)>
                              </nav>
                            </styled.nav>
                          </NavLinks>
                          <styled.div>
                            <div
                              className="c30"
                            >
                              <Social>
                                <styled.nav>
                                  <nav
                                    className="c17"
                                  >
                                    <Styled(Link)
                                      href="https://github.com/styled-components"
                                    >
                                      <Link
                                        className="c18"
                                        href="https://github.com/styled-components"
                                        unstyled={true}
                                      >
                                        <Link
                                          href="https://github.com/styled-components"
                                        >
                                          <a
                                            className="c18"
                                            href="https://github.com/styled-components"
                                          >
                                            <styled.div
                                              as={[Function]}
                                              height="18"
                                            >
                                              <DummyIcon
                                                className="c19"
                                                height="18"
                                              >
                                                <svg
                                                  className="c19"
                                                  height="18"
                                                />
                                              </DummyIcon>
                                            </styled.div>
                                          </a>
                                        </Link>
                                      </Link>
                                    </Styled(Link)>
                                    <Styled(Link)
                                      href="https://medium.com/styled-components"
                                    >
                                      <Link
                                        className="c18"
                                        href="https://medium.com/styled-components"
                                        unstyled={true}
                                      >
                                        <Link
                                          href="https://medium.com/styled-components"
                                        >
                                          <a
                                            className="c18"
                                            href="https://medium.com/styled-components"
                                          >
                                            <styled.div
                                              as={[Function]}
                                              height="18"
                                            >
                                              <DummyIcon
                                                className="c19"
                                                height="18"
                                              >
                                                <svg
                                                  className="c19"
                                                  height="18"
                                                />
                                              </DummyIcon>
                                            </styled.div>
                                          </a>
                                        </Link>
                                      </Link>
                                    </Styled(Link)>
                                  </nav>
                                </styled.nav>
                              </Social>
                            </div>
                          </styled.div>
                        </div>
                      </styled.div>
                    </div>
                  </styled.div>
                </MobileNavbar>
              </nav>
            </styled.nav>
          </Navbar>
          <CaptureScroll
            $isFolded={true}
          >
            <styled.nav
              $isFolded={true}
            >
              <nav
                className="c31"
              >
                <withRouter(Unknown)
                  onRouteChange={[Function]}
                >
                  <Component
                    onRouteChange={[Function]}
                    router={null}
                  >
                    <styled.div>
                      <div
                        className="c32"
                      >
                        <Folder
                          isOpenDefault={null}
                          key="Basics"
                        >
                          <styled.div
                            onClick={[Function]}
                          >
                            <div
                              className="c33"
                              onClick={[Function]}
                            >
                              <styled.h4
                                onClick={[Function]}
                              >
                                <h4
                                  className="c34"
                                  onClick={[Function]}
                                >
                                  <Link
                                    href="/docs/basics"
                                  >
                                    <Link
                                      href="/docs/basics"
                                    >
                                      <styled.a
                                        href="/docs/basics"
                                      >
                                        <a
                                          className="c35"
                                          href="/docs/basics"
                                        >
                                          Basics
                                        </a>
                                      </styled.a>
                                    </Link>
                                  </Link>
                                </h4>
                              </styled.h4>
                            </div>
                          </styled.div>
                        </Folder>
                        <Folder
                          isOpenDefault={null}
                          key="Advanced"
                        >
                          <styled.div
                            onClick={[Function]}
                          >
                            <div
                              className="c33"
                              onClick={[Function]}
                            >
                              <styled.h4
                                onClick={[Function]}
                              >
                                <h4
                                  className="c34"
                                  onClick={[Function]}
                                >
                                  <Link
                                    href="/docs/advanced"
                                  >
                                    <Link
                                      href="/docs/advanced"
                                    >
                                      <styled.a
                                        href="/docs/advanced"
                                      >
                                        <a
                                          className="c35"
                                          href="/docs/advanced"
                                        >
                                          Advanced
                                        </a>
                                      </styled.a>
                                    </Link>
                                  </Link>
                                </h4>
                              </styled.h4>
                            </div>
                          </styled.div>
                        </Folder>
                        <Folder
                          isOpenDefault={null}
                          key="API Reference"
                        >
                          <styled.div
                            onClick={[Function]}
                          >
                            <div
                              className="c33"
                              onClick={[Function]}
                            >
                              <styled.h4
                                onClick={[Function]}
                              >
                                <h4
                                  className="c34"
                                  onClick={[Function]}
                                >
                                  <Link
                                    href="/docs/api"
                                  >
                                    <Link
                                      href="/docs/api"
                                    >
                                      <styled.a
                                        href="/docs/api"
                                      >
                                        <a
                                          className="c35"
                                          href="/docs/api"
                                        >
                                          API Reference
                                        </a>
                                      </styled.a>
                                    </Link>
                                  </Link>
                                </h4>
                              </styled.h4>
                            </div>
                          </styled.div>
                        </Folder>
                        <Folder
                          isOpenDefault={null}
                          key="Tooling"
                        >
                          <styled.div
                            onClick={[Function]}
                          >
                            <div
                              className="c33"
                              onClick={[Function]}
                            >
                              <styled.h4
                                onClick={[Function]}
                              >
                                <h4
                                  className="c34"
                                  onClick={[Function]}
                                >
                                  <Link
                                    href="/docs/tooling"
                                  >
                                    <Link
                                      href="/docs/tooling"
                                    >
                                      <styled.a
                                        href="/docs/tooling"
                                      >
                                        <a
                                          className="c35"
                                          href="/docs/tooling"
                                        >
                                          Tooling
                                        </a>
                                      </styled.a>
                                    </Link>
                                  </Link>
                                </h4>
                              </styled.h4>
                            </div>
                          </styled.div>
                        </Folder>
                        <Folder
                          isOpenDefault={null}
                          key="FAQs"
                        >
                          <styled.div
                            onClick={[Function]}
                          >
                            <div
                              className="c33"
                              onClick={[Function]}
                            >
                              <styled.h4
                                onClick={[Function]}
                              >
                                <h4
                                  className="c34"
                                  onClick={[Function]}
                                >
                                  <Link
                                    href="/docs/faqs"
                                  >
                                    <Link
                                      href="/docs/faqs"
                                    >
                                      <styled.a
                                        href="/docs/faqs"
                                      >
                                        <a
                                          className="c35"
                                          href="/docs/faqs"
                                        >
                                          FAQs
                                        </a>
                                      </styled.a>
                                    </Link>
                                  </Link>
                                </h4>
                              </styled.h4>
                            </div>
                          </styled.div>
                        </Folder>
                      </div>
                    </styled.div>
                  </Component>
                </withRouter(Unknown)>
              </nav>
            </styled.nav>
          </CaptureScroll>
        </div>
      </Nav>
      <styled.div
        $moveRight={false}
        data-e2e-id="content"
      >
        <div
          className="c36"
          data-e2e-id="content"
        >
          <styled.h1>
            <h1
              className="c37"
            />
          </styled.h1>
        </div>
      </styled.div>
    </div>
  </styled.div>
</DocsLayout>
`;
