// Jest Snapshot v1, https://goo.gl/fbAQLP

exports[`DocsLayout renders correctly 1`] = `
.c0 {
  padding-left: 16.666666666666668rem;
}

.c28 {
  box-sizing: border-box;
  font-family: "Karla",-apple-system,BlinkMacSystemFont,"Segoe UI",Helvetica,Arial,sans-serif,"Apple Color Emoji","Segoe UI Emoji","Segoe UI Symbol";
  margin: 0 auto;
  max-width: 120ch;
  padding: 5rem 3.3333333333333335rem 0 3.3333333333333335rem;
  transition: transform 150ms ease-out;
}

.c30 {
  text-align: left;
  width: 100%;
  color: rgb(66, 66, 66);
  font-size: 2.3333333333333335rem;
  font-weight: bold;
  font-family: "Karla",-apple-system,BlinkMacSystemFont,"Segoe UI",Helvetica,Arial,sans-serif,"Apple Color Emoji","Segoe UI Emoji","Segoe UI Symbol";
}

.c30 +h2 {
  margin-top: -0.5em;
}

.c27 {
  display: inline-block;
  color: inherit;
  cursor: pointer;
  padding: 0.1111111111111111rem 0.4444444444444444rem;
  margin: -0.1111111111111111rem -0.4444444444444444rem;
}

.c7 {
  background-image: url(/nav-logo.png);
  background-position: center;
  background-size: contain;
  box-sizing: border-box;
  display: inline-block;
  height: 2.2222222222222223rem;
  width: 9.11111111111111rem;
  vertical-align: middle;
}

.c4 {
  background: none;
  outline: none;
  border: none;
  background: transparent;
  cursor: pointer;
  flex: 0 0 auto;
  height: 3.3333333333333335rem;
  padding: 0 0.5555555555555556rem;
  text-align: center;
  transition: all 200ms ease-in-out;
  vertical-align: middle;
}

.c4:hover {
  filter: brightness(0.85);
}

.c4:active {
  filter: brightness(1);
}

.c3+.c3 {
  padding-left: 0;
}

.c5 svg {
  display: inline-block;
}

.c5 svg path {
  fill: currentColor;
}

.c13 {
  flex: 0 0 auto;
  width: 0.2777777777777778rem;
  height: 0.2777777777777778rem;
  margin: 0 0.8333333333333334rem;
  border-radius: 50%;
  background: currentColor;
  opacity: 0.35;
}

.c11 {
  display: flex;
  align-items: center;
  flex: 0 0 auto;
  margin-right: 1.6666666666666667rem;
}

.c12 {
  flex: 0 0 auto;
  display: inline-block;
  line-height: 3.3333333333333335rem;
  transition: opacity 0.2s,transform 0.2s;
  cursor: pointer;
  letter-spacing: 0.022222222222222223rem;
  color: currentColor;
}

.c12:hover,
.c12:focus {
  opacity: 0.8;
}

.c12:active {
  transform: scale(0.95);
  opacity: 0.6;
}

.c2 {
  display: none;
}

.c10 {
  position: absolute;
  top: 3.3333333333333335rem;
  left: 0;
  right: 0;
  height: 0;
  -webkit-overflow-scrolling: touch;
  align-items: center;
  background: rgba(33, 33, 33, 0.9);
  backdrop-filter: blur(5px);
  color: #fff;
  display: flex;
  flex-wrap: nowrap;
  justify-content: center;
  overflow-x: overlay;
  overflow-y: hidden;
  padding: 0 1.1111111111111112rem;
  transition: height 0.1s;
  user-select: none;
}

.c6 {
  margin-right: auto;
  transform: translateY(-1px);
}

.c8 {
  transition: transform 0.2s;
}

.c9.c9 {
  width: 2rem;
  height: 2rem;
}

.c19 {
  display: flex;
  align-items: center;
  flex: 1 1 auto;
}

.c20 {
  display: flex;
  margin-right: 1.1111111111111112rem;
  line-height: 3.3333333333333335rem;
  transition: opacity 0.2s,transform 0.2s;
  cursor: pointer;
}

.c20:last-child {
  margin-right: 0;
}

.c20:hover,
.c20:focus {
  opacity: 0.8;
}

.c20:active {
  transform: scale(0.95);
  opacity: 0.6;
}

.c20 svg path {
  fill: currentColor;
}

.c21.c21 {
  width: NaNrem;
  height: 1rem;
}

.c1 {
  align-items: center;
  background-color: rgba(12, 13, 15, 0.7);
  backdrop-filter: blur(5px);
  -webkit-backdrop-filter: blur(5px);
  box-sizing: border-box;
  color: white;
  display: flex;
  flex-wrap: wrap;
  font-family: "Karla",-apple-system,BlinkMacSystemFont,"Segoe UI",Helvetica,Arial,sans-serif,"Apple Color Emoji","Segoe UI Emoji","Segoe UI Symbol";
  font-size: 0.8333333333333334rem;
  font-weight: 500;
  justify-content: center;
  height: 3.3333333333333335rem;
  left: 0;
  padding: 0;
  position: fixed;
  transition: background 300ms ease-out;
  width: 100%;
  z-index: 3;
}

.c15 {
  display: flex;
  align-items: center;
  justify-content: flex-start;
}

.c17 {
  display: flex;
  align-items: center;
  justify-content: flex-end;
}

.c18 {
  margin-left: auto;
  margin-right: 16px;
}

.c14 {
  display: flex;
  align-items: center;
  padding: 0 1.1111111111111112rem;
  justify-content: space-between;
}

.c16 {
  display: inline-block;
  vertical-align: center;
  margin-right: 1.9444444444444444rem;
}

.c22 {
  position: fixed;
  transform: translateZ(0);
  display: block;
  z-index: 1;
  font-family: "Karla",-apple-system,BlinkMacSystemFont,"Segoe UI",Helvetica,Arial,sans-serif,"Apple Color Emoji","Segoe UI Emoji","Segoe UI Symbol";
  left: 0;
  top: 3.3333333333333335rem;
  bottom: 0;
  right: auto;
  width: 16.666666666666668rem;
  background: #efefef;
  box-sizing: border-box;
  color: inherit;
  overflow-y: auto;
  transition: transform 150ms ease-out;
}

.c23 {
  display: block;
  box-sizing: border-box;
  height: 100%;
  padding-top: 3.3333333333333335rem;
}

.c24 {
  margin-bottom: 1.1111111111111112rem;
}

.c25 {
  display: block;
  margin: 0.5555555555555556rem 2.2222222222222223rem;
}

.c26 {
  display: block;
  margin: 0.5555555555555556rem 2.2222222222222223rem 0.5555555555555556rem 3.0555555555555554rem;
  font-size: 0.9rem;
  font-weight: normal;
}

.c29 {
  display: flex;
  align-items: center;
  justify-content: space-between;
  gap: 1rem;
}

@media (max-width: 62.5em) {
  .c0 {
    padding-left: 0;
  }
}

@media (max-width: 62.5em) {
  .c28 {
    padding: 5.555555555555555rem 2rem 1.6666666666666667rem 2rem;
    transform: translateX(0);
  }
}

@media (min-width: 62.5em) {
  .c27 {
    border-radius: 0.16666666666666666rem;
  }

  .c27:hover {
    background: rgba(20, 20, 20, 0.1);
  }
}

@media (max-width: 62.5em) {
  .c2 {
    align-items: center;
    display: flex;
    flex-grow: 1;
    height: 3.3333333333333335rem;
    justify-content: space-between;
    margin-left: 16px;
  }

  .c2 >.c3 {
    margin-left: -8px;
  }
}

@media (max-width: 62.5em) {
  .c18 {
    margin-right: 48px;
  }
}

@media (max-width: 62.5em) {

}

@media (max-width: 62.5em) {
  .c22 {
    transform: translateX(-16.666666666666668rem);
  }
}

<div>
  <div
    class="c0"
  >
    <div>
      <nav
        class="c1"
      >
        <div
          class="c2"
        >
          <button
            class="c3 c4"
          >
            <svg
              class="c5"
              height="14"
              width="17"
              xmlns="http://www.w3.org/2000/svg"
              xmlns:xlink="http://www.w3.org/1999/xlink"
            >
              <title>
                fold
              </title>
              <use
                fill="#FFF"
                transform="translate(0 1)"
                xlink:href="#fold"
              />
              <defs>
                <path
                  d="M0 1h17v-2H0v2zm17 4H0v2h17V5zM0 13h17v-2H0v2z"
                  id="fold"
                />
              </defs>
            </svg>
          </button>
          <a
            aria-label="styled components"
            class="c6"
            href="/"
          >
            <div
              class="c7"
            />
          </a>
          <button
            class="c3 c4"
            style="position: absolute; right: 0px;"
          >
            <div
              class="c8"
            >
              <div
                class="c9"
              />
            </div>
          </button>
          <div
            class="c10"
          >
            <nav
              class="c11"
            >
              <a
                class="c12"
                href="/docs"
              >
                Documentation
              </a>
              <span
                class="c13"
              />
              <a
                class="c12"
                href="/showcase"
              >
                Showcase
              </a>
              <span
                class="c13"
              />
              <a
                class="c12"
                href="/ecosystem"
              >
                Ecosystem
              </a>
              <span
                class="c13"
              />
              <a
                class="c12"
                href="/releases"
              >
                Releases
              </a>
            </nav>
          </div>
        </div>
        <div
          class="c14"
        >
          <div
            class="c15"
          >
            <a
              aria-label="Styled-components logo"
              class="c16"
              href="/"
            >
              <div
                class="c7"
              />
            </a>
            <nav
              class="c11"
            >
              <a
                class="c12"
                href="/docs"
              >
                Documentation
              </a>
              <span
                class="c13"
              />
              <a
                class="c12"
                href="/showcase"
              >
                Showcase
              </a>
              <span
                class="c13"
              />
              <a
                class="c12"
                href="/ecosystem"
              >
                Ecosystem
              </a>
              <span
                class="c13"
              />
              <a
                class="c12"
                href="/releases"
              >
                Releases
              </a>
            </nav>
          </div>
        </div>
        <div
          class="c17 c18"
        >
          <div
            id="docs-search-input"
          />
          <nav
            class="c19 "
            style="margin-left: 16px;"
          >
            <a
              class="c20"
              href="https://github.com/styled-components"
              rel="noopener"
              target="_blank"
              title="GitHub: Source code"
            >
              <svg
                class="c21"
              />
            </a>
          </nav>
        </div>
      </nav>
      <nav
        class="c22"
      >
        <div
          class="c23"
        >
          <div
            class="c24"
          >
            <h4
              class="c25"
            >
              Basics
            </h4>
            <h5
              class="c26"
            >
              <a
                class="c27"
                href="/docs/basics#motivation"
              >
                Motivation
              </a>
            </h5>
            <h5
              class="c26"
            >
              <a
                class="c27"
                href="/docs/basics#installation"
              >
                Installation
              </a>
            </h5>
            <h5
              class="c26"
            >
              <a
                class="c27"
                href="/docs/basics#getting-started"
              >
                Getting Started
              </a>
            </h5>
            <h5
              class="c26"
            >
              <a
                class="c27"
                href="/docs/basics#adapting-based-on-props"
              >
                Adapting based on props
              </a>
            </h5>
            <h5
              class="c26"
            >
              <a
                class="c27"
                href="/docs/basics#extending-styles"
              >
                Extending styles
              </a>
            </h5>
            <h5
              class="c26"
            >
              <a
                class="c27"
                href="/docs/basics#styling-any-component"
              >
                Styling any component
              </a>
            </h5>
            <h5
              class="c26"
            >
              <a
                class="c27"
                href="/docs/basics#passed-props"
              >
                Passed props
              </a>
            </h5>
            <h5
              class="c26"
            >
              <a
                class="c27"
                href="/docs/basics#coming-from-css"
              >
                Coming from CSS
              </a>
            </h5>
            <h5
              class="c26"
            >
              <a
                class="c27"
                href="/docs/basics#attaching-additional-props"
              >
                Attaching additional props
              </a>
            </h5>
            <h5
              class="c26"
            >
              <a
                class="c27"
                href="/docs/basics#animations"
              >
                Animations
              </a>
            </h5>
            <h5
              class="c26"
            >
              <a
                class="c27"
                href="/docs/basics#react-native"
              >
                React Native
              </a>
            </h5>
          </div>
          <div
            class="c24"
          >
            <h4
              class="c25"
            >
              Advanced
            </h4>
            <h5
              class="c26"
            >
              <a
                class="c27"
                href="/docs/advanced#theming"
              >
                Theming
              </a>
            </h5>
            <h5
              class="c26"
            >
              <a
                class="c27"
                href="/docs/advanced#refs"
              >
                Refs
              </a>
            </h5>
            <h5
              class="c26"
            >
              <a
                class="c27"
                href="/docs/advanced#security"
              >
                Security
              </a>
            </h5>
            <h5
              class="c26"
            >
              <a
                class="c27"
                href="/docs/advanced#existing-css"
              >
                Existing CSS
              </a>
            </h5>
            <h5
              class="c26"
            >
              <a
                class="c27"
                href="/docs/advanced#tagged-template-literals"
              >
                Tagged Template Literals
              </a>
            </h5>
            <h5
              class="c26"
            >
              <a
                class="c27"
                href="/docs/advanced#server-side-rendering"
              >
                Server Side Rendering
              </a>
            </h5>
            <h5
              class="c26"
            >
              <a
                class="c27"
                href="/docs/advanced#referring-to-other-components"
              >
                Referring to other components
              </a>
            </h5>
            <h5
              class="c26"
            >
              <a
                class="c27"
                href="/docs/advanced#style-objects"
              >
                Style Objects
              </a>
            </h5>
          </div>
          <div
            class="c24"
          >
            <h4
              class="c25"
            >
              API Reference
            </h4>
            <h5
              class="c26"
            >
              <a
                class="c27"
                href="/docs/api#primary"
              >
                Primary
              </a>
            </h5>
            <h5
              class="c26"
            >
              <a
                class="c27"
                href="/docs/api#helpers"
              >
                Helpers
              </a>
            </h5>
            <h5
              class="c26"
            >
              <a
                class="c27"
                href="/docs/api#test-utilities"
              >
                Test Utilities
              </a>
            </h5>
            <h5
              class="c26"
            >
              <a
                class="c27"
                href="/docs/api#supported-css"
              >
                Supported CSS
              </a>
            </h5>
            <h5
              class="c26"
            >
              <a
                class="c27"
                href="/docs/api#typescript"
              >
                TypeScript
              </a>
            </h5>
            <h5
              class="c26"
            >
              <a
                class="c27"
                href="/docs/api#previous-apis"
              >
                Previous APIs
              </a>
            </h5>
          </div>
          <div
            class="c24"
          >
            <h4
              class="c25"
            >
              Tooling
            </h4>
            <h5
              class="c26"
            >
              <a
                class="c27"
                href="/docs/tooling#babel-plugin"
              >
                Babel Plugin
              </a>
            </h5>
            <h5
              class="c26"
            >
              <a
                class="c27"
                href="/docs/tooling#swc-plugin"
              >
                SWC Plugin
              </a>
            </h5>
            <h5
              class="c26"
            >
              <a
                class="c27"
                href="/docs/tooling#typescript-plugin"
              >
                TypeScript Plugin
              </a>
            </h5>
            <h5
              class="c26"
            >
              <a
                class="c27"
                href="/docs/tooling#jest-integration"
              >
                Jest Integration
              </a>
            </h5>
            <h5
              class="c26"
            >
              <a
                class="c27"
                href="/docs/tooling#stylelint"
              >
                Stylelint
              </a>
            </h5>
            <h5
              class="c26"
            >
              <a
                class="c27"
                href="/docs/tooling#styled-theming"
              >
                Styled Theming
              </a>
            </h5>
            <h5
              class="c26"
            >
              <a
                class="c27"
                href="/docs/tooling#syntax-highlighting"
              >
                Syntax Highlighting
              </a>
            </h5>
          </div>
          <div
            class="c24"
          >
            <h4
              class="c25"
            >
              FAQs
            </h4>
            <h5
              class="c26"
            >
              <a
                class="c27"
                href="/docs/faqs#what-do-i-need-to-do-to-migrate-to-v6"
              >
                What do I need to do to migrate to v6?
              </a>
            </h5>
            <h5
              class="c26"
            >
              <a
                class="c27"
                href="/docs/faqs#what-do-i-need-to-do-to-migrate-to-v5"
              >
                What do I need to do to migrate to v5?
              </a>
            </h5>
            <h5
              class="c26"
            >
              <a
                class="c27"
                href="/docs/faqs#what-do-i-need-to-do-to-migrate-to-v4"
              >
                What do I need to do to migrate to v4?
              </a>
            </h5>
            <h5
              class="c26"
            >
              <a
                class="c27"
                href="/docs/faqs#can-i-nest-rules"
              >
                Can I nest rules?
              </a>
            </h5>
            <h5
              class="c26"
            >
              <a
                class="c27"
                href="/docs/faqs#can-i-use-css-frameworks"
              >
                Can I use css frameworks?
              </a>
            </h5>
            <h5
              class="c26"
            >
              <a
                class="c27"
                href="/docs/faqs#how-can-i-override-styles-with-higher-specificity"
              >
                How can I override styles with higher specificity?
              </a>
            </h5>
            <h5
              class="c26"
            >
              <a
                class="c27"
                href="/docs/faqs#how-can-i-override-inline-styles"
              >
                How can I override inline styles?
              </a>
            </h5>
            <h5
              class="c26"
            >
              <a
                class="c27"
                href="/docs/faqs#why-do-my-dom-nodes-have-two-classes"
              >
                Why do my DOM nodes have two classes?
              </a>
            </h5>
            <h5
              class="c26"
            >
              <a
                class="c27"
                href="/docs/faqs#when-to-use-attrs"
              >
                When to use attrs?
              </a>
            </h5>
            <h5
              class="c26"
            >
              <a
                class="c27"
                href="/docs/faqs#why-should-i-avoid-declaring-styled-components-in-the-render-method"
              >
                Why should I avoid declaring styled components in the render method?
              </a>
            </h5>
            <h5
              class="c26"
            >
              <a
                class="c27"
                href="/docs/faqs#i-am-a-library-author.-should-i-bundle-styled-components-with-my-library"
              >
                I am a library author. Should I bundle styled-components with my library?
              </a>
            </h5>
            <h5
              class="c26"
            >
              <a
                class="c27"
                href="/docs/faqs#why-am-i-getting-a-warning-about-several-instances-of-module-on-the-page"
              >
                Why am I getting a warning about several instances of module on the page?
              </a>
            </h5>
            <h5
              class="c26"
            >
              <a
                class="c27"
                href="/docs/faqs#why-am-i-getting-html-attribute-warnings"
              >
                Why am I getting HTML attribute warnings?
              </a>
            </h5>
            <h5
              class="c26"
            >
              <a
                class="c27"
                href="/docs/faqs#which-browsers-are-supported"
              >
                Which browsers are supported?
              </a>
            </h5>
            <h5
              class="c26"
            >
              <a
                class="c27"
                href="/docs/faqs#how-do-i-use-styled-components-with-create-react-app"
              >
                How do I use styled-components with create-react-app?
              </a>
            </h5>
            <h5
              class="c26"
            >
              <a
                class="c27"
                href="/docs/faqs#how-can-i-fix-issues-when-using-npm-link-or-yarn-link"
              >
                How can I fix issues when using npm link or yarn link?
              </a>
            </h5>
            <h5
              class="c26"
            >
              <a
                class="c27"
                href="/docs/faqs#how-do-i-fix-flickering-text-after-server-side-rendering"
              >
                How do I fix flickering text after server side rendering?
              </a>
            </h5>
            <h5
              class="c26"
            >
              <a
                class="c27"
                href="/docs/faqs#missing-declarations-for-styled-componentsnative"
              >
                Missing Declarations for styled-components/native?
              </a>
            </h5>
          </div>
        </div>
      </nav>
    </div>
    <div
      class="c28"
      data-e2e-id="content"
    >
      <div
        class="c29"
      >
        <h1
          class="c30"
        >
          Test
        </h1>
      </div>
    </div>
  </div>
</div>
`;
