// Jest Snapshot v1, https://goo.gl/fbAQLP

exports[`DocsLayout renders correctly 1`] = `
.c0 {
  padding-left: 16.666666666666668rem;
}

.c27 {
  box-sizing: border-box;
  font-family: "Karla",-apple-system,BlinkMacSystemFont,"Segoe UI",Helvetica,Arial,sans-serif,"Apple Color Emoji","Segoe UI Emoji","Segoe UI Symbol";
  margin: 0 auto;
  max-width: 120ch;
  padding: 5rem 3.3333333333333335rem 0 3.3333333333333335rem;
  transition: transform 150ms ease-out;
}

.c29 {
  text-align: left;
  width: 100%;
  color: rgb(66, 66, 66);
  font-size: 2.3333333333333335rem;
  font-weight: bold;
  font-family: "Karla",-apple-system,BlinkMacSystemFont,"Segoe UI",Helvetica,Arial,sans-serif,"Apple Color Emoji","Segoe UI Emoji","Segoe UI Symbol";
}

.c29 +h2 {
  margin-top: -0.5em;
}

.c25 {
  display: inline-block;
  color: inherit;
  cursor: pointer;
  padding: 0.1111111111111111rem 0.4444444444444444rem;
  margin: -0.1111111111111111rem -0.4444444444444444rem;
}

.c32 {
  color: rgb(33, 33, 33);
  cursor: pointer;
  text-decoration: underline;
}

.c32:hover {
  color: #ff5555;
}

.c32[data-white] {
  color: white!important;
}

.c7 {
  background-image: url(/nav-logo.png);
  background-position: center;
  background-size: contain;
  box-sizing: border-box;
  display: inline-block;
  height: 2.2222222222222223rem;
  width: 9.11111111111111rem;
  vertical-align: middle;
}

.c4 {
  background: none;
  outline: none;
  border: none;
  background: transparent;
  cursor: pointer;
  flex: 0 0 auto;
  height: 3.3333333333333335rem;
  padding: 0 0.5555555555555556rem;
  text-align: center;
  transition: all 200ms ease-in-out;
  vertical-align: middle;
}

.c4:hover {
  filter: brightness(0.85);
}

.c4:active {
  filter: brightness(1);
}

.c3+.c3 {
  padding-left: 0;
}

.c5 svg {
  display: inline-block;
}

.c5 svg path {
  fill: currentColor;
}

.c13 {
  flex: 0 0 auto;
  width: 0.2777777777777778rem;
  height: 0.2777777777777778rem;
  margin: 0 0.8333333333333334rem;
  border-radius: 50%;
  background: currentColor;
  opacity: 0.35;
}

.c11 {
  display: flex;
  align-items: center;
  flex: 0 0 auto;
  margin-right: 1.6666666666666667rem;
}

.c12 {
  flex: 0 0 auto;
  display: inline-block;
  line-height: 3.3333333333333335rem;
  transition: opacity 0.2s,transform 0.2s;
  cursor: pointer;
  letter-spacing: 0.022222222222222223rem;
  color: currentColor;
}

.c12:hover,
.c12:focus {
  opacity: 0.8;
}

.c12:active {
  transform: scale(0.95);
  opacity: 0.6;
}

.c2 {
  display: none;
}

.c10 {
  position: absolute;
  top: 3.3333333333333335rem;
  left: 0;
  right: 0;
  height: 0;
  -webkit-overflow-scrolling: touch;
  align-items: center;
  background: rgba(33, 33, 33, 0.9);
  backdrop-filter: blur(5px);
  color: #fff;
  display: flex;
  flex-wrap: nowrap;
  justify-content: center;
  overflow-x: overlay;
  overflow-y: hidden;
  padding: 0 1.1111111111111112rem;
  transition: height 0.1s;
  user-select: none;
}

.c6 {
  margin-right: auto;
  transform: translateY(-1px);
}

.c8 {
  transition: transform 0.2s;
}

.c9.c9 {
  width: 2rem;
  height: 2rem;
}

.c18 {
  display: flex;
  align-items: center;
  flex: 1 1 auto;
}

.c19 {
  display: flex;
  margin-right: 1.1111111111111112rem;
  line-height: 3.3333333333333335rem;
  transition: opacity 0.2s,transform 0.2s;
  cursor: pointer;
}

.c19:last-child {
  margin-right: 0;
}

.c19:hover,
.c19:focus {
  opacity: 0.8;
}

.c19:active {
  transform: scale(0.95);
  opacity: 0.6;
}

.c19 svg path {
  fill: currentColor;
}

.c20.c20 {
  width: NaNrem;
  height: 1rem;
}

.c1 {
  align-items: center;
  background-color: rgba(12, 13, 15, 0.7);
  backdrop-filter: blur(5px);
  -webkit-backdrop-filter: blur(5px);
  box-sizing: border-box;
  color: white;
  display: flex;
  flex-wrap: wrap;
  font-family: "Karla",-apple-system,BlinkMacSystemFont,"Segoe UI",Helvetica,Arial,sans-serif,"Apple Color Emoji","Segoe UI Emoji","Segoe UI Symbol";
  font-size: 0.8333333333333334rem;
  font-weight: 500;
  justify-content: center;
  height: 3.3333333333333335rem;
  left: 0;
  padding: 0;
  position: fixed;
  transition: background 300ms ease-out;
  width: 100%;
  z-index: 3;
}

.c15 {
  display: flex;
  align-items: center;
  justify-content: flex-start;
}

.c17 {
  display: flex;
  align-items: center;
  justify-content: flex-end;
}

.c14 {
  display: flex;
  align-items: center;
  padding: 0 1.1111111111111112rem;
  justify-content: space-between;
}

.c16 {
  display: inline-block;
  vertical-align: center;
  margin-right: 1.9444444444444444rem;
}

.c21 {
  position: fixed;
  transform: translateZ(0);
  display: block;
  z-index: 1;
  font-family: "Karla",-apple-system,BlinkMacSystemFont,"Segoe UI",Helvetica,Arial,sans-serif,"Apple Color Emoji","Segoe UI Emoji","Segoe UI Symbol";
  left: 0;
  top: 3.3333333333333335rem;
  bottom: 0;
  right: auto;
  width: 16.666666666666668rem;
  background: #efefef;
  box-sizing: border-box;
  color: inherit;
  overflow-y: auto;
  transition: transform 150ms ease-out;
}

.c22 {
  display: block;
  box-sizing: border-box;
  height: 100%;
  padding-top: 3.3333333333333335rem;
}

.c23 {
  margin-bottom: 1.1111111111111112rem;
}

.c24 {
  display: block;
  margin: 0.5555555555555556rem 2.2222222222222223rem;
}

.c26 {
  display: block;
  margin: 0.5555555555555556rem 2.2222222222222223rem 0.5555555555555556rem 3.0555555555555554rem;
  font-size: 0.9rem;
  font-weight: normal;
}

.c33 {
  clip: rect(0 0 0 0);
  clip-path: inset(50%);
  height: 1px;
  overflow: hidden;
  position: absolute;
  white-space: nowrap;
  width: 1px;
}

.c28 {
  display: flex;
  align-items: center;
  justify-content: space-between;
  gap: 1rem;
}

.c28 .c30 {
  flex-shrink: 0;
}

.c31 {
  width: 1.5em;
}

@media (max-width: 62.5em) {
  .c0 {
    padding-left: 0;
  }
}

@media (max-width: 62.5em) {
  .c27 {
    padding: 5.555555555555555rem 2rem 1.6666666666666667rem 2rem;
    transform: translateX(0);
  }
}

@media (min-width: 62.5em) {
  .c25 {
    border-radius: 0.16666666666666666rem;
  }

  .c25:hover {
    background: rgba(20, 20, 20, 0.1);
  }
}

@media (max-width: 62.5em) {
  .c2 {
    align-items: center;
    display: flex;
    flex-grow: 1;
    height: 3.3333333333333335rem;
    justify-content: space-between;
    margin-left: 16px;
  }

  .c2 >.c3 {
    margin-left: -8px;
  }
}

@media (max-width: 62.5em) {

}

@media (max-width: 62.5em) {
  .c21 {
    transform: translateX(-16.666666666666668rem);
  }
}

<DocsLayout>
  <styled.div>
    <div
      className="c0"
    >
      <SeoHead
        description=""
        title="styled-components"
      >
        <Head>
          <SideEffect
            headManager={
              {
                "_pendingUpdate": null,
              }
            }
            inAmpMode={false}
            reduceComponentsToState={[Function]}
          />
        </Head>
      </SeoHead>
      <Nav
        isMobileNavFolded={true}
        isSideFolded={true}
        onMobileNavToggle={[Function]}
        onSideToggle={[Function]}
        useDocsSidebarMenu={true}
      >
        <div>
          <Navbar
            isMobileNavFolded={true}
            isSideFolded={true}
            onMobileNavToggle={[Function]}
            onSideToggle={[Function]}
          >
            <styled.nav>
              <nav
                className="c1"
              >
                <MobileNavbar
                  isMobileNavFolded={true}
                  isSideFolded={true}
                  onMobileNavToggle={[Function]}
                  onSideToggle={[Function]}
                >
                  <styled.div>
                    <div
                      className="c2"
                    >
                      <styled.button
                        onClick={[Function]}
                      >
                        <button
                          className="c3 c4"
                          onClick={[Function]}
                        >
                          <FoldIcon>
                            <styled.svg
                              height="14"
                              width="17"
                              xmlns="http://www.w3.org/2000/svg"
                              xmlnsXlink="http://www.w3.org/1999/xlink"
                            >
                              <svg
                                className="c5"
                                height="14"
                                width="17"
                                xmlns="http://www.w3.org/2000/svg"
                                xmlnsXlink="http://www.w3.org/1999/xlink"
                              >
                                <title>
                                  fold
                                </title>
                                <use
                                  fill="#FFF"
                                  transform="translate(0 1)"
                                  xlinkHref="#fold"
                                />
                                <defs>
                                  <path
                                    d="M0 1h17v-2H0v2zm17 4H0v2h17V5zM0 13h17v-2H0v2z"
                                    id="fold"
                                  />
                                </defs>
                              </svg>
                            </styled.svg>
                          </FoldIcon>
                        </button>
                      </styled.button>
                      <Styled(Link)>
                        <Link
                          aria-label="styled components"
                          className="c6"
                          href="/"
                          unstyled={true}
                        >
                          <Link
                            href="/"
                            passHref={true}
                          >
                            <a
                              aria-label="styled components"
                              className="c6"
                            >
                              <styled.div>
                                <div
                                  className="c7"
                                />
                              </styled.div>
                            </a>
                          </Link>
                        </Link>
                      </Styled(Link)>
                      <styled.button
                        onClick={[Function]}
                        style={
                          {
                            "position": "absolute",
                            "right": 0,
                          }
                        }
                      >
                        <button
                          className="c3 c4"
                          onClick={[Function]}
                          style={
                            {
                              "position": "absolute",
                              "right": 0,
                            }
                          }
                        >
                          <styled.div
                            $shouldRotate={false}
                          >
                            <div
                              className="c8"
                            >
                              <styled.div
                                $size={36}
                              >
                                <div
                                  className="c9"
                                />
                              </styled.div>
                            </div>
                          </styled.div>
                        </button>
                      </styled.button>
                      <styled.div
                        $isOpen={false}
                      >
                        <div
                          className="c10"
                        >
                          <NavLinks>
                            <styled.nav>
                              <nav
                                className="c11"
                              >
                                <Styled(Link)
                                  href="/docs"
                                >
                                  <Link
                                    className="c12"
                                    href="/docs"
                                    unstyled={true}
                                  >
                                    <Link
                                      href="/docs"
                                      passHref={true}
                                    >
                                      <a
                                        className="c12"
                                      >
                                        Documentation
                                      </a>
                                    </Link>
                                  </Link>
                                </Styled(Link)>
                                <styled.span>
                                  <span
                                    className="c13"
                                  />
                                </styled.span>
                                <Styled(Link)
                                  href="/showcase"
                                >
                                  <Link
                                    className="c12"
                                    href="/showcase"
                                    unstyled={true}
                                  >
                                    <Link
                                      href="/showcase"
                                      passHref={true}
                                    >
                                      <a
                                        className="c12"
                                      >
                                        Showcase
                                      </a>
                                    </Link>
                                  </Link>
                                </Styled(Link)>
                                <styled.span>
                                  <span
                                    className="c13"
                                  />
                                </styled.span>
                                <Styled(Link)
                                  href="/ecosystem"
                                >
                                  <Link
                                    className="c12"
                                    href="/ecosystem"
                                    unstyled={true}
                                  >
                                    <Link
                                      href="/ecosystem"
                                      passHref={true}
                                    >
                                      <a
                                        className="c12"
                                      >
                                        Ecosystem
                                      </a>
                                    </Link>
                                  </Link>
                                </Styled(Link)>
                                <styled.span>
                                  <span
                                    className="c13"
                                  />
                                </styled.span>
                                <Styled(Link)
                                  href="/releases"
                                >
                                  <Link
                                    className="c12"
                                    href="/releases"
                                    unstyled={true}
                                  >
                                    <Link
                                      href="/releases"
                                      passHref={true}
                                    >
                                      <a
                                        className="c12"
                                      >
                                        Releases
                                      </a>
                                    </Link>
                                  </Link>
                                </Styled(Link)>
                              </nav>
                            </styled.nav>
                          </NavLinks>
                        </div>
                      </styled.div>
                    </div>
                  </styled.div>
                </MobileNavbar>
                <styled.div>
                  <div
                    className="c14"
                  >
                    <styled.div>
                      <div
                        className="c15"
                      >
                        <Styled(Link)
                          aria-label="Styled-components logo"
                        >
                          <Link
                            aria-label="Styled-components logo"
                            className="c16"
                            href="/"
                            unstyled={true}
                          >
                            <Link
                              href="/"
                              passHref={true}
                            >
                              <a
                                aria-label="Styled-components logo"
                                className="c16"
                              >
                                <styled.div>
                                  <div
                                    className="c7"
                                  />
                                </styled.div>
                              </a>
                            </Link>
                          </Link>
                        </Styled(Link)>
                        <NavLinks>
                          <styled.nav>
                            <nav
                              className="c11"
                            >
                              <Styled(Link)
                                href="/docs"
                              >
                                <Link
                                  className="c12"
                                  href="/docs"
                                  unstyled={true}
                                >
                                  <Link
                                    href="/docs"
                                    passHref={true}
                                  >
                                    <a
                                      className="c12"
                                    >
                                      Documentation
                                    </a>
                                  </Link>
                                </Link>
                              </Styled(Link)>
                              <styled.span>
                                <span
                                  className="c13"
                                />
                              </styled.span>
                              <Styled(Link)
                                href="/showcase"
                              >
                                <Link
                                  className="c12"
                                  href="/showcase"
                                  unstyled={true}
                                >
                                  <Link
                                    href="/showcase"
                                    passHref={true}
                                  >
                                    <a
                                      className="c12"
                                    >
                                      Showcase
                                    </a>
                                  </Link>
                                </Link>
                              </Styled(Link)>
                              <styled.span>
                                <span
                                  className="c13"
                                />
                              </styled.span>
                              <Styled(Link)
                                href="/ecosystem"
                              >
                                <Link
                                  className="c12"
                                  href="/ecosystem"
                                  unstyled={true}
                                >
                                  <Link
                                    href="/ecosystem"
                                    passHref={true}
                                  >
                                    <a
                                      className="c12"
                                    >
                                      Ecosystem
                                    </a>
                                  </Link>
                                </Link>
                              </Styled(Link)>
                              <styled.span>
                                <span
                                  className="c13"
                                />
                              </styled.span>
                              <Styled(Link)
                                href="/releases"
                              >
                                <Link
                                  className="c12"
                                  href="/releases"
                                  unstyled={true}
                                >
                                  <Link
                                    href="/releases"
                                    passHref={true}
                                  >
                                    <a
                                      className="c12"
                                    >
                                      Releases
                                    </a>
                                  </Link>
                                </Link>
                              </Styled(Link)>
                            </nav>
                          </styled.nav>
                        </NavLinks>
                      </div>
                    </styled.div>
                  </div>
                </styled.div>
                <styled.div
                  css={
                    [
                      "
          margin-left: auto;
          margin-right: 16px;

          ",
                      "
  @media (max-width: ",
                      "62.5",
                      "em) {
    ",
                      "
            margin-right: 48px;
          ",
                      ";
  }
",
                      "
        ",
                    ]
                  }
                >
                  <div
                    className="c17"
                    css={
                      [
                        "
          margin-left: auto;
          margin-right: 16px;

          ",
                        "
  @media (max-width: ",
                        "62.5",
                        "em) {
    ",
                        "
            margin-right: 48px;
          ",
                        ";
  }
",
                        "
        ",
                      ]
                    }
                  >
                    <AlgoliaSearch>
                      <div
                        id="docs-search-input"
                      />
                    </AlgoliaSearch>
                    <Styled(Social)
                      style={
                        {
                          "marginLeft": 16,
                        }
                      }
                    >
                      <Social
                        className=""
                        style={
                          {
                            "marginLeft": 16,
                          }
                        }
                      >
                        <styled.nav
                          className=""
                          style={
                            {
                              "marginLeft": 16,
                            }
                          }
                        >
                          <nav
                            className="c18 "
                            style={
                              {
                                "marginLeft": 16,
                              }
                            }
                          >
                            <Styled(Link)
                              href="https://github.com/styled-components"
                              target="_blank"
                              title="GitHub: Source code"
                            >
                              <Link
                                className="c19"
                                href="https://github.com/styled-components"
                                target="_blank"
                                title="GitHub: Source code"
                                unstyled={true}
                              >
                                <Link
                                  href="https://github.com/styled-components"
                                  passHref={true}
                                >
                                  <a
                                    className="c19"
                                    target="_blank"
                                    title="GitHub: Source code"
                                  >
                                    <styled.div
                                      $height={18}
                                      as={[Function]}
                                    >
                                      <DummyIcon
                                        className="c20"
                                      >
                                        <svg
                                          className="c20"
                                        />
                                      </DummyIcon>
                                    </styled.div>
                                  </a>
                                </Link>
                              </Link>
                            </Styled(Link)>
                            <Styled(Link)
                              href="https://medium.com/styled-components"
                              target="_blank"
                              title="Medium: Announcements, blog posts, and more"
                            >
                              <Link
                                className="c19"
                                href="https://medium.com/styled-components"
                                target="_blank"
                                title="Medium: Announcements, blog posts, and more"
                                unstyled={true}
                              >
                                <Link
                                  href="https://medium.com/styled-components"
                                  passHref={true}
                                >
                                  <a
                                    className="c19"
                                    target="_blank"
                                    title="Medium: Announcements, blog posts, and more"
                                  >
                                    <styled.div
                                      $height={18}
                                      as={[Function]}
                                    >
                                      <DummyIcon
                                        className="c20"
                                      >
                                        <svg
                                          className="c20"
                                        />
                                      </DummyIcon>
                                    </styled.div>
                                  </a>
                                </Link>
                              </Link>
                            </Styled(Link)>
                          </nav>
                        </styled.nav>
                      </Social>
                    </Styled(Social)>
                  </div>
                </styled.div>
              </nav>
            </styled.nav>
          </Navbar>
          <CaptureScroll
            $isFolded={true}
          >
            <styled.nav
              $isFolded={true}
            >
              <nav
                className="c21"
              >
                <DocsSidebarMenu>
                  <styled.div>
                    <div
                      className="c22"
                    >
                      <styled.div>
                        <div
                          className="c23"
                        >
                          <styled.h4>
                            <h4
                              className="c24"
                            >
                              <Link
                                href="/docs/basics"
                              >
                                <Link
                                  href="/docs/basics"
                                  passHref={true}
                                >
                                  <styled.a>
                                    <a
                                      className="c25"
                                    >
                                      Basics
                                    </a>
                                  </styled.a>
                                </Link>
                              </Link>
                            </h4>
                          </styled.h4>
                          <styled.h5
                            key="Motivation"
                          >
                            <h5
                              className="c26"
                            >
                              <styled.a
                                href="/docs/basics#motivation"
                              >
                                <a
                                  className="c25"
                                  href="/docs/basics#motivation"
                                >
                                  Motivation
                                </a>
                              </styled.a>
                            </h5>
                          </styled.h5>
                          <styled.h5
                            key="Installation"
                          >
                            <h5
                              className="c26"
                            >
                              <styled.a
                                href="/docs/basics#installation"
                              >
                                <a
                                  className="c25"
                                  href="/docs/basics#installation"
                                >
                                  Installation
                                </a>
                              </styled.a>
                            </h5>
                          </styled.h5>
                          <styled.h5
                            key="Getting Started"
                          >
                            <h5
                              className="c26"
                            >
                              <styled.a
                                href="/docs/basics#getting-started"
                              >
                                <a
                                  className="c25"
                                  href="/docs/basics#getting-started"
                                >
                                  Getting Started
                                </a>
                              </styled.a>
                            </h5>
                          </styled.h5>
                          <styled.h5
                            key="Adapting based on props"
                          >
                            <h5
                              className="c26"
                            >
                              <styled.a
                                href="/docs/basics#adapting-based-on-props"
                              >
                                <a
                                  className="c25"
                                  href="/docs/basics#adapting-based-on-props"
                                >
                                  Adapting based on props
                                </a>
                              </styled.a>
                            </h5>
                          </styled.h5>
                          <styled.h5
                            key="Extending styles"
                          >
                            <h5
                              className="c26"
                            >
                              <styled.a
                                href="/docs/basics#extending-styles"
                              >
                                <a
                                  className="c25"
                                  href="/docs/basics#extending-styles"
                                >
                                  Extending styles
                                </a>
                              </styled.a>
                            </h5>
                          </styled.h5>
                          <styled.h5
                            key="Styling any component"
                          >
                            <h5
                              className="c26"
                            >
                              <styled.a
                                href="/docs/basics#styling-any-component"
                              >
                                <a
                                  className="c25"
                                  href="/docs/basics#styling-any-component"
                                >
                                  Styling any component
                                </a>
                              </styled.a>
                            </h5>
                          </styled.h5>
                          <styled.h5
                            key="Passed props"
                          >
                            <h5
                              className="c26"
                            >
                              <styled.a
                                href="/docs/basics#passed-props"
                              >
                                <a
                                  className="c25"
                                  href="/docs/basics#passed-props"
                                >
                                  Passed props
                                </a>
                              </styled.a>
                            </h5>
                          </styled.h5>
                          <styled.h5
                            key="Coming from CSS"
                          >
                            <h5
                              className="c26"
                            >
                              <styled.a
                                href="/docs/basics#coming-from-css"
                              >
                                <a
                                  className="c25"
                                  href="/docs/basics#coming-from-css"
                                >
                                  Coming from CSS
                                </a>
                              </styled.a>
                            </h5>
                          </styled.h5>
                          <styled.h5
                            key="Attaching additional props"
                          >
                            <h5
                              className="c26"
                            >
                              <styled.a
                                href="/docs/basics#attaching-additional-props"
                              >
                                <a
                                  className="c25"
                                  href="/docs/basics#attaching-additional-props"
                                >
                                  Attaching additional props
                                </a>
                              </styled.a>
                            </h5>
                          </styled.h5>
                          <styled.h5
                            key="Animations"
                          >
                            <h5
                              className="c26"
                            >
                              <styled.a
                                href="/docs/basics#animations"
                              >
                                <a
                                  className="c25"
                                  href="/docs/basics#animations"
                                >
                                  Animations
                                </a>
                              </styled.a>
                            </h5>
                          </styled.h5>
                          <styled.h5
                            key="React Native"
                          >
                            <h5
                              className="c26"
                            >
                              <styled.a
                                href="/docs/basics#react-native"
                              >
                                <a
                                  className="c25"
                                  href="/docs/basics#react-native"
                                >
                                  React Native
                                </a>
                              </styled.a>
                            </h5>
                          </styled.h5>
                        </div>
                      </styled.div>
                      <styled.div>
                        <div
                          className="c23"
                        >
                          <styled.h4>
                            <h4
                              className="c24"
                            >
                              <Link
                                href="/docs/advanced"
                              >
                                <Link
                                  href="/docs/advanced"
                                  passHref={true}
                                >
                                  <styled.a>
                                    <a
                                      className="c25"
                                    >
                                      Advanced
                                    </a>
                                  </styled.a>
                                </Link>
                              </Link>
                            </h4>
                          </styled.h4>
                          <styled.h5
                            key="Theming"
                          >
                            <h5
                              className="c26"
                            >
                              <styled.a
                                href="/docs/advanced#theming"
                              >
                                <a
                                  className="c25"
                                  href="/docs/advanced#theming"
                                >
                                  Theming
                                </a>
                              </styled.a>
                            </h5>
                          </styled.h5>
                          <styled.h5
                            key="Refs"
                          >
                            <h5
                              className="c26"
                            >
                              <styled.a
                                href="/docs/advanced#refs"
                              >
                                <a
                                  className="c25"
                                  href="/docs/advanced#refs"
                                >
                                  Refs
                                </a>
                              </styled.a>
                            </h5>
                          </styled.h5>
                          <styled.h5
                            key="Security"
                          >
                            <h5
                              className="c26"
                            >
                              <styled.a
                                href="/docs/advanced#security"
                              >
                                <a
                                  className="c25"
                                  href="/docs/advanced#security"
                                >
                                  Security
                                </a>
                              </styled.a>
                            </h5>
                          </styled.h5>
                          <styled.h5
                            key="Existing CSS"
                          >
                            <h5
                              className="c26"
                            >
                              <styled.a
                                href="/docs/advanced#existing-css"
                              >
                                <a
                                  className="c25"
                                  href="/docs/advanced#existing-css"
                                >
                                  Existing CSS
                                </a>
                              </styled.a>
                            </h5>
                          </styled.h5>
                          <styled.h5
                            key="Tagged Template Literals"
                          >
                            <h5
                              className="c26"
                            >
                              <styled.a
                                href="/docs/advanced#tagged-template-literals"
                              >
                                <a
                                  className="c25"
                                  href="/docs/advanced#tagged-template-literals"
                                >
                                  Tagged Template Literals
                                </a>
                              </styled.a>
                            </h5>
                          </styled.h5>
                          <styled.h5
                            key="Server Side Rendering"
                          >
                            <h5
                              className="c26"
                            >
                              <styled.a
                                href="/docs/advanced#server-side-rendering"
                              >
                                <a
                                  className="c25"
                                  href="/docs/advanced#server-side-rendering"
                                >
                                  Server Side Rendering
                                </a>
                              </styled.a>
                            </h5>
                          </styled.h5>
                          <styled.h5
                            key="Referring to other components"
                          >
                            <h5
                              className="c26"
                            >
                              <styled.a
                                href="/docs/advanced#referring-to-other-components"
                              >
                                <a
                                  className="c25"
                                  href="/docs/advanced#referring-to-other-components"
                                >
                                  Referring to other components
                                </a>
                              </styled.a>
                            </h5>
                          </styled.h5>
                          <styled.h5
                            key="Style Objects"
                          >
                            <h5
                              className="c26"
                            >
                              <styled.a
                                href="/docs/advanced#style-objects"
                              >
                                <a
                                  className="c25"
                                  href="/docs/advanced#style-objects"
                                >
                                  Style Objects
                                </a>
                              </styled.a>
                            </h5>
                          </styled.h5>
                        </div>
                      </styled.div>
                      <styled.div>
                        <div
                          className="c23"
                        >
                          <styled.h4>
                            <h4
                              className="c24"
                            >
                              <Link
                                href="/docs/api"
                              >
                                <Link
                                  href="/docs/api"
                                  passHref={true}
                                >
                                  <styled.a>
                                    <a
                                      className="c25"
                                    >
                                      API Reference
                                    </a>
                                  </styled.a>
                                </Link>
                              </Link>
                            </h4>
                          </styled.h4>
                          <styled.h5
                            key="Primary"
                          >
                            <h5
                              className="c26"
                            >
                              <styled.a
                                href="/docs/api#primary"
                              >
                                <a
                                  className="c25"
                                  href="/docs/api#primary"
                                >
                                  Primary
                                </a>
                              </styled.a>
                            </h5>
                          </styled.h5>
                          <styled.h5
                            key="Helpers"
                          >
                            <h5
                              className="c26"
                            >
                              <styled.a
                                href="/docs/api#helpers"
                              >
                                <a
                                  className="c25"
                                  href="/docs/api#helpers"
                                >
                                  Helpers
                                </a>
                              </styled.a>
                            </h5>
                          </styled.h5>
                          <styled.h5
                            key="Test Utilities"
                          >
                            <h5
                              className="c26"
                            >
                              <styled.a
                                href="/docs/api#test-utilities"
                              >
                                <a
                                  className="c25"
                                  href="/docs/api#test-utilities"
                                >
                                  Test Utilities
                                </a>
                              </styled.a>
                            </h5>
                          </styled.h5>
                          <styled.h5
                            key="Supported CSS"
                          >
                            <h5
                              className="c26"
                            >
                              <styled.a
                                href="/docs/api#supported-css"
                              >
                                <a
                                  className="c25"
                                  href="/docs/api#supported-css"
                                >
                                  Supported CSS
                                </a>
                              </styled.a>
                            </h5>
                          </styled.h5>
                          <styled.h5
                            key="TypeScript"
                          >
                            <h5
                              className="c26"
                            >
                              <styled.a
                                href="/docs/api#typescript"
                              >
                                <a
                                  className="c25"
                                  href="/docs/api#typescript"
                                >
                                  TypeScript
                                </a>
                              </styled.a>
                            </h5>
                          </styled.h5>
                          <styled.h5
                            key="Previous APIs"
                          >
                            <h5
                              className="c26"
                            >
                              <styled.a
                                href="/docs/api#previous-apis"
                              >
                                <a
                                  className="c25"
                                  href="/docs/api#previous-apis"
                                >
                                  Previous APIs
                                </a>
                              </styled.a>
                            </h5>
                          </styled.h5>
                        </div>
                      </styled.div>
                      <styled.div>
                        <div
                          className="c23"
                        >
                          <styled.h4>
                            <h4
                              className="c24"
                            >
                              <Link
                                href="/docs/tooling"
                              >
                                <Link
                                  href="/docs/tooling"
                                  passHref={true}
                                >
                                  <styled.a>
                                    <a
                                      className="c25"
                                    >
                                      Tooling
                                    </a>
                                  </styled.a>
                                </Link>
                              </Link>
                            </h4>
                          </styled.h4>
                          <styled.h5
                            key="Babel Plugin"
                          >
                            <h5
                              className="c26"
                            >
                              <styled.a
                                href="/docs/tooling#babel-plugin"
                              >
                                <a
                                  className="c25"
                                  href="/docs/tooling#babel-plugin"
                                >
                                  Babel Plugin
                                </a>
                              </styled.a>
                            </h5>
                          </styled.h5>
                          <styled.h5
                            key="SWC Plugin"
                          >
                            <h5
                              className="c26"
                            >
                              <styled.a
                                href="/docs/tooling#swc-plugin"
                              >
                                <a
                                  className="c25"
                                  href="/docs/tooling#swc-plugin"
                                >
                                  SWC Plugin
                                </a>
                              </styled.a>
                            </h5>
                          </styled.h5>
                          <styled.h5
                            key="Babel Macro"
                          >
                            <h5
                              className="c26"
                            >
                              <styled.a
                                href="/docs/tooling#babel-macro"
                              >
                                <a
                                  className="c25"
                                  href="/docs/tooling#babel-macro"
                                >
                                  Babel Macro
                                </a>
                              </styled.a>
                            </h5>
                          </styled.h5>
                          <styled.h5
                            key="TypeScript Plugin"
                          >
                            <h5
                              className="c26"
                            >
                              <styled.a
                                href="/docs/tooling#typescript-plugin"
                              >
                                <a
                                  className="c25"
                                  href="/docs/tooling#typescript-plugin"
                                >
                                  TypeScript Plugin
                                </a>
                              </styled.a>
                            </h5>
                          </styled.h5>
                          <styled.h5
                            key="Jest Integration"
                          >
                            <h5
                              className="c26"
                            >
                              <styled.a
                                href="/docs/tooling#jest-integration"
                              >
                                <a
                                  className="c25"
                                  href="/docs/tooling#jest-integration"
                                >
                                  Jest Integration
                                </a>
                              </styled.a>
                            </h5>
                          </styled.h5>
                          <styled.h5
                            key="Stylelint"
                          >
                            <h5
                              className="c26"
                            >
                              <styled.a
                                href="/docs/tooling#stylelint"
                              >
                                <a
                                  className="c25"
                                  href="/docs/tooling#stylelint"
                                >
                                  Stylelint
                                </a>
                              </styled.a>
                            </h5>
                          </styled.h5>
                          <styled.h5
                            key="Styled Theming"
                          >
                            <h5
                              className="c26"
                            >
                              <styled.a
                                href="/docs/tooling#styled-theming"
                              >
                                <a
                                  className="c25"
                                  href="/docs/tooling#styled-theming"
                                >
                                  Styled Theming
                                </a>
                              </styled.a>
                            </h5>
                          </styled.h5>
                          <styled.h5
                            key="Syntax Highlighting"
                          >
                            <h5
                              className="c26"
                            >
                              <styled.a
                                href="/docs/tooling#syntax-highlighting"
                              >
                                <a
                                  className="c25"
                                  href="/docs/tooling#syntax-highlighting"
                                >
                                  Syntax Highlighting
                                </a>
                              </styled.a>
                            </h5>
                          </styled.h5>
                        </div>
                      </styled.div>
                      <styled.div>
                        <div
                          className="c23"
                        >
                          <styled.h4>
                            <h4
                              className="c24"
                            >
                              <Link
                                href="/docs/faqs"
                              >
                                <Link
                                  href="/docs/faqs"
                                  passHref={true}
                                >
                                  <styled.a>
                                    <a
                                      className="c25"
                                    >
                                      FAQs
                                    </a>
                                  </styled.a>
                                </Link>
                              </Link>
                            </h4>
                          </styled.h4>
                          <styled.h5
                            key="What do I need to do to migrate to v6?"
                          >
                            <h5
                              className="c26"
                            >
                              <styled.a
                                href="/docs/faqs#what-do-i-need-to-do-to-migrate-to-v6"
                              >
                                <a
                                  className="c25"
                                  href="/docs/faqs#what-do-i-need-to-do-to-migrate-to-v6"
                                >
                                  What do I need to do to migrate to v6?
                                </a>
                              </styled.a>
                            </h5>
                          </styled.h5>
                          <styled.h5
                            key="What do I need to do to migrate to v5?"
                          >
                            <h5
                              className="c26"
                            >
                              <styled.a
                                href="/docs/faqs#what-do-i-need-to-do-to-migrate-to-v5"
                              >
                                <a
                                  className="c25"
                                  href="/docs/faqs#what-do-i-need-to-do-to-migrate-to-v5"
                                >
                                  What do I need to do to migrate to v5?
                                </a>
                              </styled.a>
                            </h5>
                          </styled.h5>
                          <styled.h5
                            key="What do I need to do to migrate to v4?"
                          >
                            <h5
                              className="c26"
                            >
                              <styled.a
                                href="/docs/faqs#what-do-i-need-to-do-to-migrate-to-v4"
                              >
                                <a
                                  className="c25"
                                  href="/docs/faqs#what-do-i-need-to-do-to-migrate-to-v4"
                                >
                                  What do I need to do to migrate to v4?
                                </a>
                              </styled.a>
                            </h5>
                          </styled.h5>
                          <styled.h5
                            key="Can I nest rules?"
                          >
                            <h5
                              className="c26"
                            >
                              <styled.a
                                href="/docs/faqs#can-i-nest-rules"
                              >
                                <a
                                  className="c25"
                                  href="/docs/faqs#can-i-nest-rules"
                                >
                                  Can I nest rules?
                                </a>
                              </styled.a>
                            </h5>
                          </styled.h5>
                          <styled.h5
                            key="Can I use css frameworks?"
                          >
                            <h5
                              className="c26"
                            >
                              <styled.a
                                href="/docs/faqs#can-i-use-css-frameworks"
                              >
                                <a
                                  className="c25"
                                  href="/docs/faqs#can-i-use-css-frameworks"
                                >
                                  Can I use css frameworks?
                                </a>
                              </styled.a>
                            </h5>
                          </styled.h5>
                          <styled.h5
                            key="How can I override styles with higher specificity?"
                          >
                            <h5
                              className="c26"
                            >
                              <styled.a
                                href="/docs/faqs#how-can-i-override-styles-with-higher-specificity"
                              >
                                <a
                                  className="c25"
                                  href="/docs/faqs#how-can-i-override-styles-with-higher-specificity"
                                >
                                  How can I override styles with higher specificity?
                                </a>
                              </styled.a>
                            </h5>
                          </styled.h5>
                          <styled.h5
                            key="How can I override inline styles?"
                          >
                            <h5
                              className="c26"
                            >
                              <styled.a
                                href="/docs/faqs#how-can-i-override-inline-styles"
                              >
                                <a
                                  className="c25"
                                  href="/docs/faqs#how-can-i-override-inline-styles"
                                >
                                  How can I override inline styles?
                                </a>
                              </styled.a>
                            </h5>
                          </styled.h5>
                          <styled.h5
                            key="Why do my DOM nodes have two classes?"
                          >
                            <h5
                              className="c26"
                            >
                              <styled.a
                                href="/docs/faqs#why-do-my-dom-nodes-have-two-classes"
                              >
                                <a
                                  className="c25"
                                  href="/docs/faqs#why-do-my-dom-nodes-have-two-classes"
                                >
                                  Why do my DOM nodes have two classes?
                                </a>
                              </styled.a>
                            </h5>
                          </styled.h5>
                          <styled.h5
                            key="When to use attrs?"
                          >
                            <h5
                              className="c26"
                            >
                              <styled.a
                                href="/docs/faqs#when-to-use-attrs"
                              >
                                <a
                                  className="c25"
                                  href="/docs/faqs#when-to-use-attrs"
                                >
                                  When to use attrs?
                                </a>
                              </styled.a>
                            </h5>
                          </styled.h5>
                          <styled.h5
                            key="Why should I avoid declaring styled components in the render method?"
                          >
                            <h5
                              className="c26"
                            >
                              <styled.a
                                href="/docs/faqs#why-should-i-avoid-declaring-styled-components-in-the-render-method"
                              >
                                <a
                                  className="c25"
                                  href="/docs/faqs#why-should-i-avoid-declaring-styled-components-in-the-render-method"
                                >
                                  Why should I avoid declaring styled components in the render method?
                                </a>
                              </styled.a>
                            </h5>
                          </styled.h5>
                          <styled.h5
                            key="I am a library author. Should I bundle styled-components with my library?"
                          >
                            <h5
                              className="c26"
                            >
                              <styled.a
                                href="/docs/faqs#i-am-a-library-author.-should-i-bundle-styled-components-with-my-library"
                              >
                                <a
                                  className="c25"
                                  href="/docs/faqs#i-am-a-library-author.-should-i-bundle-styled-components-with-my-library"
                                >
                                  I am a library author. Should I bundle styled-components with my library?
                                </a>
                              </styled.a>
                            </h5>
                          </styled.h5>
                          <styled.h5
                            key="Why am I getting a warning about several instances of module on the page?"
                          >
                            <h5
                              className="c26"
                            >
                              <styled.a
                                href="/docs/faqs#why-am-i-getting-a-warning-about-several-instances-of-module-on-the-page"
                              >
                                <a
                                  className="c25"
                                  href="/docs/faqs#why-am-i-getting-a-warning-about-several-instances-of-module-on-the-page"
                                >
                                  Why am I getting a warning about several instances of module on the page?
                                </a>
                              </styled.a>
                            </h5>
                          </styled.h5>
                          <styled.h5
                            key="Why am I getting HTML attribute warnings?"
                          >
                            <h5
                              className="c26"
                            >
                              <styled.a
                                href="/docs/faqs#why-am-i-getting-html-attribute-warnings"
                              >
                                <a
                                  className="c25"
                                  href="/docs/faqs#why-am-i-getting-html-attribute-warnings"
                                >
                                  Why am I getting HTML attribute warnings?
                                </a>
                              </styled.a>
                            </h5>
                          </styled.h5>
                          <styled.h5
                            key="Which browsers are supported?"
                          >
                            <h5
                              className="c26"
                            >
                              <styled.a
                                href="/docs/faqs#which-browsers-are-supported"
                              >
                                <a
                                  className="c25"
                                  href="/docs/faqs#which-browsers-are-supported"
                                >
                                  Which browsers are supported?
                                </a>
                              </styled.a>
                            </h5>
                          </styled.h5>
                          <styled.h5
                            key="How do I use styled-components with create-react-app?"
                          >
                            <h5
                              className="c26"
                            >
                              <styled.a
                                href="/docs/faqs#how-do-i-use-styled-components-with-create-react-app"
                              >
                                <a
                                  className="c25"
                                  href="/docs/faqs#how-do-i-use-styled-components-with-create-react-app"
                                >
                                  How do I use styled-components with create-react-app?
                                </a>
                              </styled.a>
                            </h5>
                          </styled.h5>
                          <styled.h5
                            key="How can I fix issues when using npm link or yarn link?"
                          >
                            <h5
                              className="c26"
                            >
                              <styled.a
                                href="/docs/faqs#how-can-i-fix-issues-when-using-npm-link-or-yarn-link"
                              >
                                <a
                                  className="c25"
                                  href="/docs/faqs#how-can-i-fix-issues-when-using-npm-link-or-yarn-link"
                                >
                                  How can I fix issues when using npm link or yarn link?
                                </a>
                              </styled.a>
                            </h5>
                          </styled.h5>
                          <styled.h5
                            key="How do I fix flickering text after server side rendering?"
                          >
                            <h5
                              className="c26"
                            >
                              <styled.a
                                href="/docs/faqs#how-do-i-fix-flickering-text-after-server-side-rendering"
                              >
                                <a
                                  className="c25"
                                  href="/docs/faqs#how-do-i-fix-flickering-text-after-server-side-rendering"
                                >
                                  How do I fix flickering text after server side rendering?
                                </a>
                              </styled.a>
                            </h5>
                          </styled.h5>
                          <styled.h5
                            key="Missing Declarations for styled-components/native?"
                          >
                            <h5
                              className="c26"
                            >
                              <styled.a
                                href="/docs/faqs#missing-declarations-for-styled-componentsnative"
                              >
                                <a
                                  className="c25"
                                  href="/docs/faqs#missing-declarations-for-styled-componentsnative"
                                >
                                  Missing Declarations for styled-components/native?
                                </a>
                              </styled.a>
                            </h5>
                          </styled.h5>
                        </div>
                      </styled.div>
                    </div>
                  </styled.div>
                </DocsSidebarMenu>
              </nav>
            </styled.nav>
          </CaptureScroll>
        </div>
      </Nav>
      <styled.div
        $moveRight={false}
        data-e2e-id="content"
      >
        <div
          className="c27"
          data-e2e-id="content"
        >
          <styled.div>
            <div
              className="c28"
            >
              <styled.h1>
                <h1
                  className="c29"
                />
              </styled.h1>
              <Styled(Link)
                href="https://github.com/styled-components/styled-components/releases.atom"
                inline={true}
                target="_blank"
              >
                <Link
                  className="c30 c31"
                  href="https://github.com/styled-components/styled-components/releases.atom"
                  inline={true}
                  target="_blank"
                >
                  <Link
                    href="https://github.com/styled-components/styled-components/releases.atom"
                    passHref={true}
                  >
                    <styled.a
                      className="c30 c31"
                      target="_blank"
                    >
                      <a
                        className="c32 c30 c31"
                        rel="noopener"
                        target="_blank"
                      >
                        <DummyIcon>
                          <svg />
                        </DummyIcon>
                        <styled.div>
                          <div
                            className="c33"
                          >
                            RSS feed
                          </div>
                        </styled.div>
                      </a>
                    </styled.a>
                  </Link>
                </Link>
              </Styled(Link)>
            </div>
          </styled.div>
        </div>
      </styled.div>
    </div>
  </styled.div>
</DocsLayout>
`;
