// Jest Snapshot v1, https://goo.gl/fbAQLP

exports[`LiveEdit renders correctly 1`] = `
.c0 {
  display: flex;
  flex-direction: row;
  justify-content: stretch;
  align-items: stretch;
}

.c1 {
  flex-basis: 50%;
  width: 50%;
  max-width: 50%;
}

.c2 {
  border-radius: 3px;
  color: white;
  cursor: text;
  font-family: var(--font-mono),ui-monospace,SFMono-Regular,"SF Mono",Menlo,Consolas,"Liberation Mono",monospace;
  font-size: 0.8rem;
  font-weight: 300;
  line-height: 1.5;
  letter-spacing: normal;
  min-height: 22.22222222222222rem;
  overflow-x: hidden;
  overflow-y: auto!important;
  position: relative;
  white-space: pre-wrap;
  tab-size: 2;
}

.c2 pre,
.c2 textarea {
  font-family: var(--font-mono),ui-monospace,SFMono-Regular,"SF Mono",Menlo,Consolas,"Liberation Mono",monospace!important;
  font-size: inherit!important;
  font-variant-ligatures: none!important;
  line-height: inherit!important;
  letter-spacing: inherit!important;
  padding: 1.5em!important;
  margin: 0!important;
  border: 0!important;
  outline: 0!important;
  tab-size: 2;
  box-sizing: border-box!important;
}

.c2 .token-line {
  padding-left: 0!important;
  padding-right: 0!important;
}

.c3 {
  position: relative;
  padding: 0.5rem;
  background: white;
  color: black;
  height: auto;
  overflow: hidden;
  white-space: normal;
  flex-basis: 50%;
  width: 50%;
  max-width: 50%;
}

@media (max-width: 40.625em) {
  .c0 {
    flex-direction: column;
  }
}

@media (max-width: 40.625em) {
  .c1 {
    flex-basis: auto;
    width: 100%;
    max-width: 100%;
    height: auto;
  }
}

@media (max-width: 40.625em) {
  .c3 {
    flex-basis: auto;
    width: 100%;
    max-width: 100%;
    height: auto;
  }
}

<div>
  <div
    class="c0"
  >
    <code
      class="c1"
    >
      <div
        class="c2"
        style="position: relative; text-align: left; box-sizing: border-box; padding: 0.25em; overflow: hidden; background-color: rgb(39, 33, 46); color: rgb(255, 255, 255);"
      >
        <pre
          aria-hidden="true"
          style="margin: 0px; border: 0px; background: none; box-sizing: inherit; display: inherit; font-family: inherit; font-size: inherit; font-style: inherit; font-variant-ligatures: inherit; font-weight: inherit; letter-spacing: inherit; line-height: inherit; tab-size: inherit; text-indent: inherit; text-rendering: inherit; text-transform: inherit; white-space: pre-wrap; word-break: keep-all; overflow-wrap: break-word; position: relative; pointer-events: none; padding: 10px 10px 10px 10px;"
        >
          <span
            class="token-line"
            style="color: rgb(255, 255, 255); padding: 0.25em;"
          >
            <span
              class="token keyword"
              style="color: rgb(64, 180, 196);"
            >
              const
            </span>
            <span
              class="token plain"
            >
               test 
            </span>
            <span
              class="token operator"
              style="color: rgb(116, 223, 196);"
            >
              =
            </span>
            <span
              class="token plain"
            >
               
            </span>
            <span
              class="token string"
              style="color: rgb(180, 220, 231);"
            >
              'hello'
            </span>
            <span
              class="token punctuation"
              style="color: rgb(123, 105, 149);"
            >
              ;
            </span>
          </span>
          

        </pre>
        <textarea
          aria-label="Live code editor"
          autocapitalize="off"
          autocomplete="off"
          autocorrect="off"
          class="npm__react-simple-code-editor__textarea"
          data-gramm="false"
          spellcheck="false"
          style="margin: 0px; border: 0px; background: none; box-sizing: inherit; display: inherit; font-family: inherit; font-size: inherit; font-style: inherit; font-variant-ligatures: inherit; font-weight: inherit; letter-spacing: inherit; line-height: inherit; tab-size: inherit; text-indent: inherit; text-rendering: inherit; text-transform: inherit; white-space: pre-wrap; word-break: keep-all; overflow-wrap: break-word; position: absolute; top: 0px; left: 0px; height: 100%; width: 100%; resize: none; color: inherit; overflow: hidden; -webkit-font-smoothing: antialiased; -webkit-text-fill-color: transparent; padding: 10px 10px 10px 10px;"
        >
          const test = 'hello';
        </textarea>
        <style>
          
/**
 * Reset the text fill color so that placeholder is visible
 */
.npm__react-simple-code-editor__textarea:empty {
  -webkit-text-fill-color: inherit !important;
}

/**
 * Hack to apply on some CSS on IE10 and IE11
 */
@media all and (-ms-high-contrast: none), (-ms-high-contrast: active) {
  /**
    * IE doesn't support '-webkit-text-fill-color'
    * So we use 'color: transparent' to make the text transparent on IE
    * Unlike other browsers, it doesn't affect caret color in IE
    */
  .npm__react-simple-code-editor__textarea {
    color: transparent !important;
  }

  .npm__react-simple-code-editor__textarea::selection {
    background-color: #accef7 !important;
    color: transparent !important;
  }
}

        </style>
      </div>
    </code>
    <div
      class="c3 notranslate"
    />
  </div>
</div>
`;

exports[`StyledError renders correctly 1`] = `<div />`;
