// Jest Snapshot v1, https://goo.gl/fbAQLP

exports[`Table renders correctly 1`] = `
<table
  className="hconLb"
>
  <thead
    className="bewUub"
  >
    <tr>
      <th
        className="iWbHTP"
        title="head"
      >
        head
      </th>
    </tr>
  </thead>
  <tbody>
    <tr
      className="bJAkAC"
    >
      <th
        className="bRMlHx"
      />
    </tr>
  </tbody>
</table>
`;
