// Jest Snapshot v1, https://goo.gl/fbAQLP

exports[`Table renders correctly 1`] = `
.c0 {
  width: 100%;
  text-align: left;
  margin: 2.2222222222222223rem 0;
  border-collapse: separate;
  border-spacing: 0;
}

.c1 {
  font-family: var(--font-body),-apple-system,BlinkMacSystemFont,"Segoe UI",Helvetica,Arial,sans-serif,"Apple Color Emoji","Segoe UI Emoji","Segoe UI Symbol";
}

.c1 tr {
  border-bottom: 2px solid rgba(20, 20, 20, 0.1);
}

.c4:not(:last-child) {
  border-bottom: 1px solid rgba(20, 20, 20, 0.1);
}

.c2 {
  font-weight: normal;
  padding: 0.6666666666666666rem 0.8888888888888888rem;
  vertical-align: top;
}

.c2:first-child {
  padding-left: 0;
}

.c3 {
  text-transform: uppercase;
  font-size: 85%;
  font-weight: 600;
  opacity: 0.8;
  padding-bottom: 0.7777777777777778rem;
}

<div>
  <table
    class="c0"
  >
    <thead
      class="c1"
    >
      <tr>
        <th
          class="c2 c3"
        >
          head
        </th>
      </tr>
    </thead>
    <tbody>
      <tr
        class="c4"
      >
        <th
          class="c2"
        />
      </tr>
    </tbody>
  </table>
</div>
`;
